20:46:59 **** Clean-only build of configuration Debug for project str-miros-stm32f103 ****
make -j8 clean 
rm -rf ./Startup/startup_stm32f103c8tx.d ./Startup/startup_stm32f103c8tx.o
rm -rf ./Src/main.cyclo ./Src/main.d ./Src/main.o ./Src/main.su ./Src/miros.cyclo ./Src/miros.d ./Src/miros.o ./Src/miros.su ./Src/stm32f1xx_hal_msp.cyclo ./Src/stm32f1xx_hal_msp.d ./Src/stm32f1xx_hal_msp.o ./Src/stm32f1xx_hal_msp.su ./Src/stm32f1xx_it.cyclo ./Src/stm32f1xx_it.d ./Src/stm32f1xx_it.o ./Src/stm32f1xx_it.su ./Src/syscalls.cyclo ./Src/syscalls.d ./Src/syscalls.o ./Src/syscalls.su ./Src/sysmem.cyclo ./Src/sysmem.d ./Src/sysmem.o ./Src/sysmem.su ./Src/system_stm32f1xx.cyclo ./Src/system_stm32f1xx.d ./Src/system_stm32f1xx.o ./Src/system_stm32f1xx.su
rm -rf ./Drivers/STM32F1xx_HAL_Driver/Src/Legacy/stm32f1xx_hal_can.cyclo ./Drivers/STM32F1xx_HAL_Driver/Src/Legacy/stm32f1xx_hal_can.d ./Drivers/STM32F1xx_HAL_Driver/Src/Legacy/stm32f1xx_hal_can.o ./Drivers/STM32F1xx_HAL_Driver/Src/Legacy/stm32f1xx_hal_can.su
rm -rf ./Drivers/STM32F1xx_HAL_Driver/Src/stm32f1xx_hal.cyclo ./Drivers/STM32F1xx_HAL_Driver/Src/stm32f1xx_hal.d ./Drivers/STM32F1xx_HAL_Driver/Src/stm32f1xx_hal.o ./Drivers/STM32F1xx_HAL_Driver/Src/stm32f1xx_hal.su ./Drivers/STM32F1xx_HAL_Driver/Src/stm32f1xx_hal_adc.cyclo ./Drivers/STM32F1xx_HAL_Driver/Src/stm32f1xx_hal_adc.d ./Drivers/STM32F1xx_HAL_Driver/Src/stm32f1xx_hal_adc.o ./Drivers/STM32F1xx_HAL_Driver/Src/stm32f1xx_hal_adc.su ./Drivers/STM32F1xx_HAL_Driver/Src/stm32f1xx_hal_adc_ex.cyclo ./Drivers/STM32F1xx_HAL_Driver/Src/stm32f1xx_hal_adc_ex.d ./Drivers/STM32F1xx_HAL_Driver/Src/stm32f1xx_hal_adc_ex.o ./Drivers/STM32F1xx_HAL_Driver/Src/stm32f1xx_hal_adc_ex.su ./Drivers/STM32F1xx_HAL_Driver/Src/stm32f1xx_hal_can.cyclo ./Drivers/STM32F1xx_HAL_Driver/Src/stm32f1xx_hal_can.d ./Drivers/STM32F1xx_HAL_Driver/Src/stm32f1xx_hal_can.o ./Drivers/STM32F1xx_HAL_Driver/Src/stm32f1xx_hal_can.su ./Drivers/STM32F1xx_HAL_Driver/Src/stm32f1xx_hal_cec.cyclo ./Drivers/STM32F1xx_HAL_Driver/Src/stm32f1xx_hal_cec.d ./Drivers/STM32F1xx_HAL_Driver/Src/stm32f1xx_hal_cec.o ./Drivers/STM32F1xx_HAL_Driver/Src/stm32f1xx_hal_cec.su ./Drivers/STM32F1xx_HAL_Driver/Src/stm32f1xx_hal_cortex.cyclo ./Drivers/STM32F1xx_HAL_Driver/Src/stm32f1xx_hal_cortex.d ./Drivers/STM32F1xx_HAL_Driver/Src/stm32f1xx_hal_cortex.o ./Drivers/STM32F1xx_HAL_Driver/Src/stm32f1xx_hal_cortex.su ./Drivers/STM32F1xx_HAL_Driver/Src/stm32f1xx_hal_crc.cyclo ./Drivers/STM32F1xx_HAL_Driver/Src/stm32f1xx_hal_crc.d ./Drivers/STM32F1xx_HAL_Driver/Src/stm32f1xx_hal_crc.o ./Drivers/STM32F1xx_HAL_Driver/Src/stm32f1xx_hal_crc.su ./Drivers/STM32F1xx_HAL_Driver/Src/stm32f1xx_hal_dac.cyclo ./Drivers/STM32F1xx_HAL_Driver/Src/stm32f1xx_hal_dac.d ./Drivers/STM32F1xx_HAL_Driver/Src/stm32f1xx_hal_dac.o ./Drivers/STM32F1xx_HAL_Driver/Src/stm32f1xx_hal_dac.su ./Drivers/STM32F1xx_HAL_Driver/Src/stm32f1xx_hal_dac_ex.cyclo ./Drivers/STM32F1xx_HAL_Driver/Src/stm32f1xx_hal_dac_ex.d ./Drivers/STM32F1xx_HAL_Driver/Src/stm32f1xx_hal_dac_ex.o ./Drivers/STM32F1xx_HAL_Driver/Src/stm32f1xx_hal_dac_ex.su ./Drivers/STM32F1xx_HAL_Driver/Src/stm32f1xx_hal_dma.cyclo ./Drivers/STM32F1xx_HAL_Driver/Src/stm32f1xx_hal_dma.d ./Drivers/STM32F1xx_HAL_Driver/Src/stm32f1xx_hal_dma.o ./Drivers/STM32F1xx_HAL_Driver/Src/stm32f1xx_hal_dma.su ./Drivers/STM32F1xx_HAL_Driver/Src/stm32f1xx_hal_eth.cyclo ./Drivers/STM32F1xx_HAL_Driver/Src/stm32f1xx_hal_eth.d ./Drivers/STM32F1xx_HAL_Driver/Src/stm32f1xx_hal_eth.o ./Drivers/STM32F1xx_HAL_Driver/Src/stm32f1xx_hal_eth.su ./Drivers/STM32F1xx_HAL_Driver/Src/stm32f1xx_hal_exti.cyclo ./Drivers/STM32F1xx_HAL_Driver/Src/stm32f1xx_hal_exti.d ./Drivers/STM32F1xx_HAL_Driver/Src/stm32f1xx_hal_exti.o ./Drivers/STM32F1xx_HAL_Driver/Src/stm32f1xx_hal_exti.su ./Drivers/STM32F1xx_HAL_Driver/Src/stm32f1xx_hal_flash.cyclo ./Drivers/STM32F1xx_HAL_Driver/Src/stm32f1xx_hal_flash.d ./Drivers/STM32F1xx_HAL_Driver/Src/stm32f1xx_hal_flash.o ./Drivers/STM32F1xx_HAL_Driver/Src/stm32f1xx_hal_flash.su ./Drivers/STM32F1xx_HAL_Driver/Src/stm32f1xx_hal_flash_ex.cyclo ./Drivers/STM32F1xx_HAL_Driver/Src/stm32f1xx_hal_flash_ex.d ./Drivers/STM32F1xx_HAL_Driver/Src/stm32f1xx_hal_flash_ex.o ./Drivers/STM32F1xx_HAL_Driver/Src/stm32f1xx_hal_flash_ex.su ./Drivers/STM32F1xx_HAL_Driver/Src/stm32f1xx_hal_gpio.cyclo ./Drivers/STM32F1xx_HAL_Driver/Src/stm32f1xx_hal_gpio.d ./Drivers/STM32F1xx_HAL_Driver/Src/stm32f1xx_hal_gpio.o ./Drivers/STM32F1xx_HAL_Driver/Src/stm32f1xx_hal_gpio.su ./Drivers/STM32F1xx_HAL_Driver/Src/stm32f1xx_hal_gpio_ex.cyclo ./Drivers/STM32F1xx_HAL_Driver/Src/stm32f1xx_hal_gpio_ex.d ./Drivers/STM32F1xx_HAL_Driver/Src/stm32f1xx_hal_gpio_ex.o ./Drivers/STM32F1xx_HAL_Driver/Src/stm32f1xx_hal_gpio_ex.su ./Drivers/STM32F1xx_HAL_Driver/Src/stm32f1xx_hal_hcd.cyclo ./Drivers/STM32F1xx_HAL_Driver/Src/stm32f1xx_hal_hcd.d ./Drivers/STM32F1xx_HAL_Driver/Src/stm32f1xx_hal_hcd.o ./Drivers/STM32F1xx_HAL_Driver/Src/stm32f1xx_hal_hcd.su ./Drivers/STM32F1xx_HAL_Driver/Src/stm32f1xx_hal_i2c.cyclo ./Drivers/STM32F1xx_HAL_Driver/Src/stm32f1xx_hal_i2c.d ./Drivers/STM32F1xx_HAL_Driver/Src/stm32f1xx_hal_i2c.o ./Drivers/STM32F1xx_HAL_Driver/Src/stm32f1xx_hal_i2c.su ./Drivers/STM32F1xx_HAL_Driver/Src/stm32f1xx_hal_i2s.cyclo ./Drivers/STM32F1xx_HAL_Driver/Src/stm32f1xx_hal_i2s.d ./Drivers/STM32F1xx_HAL_Driver/Src/stm32f1xx_hal_i2s.o ./Drivers/STM32F1xx_HAL_Driver/Src/stm32f1xx_hal_i2s.su ./Drivers/STM32F1xx_HAL_Driver/Src/stm32f1xx_hal_irda.cyclo ./Drivers/STM32F1xx_HAL_Driver/Src/stm32f1xx_hal_irda.d ./Drivers/STM32F1xx_HAL_Driver/Src/stm32f1xx_hal_irda.o ./Drivers/STM32F1xx_HAL_Driver/Src/stm32f1xx_hal_irda.su ./Drivers/STM32F1xx_HAL_Driver/Src/stm32f1xx_hal_iwdg.cyclo ./Drivers/STM32F1xx_HAL_Driver/Src/stm32f1xx_hal_iwdg.d ./Drivers/STM32F1xx_HAL_Driver/Src/stm32f1xx_hal_iwdg.o ./Drivers/STM32F1xx_HAL_Driver/Src/stm32f1xx_hal_iwdg.su ./Drivers/STM32F1xx_HAL_Driver/Src/stm32f1xx_hal_mmc.cyclo ./Drivers/STM32F1xx_HAL_Driver/Src/stm32f1xx_hal_mmc.d ./Drivers/STM32F1xx_HAL_Driver/Src/stm32f1xx_hal_mmc.o ./Drivers/STM32F1xx_HAL_Driver/Src/stm32f1xx_hal_mmc.su ./Drivers/STM32F1xx_HAL_Driver/Src/stm32f1xx_hal_msp_template.cyclo ./Drivers/STM32F1xx_HAL_Driver/Src/stm32f1xx_hal_msp_template.d ./Drivers/STM32F1xx_HAL_Driver/Src/stm32f1xx_hal_msp_template.o ./Drivers/STM32F1xx_HAL_Driver/Src/stm32f1xx_hal_msp_template.su ./Drivers/STM32F1xx_HAL_Driver/Src/stm32f1xx_hal_nand.cyclo ./Drivers/STM32F1xx_HAL_Driver/Src/stm32f1xx_hal_nand.d ./Drivers/STM32F1xx_HAL_Driver/Src/stm32f1xx_hal_nand.o ./Drivers/STM32F1xx_HAL_Driver/Src/stm32f1xx_hal_nand.su ./Drivers/STM32F1xx_HAL_Driver/Src/stm32f1xx_hal_nor.cyclo ./Drivers/STM32F1xx_HAL_Driver/Src/stm32f1xx_hal_nor.d ./Drivers/STM32F1xx_HAL_Driver/Src/stm32f1xx_hal_nor.o ./Drivers/STM32F1xx_HAL_Driver/Src/stm32f1xx_hal_nor.su ./Drivers/STM32F1xx_HAL_Driver/Src/stm32f1xx_hal_pccard.cyclo ./Drivers/STM32F1xx_HAL_Driver/Src/stm32f1xx_hal_pccard.d ./Drivers/STM32F1xx_HAL_Driver/Src/stm32f1xx_hal_pccard.o ./Drivers/STM32F1xx_HAL_Driver/Src/stm32f1xx_hal_pccard.su
rm -rf ./Drivers/STM32F1xx_HAL_Driver/Src/stm32f1xx_hal_pcd.cyclo ./Drivers/STM32F1xx_HAL_Driver/Src/stm32f1xx_hal_pcd.d ./Drivers/STM32F1xx_HAL_Driver/Src/stm32f1xx_hal_pcd.o ./Drivers/STM32F1xx_HAL_Driver/Src/stm32f1xx_hal_pcd.su ./Drivers/STM32F1xx_HAL_Driver/Src/stm32f1xx_hal_pcd_ex.cyclo ./Drivers/STM32F1xx_HAL_Driver/Src/stm32f1xx_hal_pcd_ex.d ./Drivers/STM32F1xx_HAL_Driver/Src/stm32f1xx_hal_pcd_ex.o ./Drivers/STM32F1xx_HAL_Driver/Src/stm32f1xx_hal_pcd_ex.su ./Drivers/STM32F1xx_HAL_Driver/Src/stm32f1xx_hal_pwr.cyclo ./Drivers/STM32F1xx_HAL_Driver/Src/stm32f1xx_hal_pwr.d ./Drivers/STM32F1xx_HAL_Driver/Src/stm32f1xx_hal_pwr.o ./Drivers/STM32F1xx_HAL_Driver/Src/stm32f1xx_hal_pwr.su ./Drivers/STM32F1xx_HAL_Driver/Src/stm32f1xx_hal_rcc.cyclo ./Drivers/STM32F1xx_HAL_Driver/Src/stm32f1xx_hal_rcc.d ./Drivers/STM32F1xx_HAL_Driver/Src/stm32f1xx_hal_rcc.o ./Drivers/STM32F1xx_HAL_Driver/Src/stm32f1xx_hal_rcc.su ./Drivers/STM32F1xx_HAL_Driver/Src/stm32f1xx_hal_rcc_ex.cyclo ./Drivers/STM32F1xx_HAL_Driver/Src/stm32f1xx_hal_rcc_ex.d ./Drivers/STM32F1xx_HAL_Driver/Src/stm32f1xx_hal_rcc_ex.o ./Drivers/STM32F1xx_HAL_Driver/Src/stm32f1xx_hal_rcc_ex.su ./Drivers/STM32F1xx_HAL_Driver/Src/stm32f1xx_hal_rtc.cyclo ./Drivers/STM32F1xx_HAL_Driver/Src/stm32f1xx_hal_rtc.d ./Drivers/STM32F1xx_HAL_Driver/Src/stm32f1xx_hal_rtc.o ./Drivers/STM32F1xx_HAL_Driver/Src/stm32f1xx_hal_rtc.su ./Drivers/STM32F1xx_HAL_Driver/Src/stm32f1xx_hal_rtc_ex.cyclo ./Drivers/STM32F1xx_HAL_Driver/Src/stm32f1xx_hal_rtc_ex.d ./Drivers/STM32F1xx_HAL_Driver/Src/stm32f1xx_hal_rtc_ex.o ./Drivers/STM32F1xx_HAL_Driver/Src/stm32f1xx_hal_rtc_ex.su ./Drivers/STM32F1xx_HAL_Driver/Src/stm32f1xx_hal_sd.cyclo ./Drivers/STM32F1xx_HAL_Driver/Src/stm32f1xx_hal_sd.d ./Drivers/STM32F1xx_HAL_Driver/Src/stm32f1xx_hal_sd.o ./Drivers/STM32F1xx_HAL_Driver/Src/stm32f1xx_hal_sd.su ./Drivers/STM32F1xx_HAL_Driver/Src/stm32f1xx_hal_smartcard.cyclo ./Drivers/STM32F1xx_HAL_Driver/Src/stm32f1xx_hal_smartcard.d ./Drivers/STM32F1xx_HAL_Driver/Src/stm32f1xx_hal_smartcard.o ./Drivers/STM32F1xx_HAL_Driver/Src/stm32f1xx_hal_smartcard.su ./Drivers/STM32F1xx_HAL_Driver/Src/stm32f1xx_hal_spi.cyclo ./Drivers/STM32F1xx_HAL_Driver/Src/stm32f1xx_hal_spi.d ./Drivers/STM32F1xx_HAL_Driver/Src/stm32f1xx_hal_spi.o ./Drivers/STM32F1xx_HAL_Driver/Src/stm32f1xx_hal_spi.su ./Drivers/STM32F1xx_HAL_Driver/Src/stm32f1xx_hal_sram.cyclo ./Drivers/STM32F1xx_HAL_Driver/Src/stm32f1xx_hal_sram.d ./Drivers/STM32F1xx_HAL_Driver/Src/stm32f1xx_hal_sram.o ./Drivers/STM32F1xx_HAL_Driver/Src/stm32f1xx_hal_sram.su ./Drivers/STM32F1xx_HAL_Driver/Src/stm32f1xx_hal_tim.cyclo ./Drivers/STM32F1xx_HAL_Driver/Src/stm32f1xx_hal_tim.d ./Drivers/STM32F1xx_HAL_Driver/Src/stm32f1xx_hal_tim.o ./Drivers/STM32F1xx_HAL_Driver/Src/stm32f1xx_hal_tim.su ./Drivers/STM32F1xx_HAL_Driver/Src/stm32f1xx_hal_tim_ex.cyclo ./Drivers/STM32F1xx_HAL_Driver/Src/stm32f1xx_hal_tim_ex.d ./Drivers/STM32F1xx_HAL_Driver/Src/stm32f1xx_hal_tim_ex.o ./Drivers/STM32F1xx_HAL_Driver/Src/stm32f1xx_hal_tim_ex.su ./Drivers/STM32F1xx_HAL_Driver/Src/stm32f1xx_hal_timebase_rtc_alarm_template.cyclo ./Drivers/STM32F1xx_HAL_Driver/Src/stm32f1xx_hal_timebase_rtc_alarm_template.d ./Drivers/STM32F1xx_HAL_Driver/Src/stm32f1xx_hal_timebase_rtc_alarm_template.o ./Drivers/STM32F1xx_HAL_Driver/Src/stm32f1xx_hal_timebase_rtc_alarm_template.su ./Drivers/STM32F1xx_HAL_Driver/Src/stm32f1xx_hal_timebase_tim_template.cyclo ./Drivers/STM32F1xx_HAL_Driver/Src/stm32f1xx_hal_timebase_tim_template.d ./Drivers/STM32F1xx_HAL_Driver/Src/stm32f1xx_hal_timebase_tim_template.o ./Drivers/STM32F1xx_HAL_Driver/Src/stm32f1xx_hal_timebase_tim_template.su ./Drivers/STM32F1xx_HAL_Driver/Src/stm32f1xx_hal_uart.cyclo ./Drivers/STM32F1xx_HAL_Driver/Src/stm32f1xx_hal_uart.d ./Drivers/STM32F1xx_HAL_Driver/Src/stm32f1xx_hal_uart.o ./Drivers/STM32F1xx_HAL_Driver/Src/stm32f1xx_hal_uart.su ./Drivers/STM32F1xx_HAL_Driver/Src/stm32f1xx_hal_usart.cyclo ./Drivers/STM32F1xx_HAL_Driver/Src/stm32f1xx_hal_usart.d ./Drivers/STM32F1xx_HAL_Driver/Src/stm32f1xx_hal_usart.o ./Drivers/STM32F1xx_HAL_Driver/Src/stm32f1xx_hal_usart.su ./Drivers/STM32F1xx_HAL_Driver/Src/stm32f1xx_hal_wwdg.cyclo ./Drivers/STM32F1xx_HAL_Driver/Src/stm32f1xx_hal_wwdg.d ./Drivers/STM32F1xx_HAL_Driver/Src/stm32f1xx_hal_wwdg.o ./Drivers/STM32F1xx_HAL_Driver/Src/stm32f1xx_hal_wwdg.su ./Drivers/STM32F1xx_HAL_Driver/Src/stm32f1xx_ll_adc.cyclo ./Drivers/STM32F1xx_HAL_Driver/Src/stm32f1xx_ll_adc.d ./Drivers/STM32F1xx_HAL_Driver/Src/stm32f1xx_ll_adc.o ./Drivers/STM32F1xx_HAL_Driver/Src/stm32f1xx_ll_adc.su ./Drivers/STM32F1xx_HAL_Driver/Src/stm32f1xx_ll_crc.cyclo ./Drivers/STM32F1xx_HAL_Driver/Src/stm32f1xx_ll_crc.d ./Drivers/STM32F1xx_HAL_Driver/Src/stm32f1xx_ll_crc.o ./Drivers/STM32F1xx_HAL_Driver/Src/stm32f1xx_ll_crc.su ./Drivers/STM32F1xx_HAL_Driver/Src/stm32f1xx_ll_dac.cyclo ./Drivers/STM32F1xx_HAL_Driver/Src/stm32f1xx_ll_dac.d ./Drivers/STM32F1xx_HAL_Driver/Src/stm32f1xx_ll_dac.o ./Drivers/STM32F1xx_HAL_Driver/Src/stm32f1xx_ll_dac.su ./Drivers/STM32F1xx_HAL_Driver/Src/stm32f1xx_ll_dma.cyclo ./Drivers/STM32F1xx_HAL_Driver/Src/stm32f1xx_ll_dma.d ./Drivers/STM32F1xx_HAL_Driver/Src/stm32f1xx_ll_dma.o ./Drivers/STM32F1xx_HAL_Driver/Src/stm32f1xx_ll_dma.su ./Drivers/STM32F1xx_HAL_Driver/Src/stm32f1xx_ll_exti.cyclo ./Drivers/STM32F1xx_HAL_Driver/Src/stm32f1xx_ll_exti.d ./Drivers/STM32F1xx_HAL_Driver/Src/stm32f1xx_ll_exti.o ./Drivers/STM32F1xx_HAL_Driver/Src/stm32f1xx_ll_exti.su ./Drivers/STM32F1xx_HAL_Driver/Src/stm32f1xx_ll_fsmc.cyclo ./Drivers/STM32F1xx_HAL_Driver/Src/stm32f1xx_ll_fsmc.d ./Drivers/STM32F1xx_HAL_Driver/Src/stm32f1xx_ll_fsmc.o ./Drivers/STM32F1xx_HAL_Driver/Src/stm32f1xx_ll_fsmc.su ./Drivers/STM32F1xx_HAL_Driver/Src/stm32f1xx_ll_gpio.cyclo ./Drivers/STM32F1xx_HAL_Driver/Src/stm32f1xx_ll_gpio.d ./Drivers/STM32F1xx_HAL_Driver/Src/stm32f1xx_ll_gpio.o ./Drivers/STM32F1xx_HAL_Driver/Src/stm32f1xx_ll_gpio.su ./Drivers/STM32F1xx_HAL_Driver/Src/stm32f1xx_ll_i2c.cyclo ./Drivers/STM32F1xx_HAL_Driver/Src/stm32f1xx_ll_i2c.d
rm -rf ./Drivers/STM32F1xx_HAL_Driver/Src/stm32f1xx_ll_i2c.o ./Drivers/STM32F1xx_HAL_Driver/Src/stm32f1xx_ll_i2c.su ./Drivers/STM32F1xx_HAL_Driver/Src/stm32f1xx_ll_pwr.cyclo ./Drivers/STM32F1xx_HAL_Driver/Src/stm32f1xx_ll_pwr.d ./Drivers/STM32F1xx_HAL_Driver/Src/stm32f1xx_ll_pwr.o ./Drivers/STM32F1xx_HAL_Driver/Src/stm32f1xx_ll_pwr.su ./Drivers/STM32F1xx_HAL_Driver/Src/stm32f1xx_ll_rcc.cyclo ./Drivers/STM32F1xx_HAL_Driver/Src/stm32f1xx_ll_rcc.d ./Drivers/STM32F1xx_HAL_Driver/Src/stm32f1xx_ll_rcc.o ./Drivers/STM32F1xx_HAL_Driver/Src/stm32f1xx_ll_rcc.su ./Drivers/STM32F1xx_HAL_Driver/Src/stm32f1xx_ll_rtc.cyclo ./Drivers/STM32F1xx_HAL_Driver/Src/stm32f1xx_ll_rtc.d ./Drivers/STM32F1xx_HAL_Driver/Src/stm32f1xx_ll_rtc.o ./Drivers/STM32F1xx_HAL_Driver/Src/stm32f1xx_ll_rtc.su ./Drivers/STM32F1xx_HAL_Driver/Src/stm32f1xx_ll_sdmmc.cyclo ./Drivers/STM32F1xx_HAL_Driver/Src/stm32f1xx_ll_sdmmc.d ./Drivers/STM32F1xx_HAL_Driver/Src/stm32f1xx_ll_sdmmc.o ./Drivers/STM32F1xx_HAL_Driver/Src/stm32f1xx_ll_sdmmc.su ./Drivers/STM32F1xx_HAL_Driver/Src/stm32f1xx_ll_spi.cyclo ./Drivers/STM32F1xx_HAL_Driver/Src/stm32f1xx_ll_spi.d ./Drivers/STM32F1xx_HAL_Driver/Src/stm32f1xx_ll_spi.o ./Drivers/STM32F1xx_HAL_Driver/Src/stm32f1xx_ll_spi.su ./Drivers/STM32F1xx_HAL_Driver/Src/stm32f1xx_ll_tim.cyclo ./Drivers/STM32F1xx_HAL_Driver/Src/stm32f1xx_ll_tim.d ./Drivers/STM32F1xx_HAL_Driver/Src/stm32f1xx_ll_tim.o ./Drivers/STM32F1xx_HAL_Driver/Src/stm32f1xx_ll_tim.su ./Drivers/STM32F1xx_HAL_Driver/Src/stm32f1xx_ll_usart.cyclo ./Drivers/STM32F1xx_HAL_Driver/Src/stm32f1xx_ll_usart.d ./Drivers/STM32F1xx_HAL_Driver/Src/stm32f1xx_ll_usart.o ./Drivers/STM32F1xx_HAL_Driver/Src/stm32f1xx_ll_usart.su ./Drivers/STM32F1xx_HAL_Driver/Src/stm32f1xx_ll_usb.cyclo ./Drivers/STM32F1xx_HAL_Driver/Src/stm32f1xx_ll_usb.d ./Drivers/STM32F1xx_HAL_Driver/Src/stm32f1xx_ll_usb.o ./Drivers/STM32F1xx_HAL_Driver/Src/stm32f1xx_ll_usb.su ./Drivers/STM32F1xx_HAL_Driver/Src/stm32f1xx_ll_utils.cyclo ./Drivers/STM32F1xx_HAL_Driver/Src/stm32f1xx_ll_utils.d ./Drivers/STM32F1xx_HAL_Driver/Src/stm32f1xx_ll_utils.o ./Drivers/STM32F1xx_HAL_Driver/Src/stm32f1xx_ll_utils.su
rm -rf default.size.stdout str-miros-stm32f103.bin str-miros-stm32f103.elf str-miros-stm32f103.list str-miros-stm32f103.map
 
20:47:04 **** Build of configuration Debug for project str-miros-stm32f103 ****
make -j8 all 
arm-none-eabi-gcc -mcpu=cortex-m3 -g3 -DDEBUG -c -x assembler-with-cpp -MMD -MP -MF"Startup/startup_stm32f103c8tx.d" -MT"Startup/startup_stm32f103c8tx.o" --specs=nano.specs -mfloat-abi=soft -mthumb -o "Startup/startup_stm32f103c8tx.o" "../Startup/startup_stm32f103c8tx.s"
arm-none-eabi-gcc "../Src/main.c" -mcpu=cortex-m3 -std=gnu11 -g3 -DDEBUG -DSTM32 -DSTM32F1 -DSTM32F103C8Tx -c -I"C:/Users/Elison Maiko/OneDrive/√?rea de Trabalho/LL/STR/GitLab_Gian/str-miros-stm32f103-master/str-miros-stm32f103-master/Drivers/STM32F1xx_HAL_Driver/Inc" -I"C:/Users/Elison Maiko/OneDrive/√?rea de Trabalho/LL/STR/GitLab_Gian/str-miros-stm32f103-master/str-miros-stm32f103-master/Drivers/CMSIS/Device/ST/STM32F1xx/Include" -I"C:/Users/Elison Maiko/OneDrive/√?rea de Trabalho/LL/STR/GitLab_Gian/str-miros-stm32f103-master/str-miros-stm32f103-master/Drivers/CMSIS/Include" -I"C:/Users/Elison Maiko/OneDrive/√?rea de Trabalho/LL/STR/GitLab_Gian/str-miros-stm32f103-master/str-miros-stm32f103-master/Inc" -O0 -ffunction-sections -fdata-sections -Wall -fstack-usage -fcyclomatic-complexity -MMD -MP -MF"Src/main.d" -MT"Src/main.o" --specs=nano.specs -mfloat-abi=soft -mthumb -o "Src/main.o"
arm-none-eabi-gcc "../Src/miros.c" -mcpu=cortex-m3 -std=gnu11 -g3 -DDEBUG -DSTM32 -DSTM32F1 -DSTM32F103C8Tx -c -I"C:/Users/Elison Maiko/OneDrive/√?rea de Trabalho/LL/STR/GitLab_Gian/str-miros-stm32f103-master/str-miros-stm32f103-master/Drivers/STM32F1xx_HAL_Driver/Inc" -I"C:/Users/Elison Maiko/OneDrive/√?rea de Trabalho/LL/STR/GitLab_Gian/str-miros-stm32f103-master/str-miros-stm32f103-master/Drivers/CMSIS/Device/ST/STM32F1xx/Include" -I"C:/Users/Elison Maiko/OneDrive/√?rea de Trabalho/LL/STR/GitLab_Gian/str-miros-stm32f103-master/str-miros-stm32f103-master/Drivers/CMSIS/Include" -I"C:/Users/Elison Maiko/OneDrive/√?rea de Trabalho/LL/STR/GitLab_Gian/str-miros-stm32f103-master/str-miros-stm32f103-master/Inc" -O0 -ffunction-sections -fdata-sections -Wall -fstack-usage -fcyclomatic-complexity -MMD -MP -MF"Src/miros.d" -MT"Src/miros.o" --specs=nano.specs -mfloat-abi=soft -mthumb -o "Src/miros.o"
arm-none-eabi-gcc "../Src/stm32f1xx_hal_msp.c" -mcpu=cortex-m3 -std=gnu11 -g3 -DDEBUG -DSTM32 -DSTM32F1 -DSTM32F103C8Tx -c -I"C:/Users/Elison Maiko/OneDrive/√?rea de Trabalho/LL/STR/GitLab_Gian/str-miros-stm32f103-master/str-miros-stm32f103-master/Drivers/STM32F1xx_HAL_Driver/Inc" -I"C:/Users/Elison Maiko/OneDrive/√?rea de Trabalho/LL/STR/GitLab_Gian/str-miros-stm32f103-master/str-miros-stm32f103-master/Drivers/CMSIS/Device/ST/STM32F1xx/Include" -I"C:/Users/Elison Maiko/OneDrive/√?rea de Trabalho/LL/STR/GitLab_Gian/str-miros-stm32f103-master/str-miros-stm32f103-master/Drivers/CMSIS/Include" -I"C:/Users/Elison Maiko/OneDrive/√?rea de Trabalho/LL/STR/GitLab_Gian/str-miros-stm32f103-master/str-miros-stm32f103-master/Inc" -O0 -ffunction-sections -fdata-sections -Wall -fstack-usage -fcyclomatic-complexity -MMD -MP -MF"Src/stm32f1xx_hal_msp.d" -MT"Src/stm32f1xx_hal_msp.o" --specs=nano.specs -mfloat-abi=soft -mthumb -o "Src/stm32f1xx_hal_msp.o"
arm-none-eabi-gcc "../Src/stm32f1xx_it.c" -mcpu=cortex-m3 -std=gnu11 -g3 -DDEBUG -DSTM32 -DSTM32F1 -DSTM32F103C8Tx -c -I"C:/Users/Elison Maiko/OneDrive/√?rea de Trabalho/LL/STR/GitLab_Gian/str-miros-stm32f103-master/str-miros-stm32f103-master/Drivers/STM32F1xx_HAL_Driver/Inc" -I"C:/Users/Elison Maiko/OneDrive/√?rea de Trabalho/LL/STR/GitLab_Gian/str-miros-stm32f103-master/str-miros-stm32f103-master/Drivers/CMSIS/Device/ST/STM32F1xx/Include" -I"C:/Users/Elison Maiko/OneDrive/√?rea de Trabalho/LL/STR/GitLab_Gian/str-miros-stm32f103-master/str-miros-stm32f103-master/Drivers/CMSIS/Include" -I"C:/Users/Elison Maiko/OneDrive/√?rea de Trabalho/LL/STR/GitLab_Gian/str-miros-stm32f103-master/str-miros-stm32f103-master/Inc" -O0 -ffunction-sections -fdata-sections -Wall -fstack-usage -fcyclomatic-complexity -MMD -MP -MF"Src/stm32f1xx_it.d" -MT"Src/stm32f1xx_it.o" --specs=nano.specs -mfloat-abi=soft -mthumb -o "Src/stm32f1xx_it.o"
arm-none-eabi-gcc "../Src/syscalls.c" -mcpu=cortex-m3 -std=gnu11 -g3 -DDEBUG -DSTM32 -DSTM32F1 -DSTM32F103C8Tx -c -I"C:/Users/Elison Maiko/OneDrive/√?rea de Trabalho/LL/STR/GitLab_Gian/str-miros-stm32f103-master/str-miros-stm32f103-master/Drivers/STM32F1xx_HAL_Driver/Inc" -I"C:/Users/Elison Maiko/OneDrive/√?rea de Trabalho/LL/STR/GitLab_Gian/str-miros-stm32f103-master/str-miros-stm32f103-master/Drivers/CMSIS/Device/ST/STM32F1xx/Include" -I"C:/Users/Elison Maiko/OneDrive/√?rea de Trabalho/LL/STR/GitLab_Gian/str-miros-stm32f103-master/str-miros-stm32f103-master/Drivers/CMSIS/Include" -I"C:/Users/Elison Maiko/OneDrive/√?rea de Trabalho/LL/STR/GitLab_Gian/str-miros-stm32f103-master/str-miros-stm32f103-master/Inc" -O0 -ffunction-sections -fdata-sections -Wall -fstack-usage -fcyclomatic-complexity -MMD -MP -MF"Src/syscalls.d" -MT"Src/syscalls.o" --specs=nano.specs -mfloat-abi=soft -mthumb -o "Src/syscalls.o"
arm-none-eabi-gcc "../Src/sysmem.c" -mcpu=cortex-m3 -std=gnu11 -g3 -DDEBUG -DSTM32 -DSTM32F1 -DSTM32F103C8Tx -c -I"C:/Users/Elison Maiko/OneDrive/√?rea de Trabalho/LL/STR/GitLab_Gian/str-miros-stm32f103-master/str-miros-stm32f103-master/Drivers/STM32F1xx_HAL_Driver/Inc" -I"C:/Users/Elison Maiko/OneDrive/√?rea de Trabalho/LL/STR/GitLab_Gian/str-miros-stm32f103-master/str-miros-stm32f103-master/Drivers/CMSIS/Device/ST/STM32F1xx/Include" -I"C:/Users/Elison Maiko/OneDrive/√?rea de Trabalho/LL/STR/GitLab_Gian/str-miros-stm32f103-master/str-miros-stm32f103-master/Drivers/CMSIS/Include" -I"C:/Users/Elison Maiko/OneDrive/√?rea de Trabalho/LL/STR/GitLab_Gian/str-miros-stm32f103-master/str-miros-stm32f103-master/Inc" -O0 -ffunction-sections -fdata-sections -Wall -fstack-usage -fcyclomatic-complexity -MMD -MP -MF"Src/sysmem.d" -MT"Src/sysmem.o" --specs=nano.specs -mfloat-abi=soft -mthumb -o "Src/sysmem.o"
arm-none-eabi-gcc "../Src/system_stm32f1xx.c" -mcpu=cortex-m3 -std=gnu11 -g3 -DDEBUG -DSTM32 -DSTM32F1 -DSTM32F103C8Tx -c -I"C:/Users/Elison Maiko/OneDrive/√?rea de Trabalho/LL/STR/GitLab_Gian/str-miros-stm32f103-master/str-miros-stm32f103-master/Drivers/STM32F1xx_HAL_Driver/Inc" -I"C:/Users/Elison Maiko/OneDrive/√?rea de Trabalho/LL/STR/GitLab_Gian/str-miros-stm32f103-master/str-miros-stm32f103-master/Drivers/CMSIS/Device/ST/STM32F1xx/Include" -I"C:/Users/Elison Maiko/OneDrive/√?rea de Trabalho/LL/STR/GitLab_Gian/str-miros-stm32f103-master/str-miros-stm32f103-master/Drivers/CMSIS/Include" -I"C:/Users/Elison Maiko/OneDrive/√?rea de Trabalho/LL/STR/GitLab_Gian/str-miros-stm32f103-master/str-miros-stm32f103-master/Inc" -O0 -ffunction-sections -fdata-sections -Wall -fstack-usage -fcyclomatic-complexity -MMD -MP -MF"Src/system_stm32f1xx.d" -MT"Src/system_stm32f1xx.o" --specs=nano.specs -mfloat-abi=soft -mthumb -o "Src/system_stm32f1xx.o"
arm-none-eabi-gcc "../Drivers/STM32F1xx_HAL_Driver/Src/Legacy/stm32f1xx_hal_can.c" -mcpu=cortex-m3 -std=gnu11 -g3 -DDEBUG -DSTM32 -DSTM32F1 -DSTM32F103C8Tx -c -I"C:/Users/Elison Maiko/OneDrive/√?rea de Trabalho/LL/STR/GitLab_Gian/str-miros-stm32f103-master/str-miros-stm32f103-master/Drivers/STM32F1xx_HAL_Driver/Inc" -I"C:/Users/Elison Maiko/OneDrive/√?rea de Trabalho/LL/STR/GitLab_Gian/str-miros-stm32f103-master/str-miros-stm32f103-master/Drivers/CMSIS/Device/ST/STM32F1xx/Include" -I"C:/Users/Elison Maiko/OneDrive/√?rea de Trabalho/LL/STR/GitLab_Gian/str-miros-stm32f103-master/str-miros-stm32f103-master/Drivers/CMSIS/Include" -I"C:/Users/Elison Maiko/OneDrive/√?rea de Trabalho/LL/STR/GitLab_Gian/str-miros-stm32f103-master/str-miros-stm32f103-master/Inc" -O0 -ffunction-sections -fdata-sections -Wall -fstack-usage -fcyclomatic-complexity -MMD -MP -MF"Drivers/STM32F1xx_HAL_Driver/Src/Legacy/stm32f1xx_hal_can.d" -MT"Drivers/STM32F1xx_HAL_Driver/Src/Legacy/stm32f1xx_hal_can.o" --specs=nano.specs -mfloat-abi=soft -mthumb -o "Drivers/STM32F1xx_HAL_Driver/Src/Legacy/stm32f1xx_hal_can.o"
arm-none-eabi-gcc "../Drivers/STM32F1xx_HAL_Driver/Src/stm32f1xx_hal.c" -mcpu=cortex-m3 -std=gnu11 -g3 -DDEBUG -DSTM32 -DSTM32F1 -DSTM32F103C8Tx -c -I"C:/Users/Elison Maiko/OneDrive/√?rea de Trabalho/LL/STR/GitLab_Gian/str-miros-stm32f103-master/str-miros-stm32f103-master/Drivers/STM32F1xx_HAL_Driver/Inc" -I"C:/Users/Elison Maiko/OneDrive/√?rea de Trabalho/LL/STR/GitLab_Gian/str-miros-stm32f103-master/str-miros-stm32f103-master/Drivers/CMSIS/Device/ST/STM32F1xx/Include" -I"C:/Users/Elison Maiko/OneDrive/√?rea de Trabalho/LL/STR/GitLab_Gian/str-miros-stm32f103-master/str-miros-stm32f103-master/Drivers/CMSIS/Include" -I"C:/Users/Elison Maiko/OneDrive/√?rea de Trabalho/LL/STR/GitLab_Gian/str-miros-stm32f103-master/str-miros-stm32f103-master/Inc" -O0 -ffunction-sections -fdata-sections -Wall -fstack-usage -fcyclomatic-complexity -MMD -MP -MF"Drivers/STM32F1xx_HAL_Driver/Src/stm32f1xx_hal.d" -MT"Drivers/STM32F1xx_HAL_Driver/Src/stm32f1xx_hal.o" --specs=nano.specs -mfloat-abi=soft -mthumb -o "Drivers/STM32F1xx_HAL_Driver/Src/stm32f1xx_hal.o"
arm-none-eabi-gcc "../Drivers/STM32F1xx_HAL_Driver/Src/stm32f1xx_hal_adc.c" -mcpu=cortex-m3 -std=gnu11 -g3 -DDEBUG -DSTM32 -DSTM32F1 -DSTM32F103C8Tx -c -I"C:/Users/Elison Maiko/OneDrive/√?rea de Trabalho/LL/STR/GitLab_Gian/str-miros-stm32f103-master/str-miros-stm32f103-master/Drivers/STM32F1xx_HAL_Driver/Inc" -I"C:/Users/Elison Maiko/OneDrive/√?rea de Trabalho/LL/STR/GitLab_Gian/str-miros-stm32f103-master/str-miros-stm32f103-master/Drivers/CMSIS/Device/ST/STM32F1xx/Include" -I"C:/Users/Elison Maiko/OneDrive/√?rea de Trabalho/LL/STR/GitLab_Gian/str-miros-stm32f103-master/str-miros-stm32f103-master/Drivers/CMSIS/Include" -I"C:/Users/Elison Maiko/OneDrive/√?rea de Trabalho/LL/STR/GitLab_Gian/str-miros-stm32f103-master/str-miros-stm32f103-master/Inc" -O0 -ffunction-sections -fdata-sections -Wall -fstack-usage -fcyclomatic-complexity -MMD -MP -MF"Drivers/STM32F1xx_HAL_Driver/Src/stm32f1xx_hal_adc.d" -MT"Drivers/STM32F1xx_HAL_Driver/Src/stm32f1xx_hal_adc.o" --specs=nano.specs -mfloat-abi=soft -mthumb -o "Drivers/STM32F1xx_HAL_Driver/Src/stm32f1xx_hal_adc.o"
arm-none-eabi-gcc "../Drivers/STM32F1xx_HAL_Driver/Src/stm32f1xx_hal_adc_ex.c" -mcpu=cortex-m3 -std=gnu11 -g3 -DDEBUG -DSTM32 -DSTM32F1 -DSTM32F103C8Tx -c -I"C:/Users/Elison Maiko/OneDrive/√?rea de Trabalho/LL/STR/GitLab_Gian/str-miros-stm32f103-master/str-miros-stm32f103-master/Drivers/STM32F1xx_HAL_Driver/Inc" -I"C:/Users/Elison Maiko/OneDrive/√?rea de Trabalho/LL/STR/GitLab_Gian/str-miros-stm32f103-master/str-miros-stm32f103-master/Drivers/CMSIS/Device/ST/STM32F1xx/Include" -I"C:/Users/Elison Maiko/OneDrive/√?rea de Trabalho/LL/STR/GitLab_Gian/str-miros-stm32f103-master/str-miros-stm32f103-master/Drivers/CMSIS/Include" -I"C:/Users/Elison Maiko/OneDrive/√?rea de Trabalho/LL/STR/GitLab_Gian/str-miros-stm32f103-master/str-miros-stm32f103-master/Inc" -O0 -ffunction-sections -fdata-sections -Wall -fstack-usage -fcyclomatic-complexity -MMD -MP -MF"Drivers/STM32F1xx_HAL_Driver/Src/stm32f1xx_hal_adc_ex.d" -MT"Drivers/STM32F1xx_HAL_Driver/Src/stm32f1xx_hal_adc_ex.o" --specs=nano.specs -mfloat-abi=soft -mthumb -o "Drivers/STM32F1xx_HAL_Driver/Src/stm32f1xx_hal_adc_ex.o"
arm-none-eabi-gcc "../Drivers/STM32F1xx_HAL_Driver/Src/stm32f1xx_hal_can.c" -mcpu=cortex-m3 -std=gnu11 -g3 -DDEBUG -DSTM32 -DSTM32F1 -DSTM32F103C8Tx -c -I"C:/Users/Elison Maiko/OneDrive/√?rea de Trabalho/LL/STR/GitLab_Gian/str-miros-stm32f103-master/str-miros-stm32f103-master/Drivers/STM32F1xx_HAL_Driver/Inc" -I"C:/Users/Elison Maiko/OneDrive/√?rea de Trabalho/LL/STR/GitLab_Gian/str-miros-stm32f103-master/str-miros-stm32f103-master/Drivers/CMSIS/Device/ST/STM32F1xx/Include" -I"C:/Users/Elison Maiko/OneDrive/√?rea de Trabalho/LL/STR/GitLab_Gian/str-miros-stm32f103-master/str-miros-stm32f103-master/Drivers/CMSIS/Include" -I"C:/Users/Elison Maiko/OneDrive/√?rea de Trabalho/LL/STR/GitLab_Gian/str-miros-stm32f103-master/str-miros-stm32f103-master/Inc" -O0 -ffunction-sections -fdata-sections -Wall -fstack-usage -fcyclomatic-complexity -MMD -MP -MF"Drivers/STM32F1xx_HAL_Driver/Src/stm32f1xx_hal_can.d" -MT"Drivers/STM32F1xx_HAL_Driver/Src/stm32f1xx_hal_can.o" --specs=nano.specs -mfloat-abi=soft -mthumb -o "Drivers/STM32F1xx_HAL_Driver/Src/stm32f1xx_hal_can.o"
arm-none-eabi-gcc "../Drivers/STM32F1xx_HAL_Driver/Src/stm32f1xx_hal_cec.c" -mcpu=cortex-m3 -std=gnu11 -g3 -DDEBUG -DSTM32 -DSTM32F1 -DSTM32F103C8Tx -c -I"C:/Users/Elison Maiko/OneDrive/√?rea de Trabalho/LL/STR/GitLab_Gian/str-miros-stm32f103-master/str-miros-stm32f103-master/Drivers/STM32F1xx_HAL_Driver/Inc" -I"C:/Users/Elison Maiko/OneDrive/√?rea de Trabalho/LL/STR/GitLab_Gian/str-miros-stm32f103-master/str-miros-stm32f103-master/Drivers/CMSIS/Device/ST/STM32F1xx/Include" -I"C:/Users/Elison Maiko/OneDrive/√?rea de Trabalho/LL/STR/GitLab_Gian/str-miros-stm32f103-master/str-miros-stm32f103-master/Drivers/CMSIS/Include" -I"C:/Users/Elison Maiko/OneDrive/√?rea de Trabalho/LL/STR/GitLab_Gian/str-miros-stm32f103-master/str-miros-stm32f103-master/Inc" -O0 -ffunction-sections -fdata-sections -Wall -fstack-usage -fcyclomatic-complexity -MMD -MP -MF"Drivers/STM32F1xx_HAL_Driver/Src/stm32f1xx_hal_cec.d" -MT"Drivers/STM32F1xx_HAL_Driver/Src/stm32f1xx_hal_cec.o" --specs=nano.specs -mfloat-abi=soft -mthumb -o "Drivers/STM32F1xx_HAL_Driver/Src/stm32f1xx_hal_cec.o"
arm-none-eabi-gcc "../Drivers/STM32F1xx_HAL_Driver/Src/stm32f1xx_hal_cortex.c" -mcpu=cortex-m3 -std=gnu11 -g3 -DDEBUG -DSTM32 -DSTM32F1 -DSTM32F103C8Tx -c -I"C:/Users/Elison Maiko/OneDrive/√?rea de Trabalho/LL/STR/GitLab_Gian/str-miros-stm32f103-master/str-miros-stm32f103-master/Drivers/STM32F1xx_HAL_Driver/Inc" -I"C:/Users/Elison Maiko/OneDrive/√?rea de Trabalho/LL/STR/GitLab_Gian/str-miros-stm32f103-master/str-miros-stm32f103-master/Drivers/CMSIS/Device/ST/STM32F1xx/Include" -I"C:/Users/Elison Maiko/OneDrive/√?rea de Trabalho/LL/STR/GitLab_Gian/str-miros-stm32f103-master/str-miros-stm32f103-master/Drivers/CMSIS/Include" -I"C:/Users/Elison Maiko/OneDrive/√?rea de Trabalho/LL/STR/GitLab_Gian/str-miros-stm32f103-master/str-miros-stm32f103-master/Inc" -O0 -ffunction-sections -fdata-sections -Wall -fstack-usage -fcyclomatic-complexity -MMD -MP -MF"Drivers/STM32F1xx_HAL_Driver/Src/stm32f1xx_hal_cortex.d" -MT"Drivers/STM32F1xx_HAL_Driver/Src/stm32f1xx_hal_cortex.o" --specs=nano.specs -mfloat-abi=soft -mthumb -o "Drivers/STM32F1xx_HAL_Driver/Src/stm32f1xx_hal_cortex.o"
arm-none-eabi-gcc "../Drivers/STM32F1xx_HAL_Driver/Src/stm32f1xx_hal_crc.c" -mcpu=cortex-m3 -std=gnu11 -g3 -DDEBUG -DSTM32 -DSTM32F1 -DSTM32F103C8Tx -c -I"C:/Users/Elison Maiko/OneDrive/√?rea de Trabalho/LL/STR/GitLab_Gian/str-miros-stm32f103-master/str-miros-stm32f103-master/Drivers/STM32F1xx_HAL_Driver/Inc" -I"C:/Users/Elison Maiko/OneDrive/√?rea de Trabalho/LL/STR/GitLab_Gian/str-miros-stm32f103-master/str-miros-stm32f103-master/Drivers/CMSIS/Device/ST/STM32F1xx/Include" -I"C:/Users/Elison Maiko/OneDrive/√?rea de Trabalho/LL/STR/GitLab_Gian/str-miros-stm32f103-master/str-miros-stm32f103-master/Drivers/CMSIS/Include" -I"C:/Users/Elison Maiko/OneDrive/√?rea de Trabalho/LL/STR/GitLab_Gian/str-miros-stm32f103-master/str-miros-stm32f103-master/Inc" -O0 -ffunction-sections -fdata-sections -Wall -fstack-usage -fcyclomatic-complexity -MMD -MP -MF"Drivers/STM32F1xx_HAL_Driver/Src/stm32f1xx_hal_crc.d" -MT"Drivers/STM32F1xx_HAL_Driver/Src/stm32f1xx_hal_crc.o" --specs=nano.specs -mfloat-abi=soft -mthumb -o "Drivers/STM32F1xx_HAL_Driver/Src/stm32f1xx_hal_crc.o"
arm-none-eabi-gcc "../Drivers/STM32F1xx_HAL_Driver/Src/stm32f1xx_hal_dac.c" -mcpu=cortex-m3 -std=gnu11 -g3 -DDEBUG -DSTM32 -DSTM32F1 -DSTM32F103C8Tx -c -I"C:/Users/Elison Maiko/OneDrive/√?rea de Trabalho/LL/STR/GitLab_Gian/str-miros-stm32f103-master/str-miros-stm32f103-master/Drivers/STM32F1xx_HAL_Driver/Inc" -I"C:/Users/Elison Maiko/OneDrive/√?rea de Trabalho/LL/STR/GitLab_Gian/str-miros-stm32f103-master/str-miros-stm32f103-master/Drivers/CMSIS/Device/ST/STM32F1xx/Include" -I"C:/Users/Elison Maiko/OneDrive/√?rea de Trabalho/LL/STR/GitLab_Gian/str-miros-stm32f103-master/str-miros-stm32f103-master/Drivers/CMSIS/Include" -I"C:/Users/Elison Maiko/OneDrive/√?rea de Trabalho/LL/STR/GitLab_Gian/str-miros-stm32f103-master/str-miros-stm32f103-master/Inc" -O0 -ffunction-sections -fdata-sections -Wall -fstack-usage -fcyclomatic-complexity -MMD -MP -MF"Drivers/STM32F1xx_HAL_Driver/Src/stm32f1xx_hal_dac.d" -MT"Drivers/STM32F1xx_HAL_Driver/Src/stm32f1xx_hal_dac.o" --specs=nano.specs -mfloat-abi=soft -mthumb -o "Drivers/STM32F1xx_HAL_Driver/Src/stm32f1xx_hal_dac.o"
arm-none-eabi-gcc "../Drivers/STM32F1xx_HAL_Driver/Src/stm32f1xx_hal_dac_ex.c" -mcpu=cortex-m3 -std=gnu11 -g3 -DDEBUG -DSTM32 -DSTM32F1 -DSTM32F103C8Tx -c -I"C:/Users/Elison Maiko/OneDrive/√?rea de Trabalho/LL/STR/GitLab_Gian/str-miros-stm32f103-master/str-miros-stm32f103-master/Drivers/STM32F1xx_HAL_Driver/Inc" -I"C:/Users/Elison Maiko/OneDrive/√?rea de Trabalho/LL/STR/GitLab_Gian/str-miros-stm32f103-master/str-miros-stm32f103-master/Drivers/CMSIS/Device/ST/STM32F1xx/Include" -I"C:/Users/Elison Maiko/OneDrive/√?rea de Trabalho/LL/STR/GitLab_Gian/str-miros-stm32f103-master/str-miros-stm32f103-master/Drivers/CMSIS/Include" -I"C:/Users/Elison Maiko/OneDrive/√?rea de Trabalho/LL/STR/GitLab_Gian/str-miros-stm32f103-master/str-miros-stm32f103-master/Inc" -O0 -ffunction-sections -fdata-sections -Wall -fstack-usage -fcyclomatic-complexity -MMD -MP -MF"Drivers/STM32F1xx_HAL_Driver/Src/stm32f1xx_hal_dac_ex.d" -MT"Drivers/STM32F1xx_HAL_Driver/Src/stm32f1xx_hal_dac_ex.o" --specs=nano.specs -mfloat-abi=soft -mthumb -o "Drivers/STM32F1xx_HAL_Driver/Src/stm32f1xx_hal_dac_ex.o"
arm-none-eabi-gcc "../Drivers/STM32F1xx_HAL_Driver/Src/stm32f1xx_hal_dma.c" -mcpu=cortex-m3 -std=gnu11 -g3 -DDEBUG -DSTM32 -DSTM32F1 -DSTM32F103C8Tx -c -I"C:/Users/Elison Maiko/OneDrive/√?rea de Trabalho/LL/STR/GitLab_Gian/str-miros-stm32f103-master/str-miros-stm32f103-master/Drivers/STM32F1xx_HAL_Driver/Inc" -I"C:/Users/Elison Maiko/OneDrive/√?rea de Trabalho/LL/STR/GitLab_Gian/str-miros-stm32f103-master/str-miros-stm32f103-master/Drivers/CMSIS/Device/ST/STM32F1xx/Include" -I"C:/Users/Elison Maiko/OneDrive/√?rea de Trabalho/LL/STR/GitLab_Gian/str-miros-stm32f103-master/str-miros-stm32f103-master/Drivers/CMSIS/Include" -I"C:/Users/Elison Maiko/OneDrive/√?rea de Trabalho/LL/STR/GitLab_Gian/str-miros-stm32f103-master/str-miros-stm32f103-master/Inc" -O0 -ffunction-sections -fdata-sections -Wall -fstack-usage -fcyclomatic-complexity -MMD -MP -MF"Drivers/STM32F1xx_HAL_Driver/Src/stm32f1xx_hal_dma.d" -MT"Drivers/STM32F1xx_HAL_Driver/Src/stm32f1xx_hal_dma.o" --specs=nano.specs -mfloat-abi=soft -mthumb -o "Drivers/STM32F1xx_HAL_Driver/Src/stm32f1xx_hal_dma.o"
arm-none-eabi-gcc "../Drivers/STM32F1xx_HAL_Driver/Src/stm32f1xx_hal_eth.c" -mcpu=cortex-m3 -std=gnu11 -g3 -DDEBUG -DSTM32 -DSTM32F1 -DSTM32F103C8Tx -c -I"C:/Users/Elison Maiko/OneDrive/√?rea de Trabalho/LL/STR/GitLab_Gian/str-miros-stm32f103-master/str-miros-stm32f103-master/Drivers/STM32F1xx_HAL_Driver/Inc" -I"C:/Users/Elison Maiko/OneDrive/√?rea de Trabalho/LL/STR/GitLab_Gian/str-miros-stm32f103-master/str-miros-stm32f103-master/Drivers/CMSIS/Device/ST/STM32F1xx/Include" -I"C:/Users/Elison Maiko/OneDrive/√?rea de Trabalho/LL/STR/GitLab_Gian/str-miros-stm32f103-master/str-miros-stm32f103-master/Drivers/CMSIS/Include" -I"C:/Users/Elison Maiko/OneDrive/√?rea de Trabalho/LL/STR/GitLab_Gian/str-miros-stm32f103-master/str-miros-stm32f103-master/Inc" -O0 -ffunction-sections -fdata-sections -Wall -fstack-usage -fcyclomatic-complexity -MMD -MP -MF"Drivers/STM32F1xx_HAL_Driver/Src/stm32f1xx_hal_eth.d" -MT"Drivers/STM32F1xx_HAL_Driver/Src/stm32f1xx_hal_eth.o" --specs=nano.specs -mfloat-abi=soft -mthumb -o "Drivers/STM32F1xx_HAL_Driver/Src/stm32f1xx_hal_eth.o"
arm-none-eabi-gcc "../Drivers/STM32F1xx_HAL_Driver/Src/stm32f1xx_hal_exti.c" -mcpu=cortex-m3 -std=gnu11 -g3 -DDEBUG -DSTM32 -DSTM32F1 -DSTM32F103C8Tx -c -I"C:/Users/Elison Maiko/OneDrive/√?rea de Trabalho/LL/STR/GitLab_Gian/str-miros-stm32f103-master/str-miros-stm32f103-master/Drivers/STM32F1xx_HAL_Driver/Inc" -I"C:/Users/Elison Maiko/OneDrive/√?rea de Trabalho/LL/STR/GitLab_Gian/str-miros-stm32f103-master/str-miros-stm32f103-master/Drivers/CMSIS/Device/ST/STM32F1xx/Include" -I"C:/Users/Elison Maiko/OneDrive/√?rea de Trabalho/LL/STR/GitLab_Gian/str-miros-stm32f103-master/str-miros-stm32f103-master/Drivers/CMSIS/Include" -I"C:/Users/Elison Maiko/OneDrive/√?rea de Trabalho/LL/STR/GitLab_Gian/str-miros-stm32f103-master/str-miros-stm32f103-master/Inc" -O0 -ffunction-sections -fdata-sections -Wall -fstack-usage -fcyclomatic-complexity -MMD -MP -MF"Drivers/STM32F1xx_HAL_Driver/Src/stm32f1xx_hal_exti.d" -MT"Drivers/STM32F1xx_HAL_Driver/Src/stm32f1xx_hal_exti.o" --specs=nano.specs -mfloat-abi=soft -mthumb -o "Drivers/STM32F1xx_HAL_Driver/Src/stm32f1xx_hal_exti.o"
arm-none-eabi-gcc "../Drivers/STM32F1xx_HAL_Driver/Src/stm32f1xx_hal_flash.c" -mcpu=cortex-m3 -std=gnu11 -g3 -DDEBUG -DSTM32 -DSTM32F1 -DSTM32F103C8Tx -c -I"C:/Users/Elison Maiko/OneDrive/√?rea de Trabalho/LL/STR/GitLab_Gian/str-miros-stm32f103-master/str-miros-stm32f103-master/Drivers/STM32F1xx_HAL_Driver/Inc" -I"C:/Users/Elison Maiko/OneDrive/√?rea de Trabalho/LL/STR/GitLab_Gian/str-miros-stm32f103-master/str-miros-stm32f103-master/Drivers/CMSIS/Device/ST/STM32F1xx/Include" -I"C:/Users/Elison Maiko/OneDrive/√?rea de Trabalho/LL/STR/GitLab_Gian/str-miros-stm32f103-master/str-miros-stm32f103-master/Drivers/CMSIS/Include" -I"C:/Users/Elison Maiko/OneDrive/√?rea de Trabalho/LL/STR/GitLab_Gian/str-miros-stm32f103-master/str-miros-stm32f103-master/Inc" -O0 -ffunction-sections -fdata-sections -Wall -fstack-usage -fcyclomatic-complexity -MMD -MP -MF"Drivers/STM32F1xx_HAL_Driver/Src/stm32f1xx_hal_flash.d" -MT"Drivers/STM32F1xx_HAL_Driver/Src/stm32f1xx_hal_flash.o" --specs=nano.specs -mfloat-abi=soft -mthumb -o "Drivers/STM32F1xx_HAL_Driver/Src/stm32f1xx_hal_flash.o"
arm-none-eabi-gcc "../Drivers/STM32F1xx_HAL_Driver/Src/stm32f1xx_hal_flash_ex.c" -mcpu=cortex-m3 -std=gnu11 -g3 -DDEBUG -DSTM32 -DSTM32F1 -DSTM32F103C8Tx -c -I"C:/Users/Elison Maiko/OneDrive/√?rea de Trabalho/LL/STR/GitLab_Gian/str-miros-stm32f103-master/str-miros-stm32f103-master/Drivers/STM32F1xx_HAL_Driver/Inc" -I"C:/Users/Elison Maiko/OneDrive/√?rea de Trabalho/LL/STR/GitLab_Gian/str-miros-stm32f103-master/str-miros-stm32f103-master/Drivers/CMSIS/Device/ST/STM32F1xx/Include" -I"C:/Users/Elison Maiko/OneDrive/√?rea de Trabalho/LL/STR/GitLab_Gian/str-miros-stm32f103-master/str-miros-stm32f103-master/Drivers/CMSIS/Include" -I"C:/Users/Elison Maiko/OneDrive/√?rea de Trabalho/LL/STR/GitLab_Gian/str-miros-stm32f103-master/str-miros-stm32f103-master/Inc" -O0 -ffunction-sections -fdata-sections -Wall -fstack-usage -fcyclomatic-complexity -MMD -MP -MF"Drivers/STM32F1xx_HAL_Driver/Src/stm32f1xx_hal_flash_ex.d" -MT"Drivers/STM32F1xx_HAL_Driver/Src/stm32f1xx_hal_flash_ex.o" --specs=nano.specs -mfloat-abi=soft -mthumb -o "Drivers/STM32F1xx_HAL_Driver/Src/stm32f1xx_hal_flash_ex.o"
arm-none-eabi-gcc "../Drivers/STM32F1xx_HAL_Driver/Src/stm32f1xx_hal_gpio.c" -mcpu=cortex-m3 -std=gnu11 -g3 -DDEBUG -DSTM32 -DSTM32F1 -DSTM32F103C8Tx -c -I"C:/Users/Elison Maiko/OneDrive/√?rea de Trabalho/LL/STR/GitLab_Gian/str-miros-stm32f103-master/str-miros-stm32f103-master/Drivers/STM32F1xx_HAL_Driver/Inc" -I"C:/Users/Elison Maiko/OneDrive/√?rea de Trabalho/LL/STR/GitLab_Gian/str-miros-stm32f103-master/str-miros-stm32f103-master/Drivers/CMSIS/Device/ST/STM32F1xx/Include" -I"C:/Users/Elison Maiko/OneDrive/√?rea de Trabalho/LL/STR/GitLab_Gian/str-miros-stm32f103-master/str-miros-stm32f103-master/Drivers/CMSIS/Include" -I"C:/Users/Elison Maiko/OneDrive/√?rea de Trabalho/LL/STR/GitLab_Gian/str-miros-stm32f103-master/str-miros-stm32f103-master/Inc" -O0 -ffunction-sections -fdata-sections -Wall -fstack-usage -fcyclomatic-complexity -MMD -MP -MF"Drivers/STM32F1xx_HAL_Driver/Src/stm32f1xx_hal_gpio.d" -MT"Drivers/STM32F1xx_HAL_Driver/Src/stm32f1xx_hal_gpio.o" --specs=nano.specs -mfloat-abi=soft -mthumb -o "Drivers/STM32F1xx_HAL_Driver/Src/stm32f1xx_hal_gpio.o"
arm-none-eabi-gcc "../Drivers/STM32F1xx_HAL_Driver/Src/stm32f1xx_hal_gpio_ex.c" -mcpu=cortex-m3 -std=gnu11 -g3 -DDEBUG -DSTM32 -DSTM32F1 -DSTM32F103C8Tx -c -I"C:/Users/Elison Maiko/OneDrive/√?rea de Trabalho/LL/STR/GitLab_Gian/str-miros-stm32f103-master/str-miros-stm32f103-master/Drivers/STM32F1xx_HAL_Driver/Inc" -I"C:/Users/Elison Maiko/OneDrive/√?rea de Trabalho/LL/STR/GitLab_Gian/str-miros-stm32f103-master/str-miros-stm32f103-master/Drivers/CMSIS/Device/ST/STM32F1xx/Include" -I"C:/Users/Elison Maiko/OneDrive/√?rea de Trabalho/LL/STR/GitLab_Gian/str-miros-stm32f103-master/str-miros-stm32f103-master/Drivers/CMSIS/Include" -I"C:/Users/Elison Maiko/OneDrive/√?rea de Trabalho/LL/STR/GitLab_Gian/str-miros-stm32f103-master/str-miros-stm32f103-master/Inc" -O0 -ffunction-sections -fdata-sections -Wall -fstack-usage -fcyclomatic-complexity -MMD -MP -MF"Drivers/STM32F1xx_HAL_Driver/Src/stm32f1xx_hal_gpio_ex.d" -MT"Drivers/STM32F1xx_HAL_Driver/Src/stm32f1xx_hal_gpio_ex.o" --specs=nano.specs -mfloat-abi=soft -mthumb -o "Drivers/STM32F1xx_HAL_Driver/Src/stm32f1xx_hal_gpio_ex.o"
arm-none-eabi-gcc "../Drivers/STM32F1xx_HAL_Driver/Src/stm32f1xx_hal_hcd.c" -mcpu=cortex-m3 -std=gnu11 -g3 -DDEBUG -DSTM32 -DSTM32F1 -DSTM32F103C8Tx -c -I"C:/Users/Elison Maiko/OneDrive/√?rea de Trabalho/LL/STR/GitLab_Gian/str-miros-stm32f103-master/str-miros-stm32f103-master/Drivers/STM32F1xx_HAL_Driver/Inc" -I"C:/Users/Elison Maiko/OneDrive/√?rea de Trabalho/LL/STR/GitLab_Gian/str-miros-stm32f103-master/str-miros-stm32f103-master/Drivers/CMSIS/Device/ST/STM32F1xx/Include" -I"C:/Users/Elison Maiko/OneDrive/√?rea de Trabalho/LL/STR/GitLab_Gian/str-miros-stm32f103-master/str-miros-stm32f103-master/Drivers/CMSIS/Include" -I"C:/Users/Elison Maiko/OneDrive/√?rea de Trabalho/LL/STR/GitLab_Gian/str-miros-stm32f103-master/str-miros-stm32f103-master/Inc" -O0 -ffunction-sections -fdata-sections -Wall -fstack-usage -fcyclomatic-complexity -MMD -MP -MF"Drivers/STM32F1xx_HAL_Driver/Src/stm32f1xx_hal_hcd.d" -MT"Drivers/STM32F1xx_HAL_Driver/Src/stm32f1xx_hal_hcd.o" --specs=nano.specs -mfloat-abi=soft -mthumb -o "Drivers/STM32F1xx_HAL_Driver/Src/stm32f1xx_hal_hcd.o"
arm-none-eabi-gcc "../Drivers/STM32F1xx_HAL_Driver/Src/stm32f1xx_hal_i2c.c" -mcpu=cortex-m3 -std=gnu11 -g3 -DDEBUG -DSTM32 -DSTM32F1 -DSTM32F103C8Tx -c -I"C:/Users/Elison Maiko/OneDrive/√?rea de Trabalho/LL/STR/GitLab_Gian/str-miros-stm32f103-master/str-miros-stm32f103-master/Drivers/STM32F1xx_HAL_Driver/Inc" -I"C:/Users/Elison Maiko/OneDrive/√?rea de Trabalho/LL/STR/GitLab_Gian/str-miros-stm32f103-master/str-miros-stm32f103-master/Drivers/CMSIS/Device/ST/STM32F1xx/Include" -I"C:/Users/Elison Maiko/OneDrive/√?rea de Trabalho/LL/STR/GitLab_Gian/str-miros-stm32f103-master/str-miros-stm32f103-master/Drivers/CMSIS/Include" -I"C:/Users/Elison Maiko/OneDrive/√?rea de Trabalho/LL/STR/GitLab_Gian/str-miros-stm32f103-master/str-miros-stm32f103-master/Inc" -O0 -ffunction-sections -fdata-sections -Wall -fstack-usage -fcyclomatic-complexity -MMD -MP -MF"Drivers/STM32F1xx_HAL_Driver/Src/stm32f1xx_hal_i2c.d" -MT"Drivers/STM32F1xx_HAL_Driver/Src/stm32f1xx_hal_i2c.o" --specs=nano.specs -mfloat-abi=soft -mthumb -o "Drivers/STM32F1xx_HAL_Driver/Src/stm32f1xx_hal_i2c.o"
arm-none-eabi-gcc "../Drivers/STM32F1xx_HAL_Driver/Src/stm32f1xx_hal_i2s.c" -mcpu=cortex-m3 -std=gnu11 -g3 -DDEBUG -DSTM32 -DSTM32F1 -DSTM32F103C8Tx -c -I"C:/Users/Elison Maiko/OneDrive/√?rea de Trabalho/LL/STR/GitLab_Gian/str-miros-stm32f103-master/str-miros-stm32f103-master/Drivers/STM32F1xx_HAL_Driver/Inc" -I"C:/Users/Elison Maiko/OneDrive/√?rea de Trabalho/LL/STR/GitLab_Gian/str-miros-stm32f103-master/str-miros-stm32f103-master/Drivers/CMSIS/Device/ST/STM32F1xx/Include" -I"C:/Users/Elison Maiko/OneDrive/√?rea de Trabalho/LL/STR/GitLab_Gian/str-miros-stm32f103-master/str-miros-stm32f103-master/Drivers/CMSIS/Include" -I"C:/Users/Elison Maiko/OneDrive/√?rea de Trabalho/LL/STR/GitLab_Gian/str-miros-stm32f103-master/str-miros-stm32f103-master/Inc" -O0 -ffunction-sections -fdata-sections -Wall -fstack-usage -fcyclomatic-complexity -MMD -MP -MF"Drivers/STM32F1xx_HAL_Driver/Src/stm32f1xx_hal_i2s.d" -MT"Drivers/STM32F1xx_HAL_Driver/Src/stm32f1xx_hal_i2s.o" --specs=nano.specs -mfloat-abi=soft -mthumb -o "Drivers/STM32F1xx_HAL_Driver/Src/stm32f1xx_hal_i2s.o"
arm-none-eabi-gcc "../Drivers/STM32F1xx_HAL_Driver/Src/stm32f1xx_hal_irda.c" -mcpu=cortex-m3 -std=gnu11 -g3 -DDEBUG -DSTM32 -DSTM32F1 -DSTM32F103C8Tx -c -I"C:/Users/Elison Maiko/OneDrive/√?rea de Trabalho/LL/STR/GitLab_Gian/str-miros-stm32f103-master/str-miros-stm32f103-master/Drivers/STM32F1xx_HAL_Driver/Inc" -I"C:/Users/Elison Maiko/OneDrive/√?rea de Trabalho/LL/STR/GitLab_Gian/str-miros-stm32f103-master/str-miros-stm32f103-master/Drivers/CMSIS/Device/ST/STM32F1xx/Include" -I"C:/Users/Elison Maiko/OneDrive/√?rea de Trabalho/LL/STR/GitLab_Gian/str-miros-stm32f103-master/str-miros-stm32f103-master/Drivers/CMSIS/Include" -I"C:/Users/Elison Maiko/OneDrive/√?rea de Trabalho/LL/STR/GitLab_Gian/str-miros-stm32f103-master/str-miros-stm32f103-master/Inc" -O0 -ffunction-sections -fdata-sections -Wall -fstack-usage -fcyclomatic-complexity -MMD -MP -MF"Drivers/STM32F1xx_HAL_Driver/Src/stm32f1xx_hal_irda.d" -MT"Drivers/STM32F1xx_HAL_Driver/Src/stm32f1xx_hal_irda.o" --specs=nano.specs -mfloat-abi=soft -mthumb -o "Drivers/STM32F1xx_HAL_Driver/Src/stm32f1xx_hal_irda.o"
arm-none-eabi-gcc "../Drivers/STM32F1xx_HAL_Driver/Src/stm32f1xx_hal_iwdg.c" -mcpu=cortex-m3 -std=gnu11 -g3 -DDEBUG -DSTM32 -DSTM32F1 -DSTM32F103C8Tx -c -I"C:/Users/Elison Maiko/OneDrive/√?rea de Trabalho/LL/STR/GitLab_Gian/str-miros-stm32f103-master/str-miros-stm32f103-master/Drivers/STM32F1xx_HAL_Driver/Inc" -I"C:/Users/Elison Maiko/OneDrive/√?rea de Trabalho/LL/STR/GitLab_Gian/str-miros-stm32f103-master/str-miros-stm32f103-master/Drivers/CMSIS/Device/ST/STM32F1xx/Include" -I"C:/Users/Elison Maiko/OneDrive/√?rea de Trabalho/LL/STR/GitLab_Gian/str-miros-stm32f103-master/str-miros-stm32f103-master/Drivers/CMSIS/Include" -I"C:/Users/Elison Maiko/OneDrive/√?rea de Trabalho/LL/STR/GitLab_Gian/str-miros-stm32f103-master/str-miros-stm32f103-master/Inc" -O0 -ffunction-sections -fdata-sections -Wall -fstack-usage -fcyclomatic-complexity -MMD -MP -MF"Drivers/STM32F1xx_HAL_Driver/Src/stm32f1xx_hal_iwdg.d" -MT"Drivers/STM32F1xx_HAL_Driver/Src/stm32f1xx_hal_iwdg.o" --specs=nano.specs -mfloat-abi=soft -mthumb -o "Drivers/STM32F1xx_HAL_Driver/Src/stm32f1xx_hal_iwdg.o"
arm-none-eabi-gcc "../Drivers/STM32F1xx_HAL_Driver/Src/stm32f1xx_hal_mmc.c" -mcpu=cortex-m3 -std=gnu11 -g3 -DDEBUG -DSTM32 -DSTM32F1 -DSTM32F103C8Tx -c -I"C:/Users/Elison Maiko/OneDrive/√?rea de Trabalho/LL/STR/GitLab_Gian/str-miros-stm32f103-master/str-miros-stm32f103-master/Drivers/STM32F1xx_HAL_Driver/Inc" -I"C:/Users/Elison Maiko/OneDrive/√?rea de Trabalho/LL/STR/GitLab_Gian/str-miros-stm32f103-master/str-miros-stm32f103-master/Drivers/CMSIS/Device/ST/STM32F1xx/Include" -I"C:/Users/Elison Maiko/OneDrive/√?rea de Trabalho/LL/STR/GitLab_Gian/str-miros-stm32f103-master/str-miros-stm32f103-master/Drivers/CMSIS/Include" -I"C:/Users/Elison Maiko/OneDrive/√?rea de Trabalho/LL/STR/GitLab_Gian/str-miros-stm32f103-master/str-miros-stm32f103-master/Inc" -O0 -ffunction-sections -fdata-sections -Wall -fstack-usage -fcyclomatic-complexity -MMD -MP -MF"Drivers/STM32F1xx_HAL_Driver/Src/stm32f1xx_hal_mmc.d" -MT"Drivers/STM32F1xx_HAL_Driver/Src/stm32f1xx_hal_mmc.o" --specs=nano.specs -mfloat-abi=soft -mthumb -o "Drivers/STM32F1xx_HAL_Driver/Src/stm32f1xx_hal_mmc.o"
arm-none-eabi-gcc "../Drivers/STM32F1xx_HAL_Driver/Src/stm32f1xx_hal_msp_template.c" -mcpu=cortex-m3 -std=gnu11 -g3 -DDEBUG -DSTM32 -DSTM32F1 -DSTM32F103C8Tx -c -I"C:/Users/Elison Maiko/OneDrive/√?rea de Trabalho/LL/STR/GitLab_Gian/str-miros-stm32f103-master/str-miros-stm32f103-master/Drivers/STM32F1xx_HAL_Driver/Inc" -I"C:/Users/Elison Maiko/OneDrive/√?rea de Trabalho/LL/STR/GitLab_Gian/str-miros-stm32f103-master/str-miros-stm32f103-master/Drivers/CMSIS/Device/ST/STM32F1xx/Include" -I"C:/Users/Elison Maiko/OneDrive/√?rea de Trabalho/LL/STR/GitLab_Gian/str-miros-stm32f103-master/str-miros-stm32f103-master/Drivers/CMSIS/Include" -I"C:/Users/Elison Maiko/OneDrive/√?rea de Trabalho/LL/STR/GitLab_Gian/str-miros-stm32f103-master/str-miros-stm32f103-master/Inc" -O0 -ffunction-sections -fdata-sections -Wall -fstack-usage -fcyclomatic-complexity -MMD -MP -MF"Drivers/STM32F1xx_HAL_Driver/Src/stm32f1xx_hal_msp_template.d" -MT"Drivers/STM32F1xx_HAL_Driver/Src/stm32f1xx_hal_msp_template.o" --specs=nano.specs -mfloat-abi=soft -mthumb -o "Drivers/STM32F1xx_HAL_Driver/Src/stm32f1xx_hal_msp_template.o"
arm-none-eabi-gcc "../Drivers/STM32F1xx_HAL_Driver/Src/stm32f1xx_hal_nand.c" -mcpu=cortex-m3 -std=gnu11 -g3 -DDEBUG -DSTM32 -DSTM32F1 -DSTM32F103C8Tx -c -I"C:/Users/Elison Maiko/OneDrive/√?rea de Trabalho/LL/STR/GitLab_Gian/str-miros-stm32f103-master/str-miros-stm32f103-master/Drivers/STM32F1xx_HAL_Driver/Inc" -I"C:/Users/Elison Maiko/OneDrive/√?rea de Trabalho/LL/STR/GitLab_Gian/str-miros-stm32f103-master/str-miros-stm32f103-master/Drivers/CMSIS/Device/ST/STM32F1xx/Include" -I"C:/Users/Elison Maiko/OneDrive/√?rea de Trabalho/LL/STR/GitLab_Gian/str-miros-stm32f103-master/str-miros-stm32f103-master/Drivers/CMSIS/Include" -I"C:/Users/Elison Maiko/OneDrive/√?rea de Trabalho/LL/STR/GitLab_Gian/str-miros-stm32f103-master/str-miros-stm32f103-master/Inc" -O0 -ffunction-sections -fdata-sections -Wall -fstack-usage -fcyclomatic-complexity -MMD -MP -MF"Drivers/STM32F1xx_HAL_Driver/Src/stm32f1xx_hal_nand.d" -MT"Drivers/STM32F1xx_HAL_Driver/Src/stm32f1xx_hal_nand.o" --specs=nano.specs -mfloat-abi=soft -mthumb -o "Drivers/STM32F1xx_HAL_Driver/Src/stm32f1xx_hal_nand.o"
arm-none-eabi-gcc "../Drivers/STM32F1xx_HAL_Driver/Src/stm32f1xx_hal_nor.c" -mcpu=cortex-m3 -std=gnu11 -g3 -DDEBUG -DSTM32 -DSTM32F1 -DSTM32F103C8Tx -c -I"C:/Users/Elison Maiko/OneDrive/√?rea de Trabalho/LL/STR/GitLab_Gian/str-miros-stm32f103-master/str-miros-stm32f103-master/Drivers/STM32F1xx_HAL_Driver/Inc" -I"C:/Users/Elison Maiko/OneDrive/√?rea de Trabalho/LL/STR/GitLab_Gian/str-miros-stm32f103-master/str-miros-stm32f103-master/Drivers/CMSIS/Device/ST/STM32F1xx/Include" -I"C:/Users/Elison Maiko/OneDrive/√?rea de Trabalho/LL/STR/GitLab_Gian/str-miros-stm32f103-master/str-miros-stm32f103-master/Drivers/CMSIS/Include" -I"C:/Users/Elison Maiko/OneDrive/√?rea de Trabalho/LL/STR/GitLab_Gian/str-miros-stm32f103-master/str-miros-stm32f103-master/Inc" -O0 -ffunction-sections -fdata-sections -Wall -fstack-usage -fcyclomatic-complexity -MMD -MP -MF"Drivers/STM32F1xx_HAL_Driver/Src/stm32f1xx_hal_nor.d" -MT"Drivers/STM32F1xx_HAL_Driver/Src/stm32f1xx_hal_nor.o" --specs=nano.specs -mfloat-abi=soft -mthumb -o "Drivers/STM32F1xx_HAL_Driver/Src/stm32f1xx_hal_nor.o"
arm-none-eabi-gcc "../Drivers/STM32F1xx_HAL_Driver/Src/stm32f1xx_hal_pccard.c" -mcpu=cortex-m3 -std=gnu11 -g3 -DDEBUG -DSTM32 -DSTM32F1 -DSTM32F103C8Tx -c -I"C:/Users/Elison Maiko/OneDrive/√?rea de Trabalho/LL/STR/GitLab_Gian/str-miros-stm32f103-master/str-miros-stm32f103-master/Drivers/STM32F1xx_HAL_Driver/Inc" -I"C:/Users/Elison Maiko/OneDrive/√?rea de Trabalho/LL/STR/GitLab_Gian/str-miros-stm32f103-master/str-miros-stm32f103-master/Drivers/CMSIS/Device/ST/STM32F1xx/Include" -I"C:/Users/Elison Maiko/OneDrive/√?rea de Trabalho/LL/STR/GitLab_Gian/str-miros-stm32f103-master/str-miros-stm32f103-master/Drivers/CMSIS/Include" -I"C:/Users/Elison Maiko/OneDrive/√?rea de Trabalho/LL/STR/GitLab_Gian/str-miros-stm32f103-master/str-miros-stm32f103-master/Inc" -O0 -ffunction-sections -fdata-sections -Wall -fstack-usage -fcyclomatic-complexity -MMD -MP -MF"Drivers/STM32F1xx_HAL_Driver/Src/stm32f1xx_hal_pccard.d" -MT"Drivers/STM32F1xx_HAL_Driver/Src/stm32f1xx_hal_pccard.o" --specs=nano.specs -mfloat-abi=soft -mthumb -o "Drivers/STM32F1xx_HAL_Driver/Src/stm32f1xx_hal_pccard.o"
arm-none-eabi-gcc "../Drivers/STM32F1xx_HAL_Driver/Src/stm32f1xx_hal_pcd.c" -mcpu=cortex-m3 -std=gnu11 -g3 -DDEBUG -DSTM32 -DSTM32F1 -DSTM32F103C8Tx -c -I"C:/Users/Elison Maiko/OneDrive/√?rea de Trabalho/LL/STR/GitLab_Gian/str-miros-stm32f103-master/str-miros-stm32f103-master/Drivers/STM32F1xx_HAL_Driver/Inc" -I"C:/Users/Elison Maiko/OneDrive/√?rea de Trabalho/LL/STR/GitLab_Gian/str-miros-stm32f103-master/str-miros-stm32f103-master/Drivers/CMSIS/Device/ST/STM32F1xx/Include" -I"C:/Users/Elison Maiko/OneDrive/√?rea de Trabalho/LL/STR/GitLab_Gian/str-miros-stm32f103-master/str-miros-stm32f103-master/Drivers/CMSIS/Include" -I"C:/Users/Elison Maiko/OneDrive/√?rea de Trabalho/LL/STR/GitLab_Gian/str-miros-stm32f103-master/str-miros-stm32f103-master/Inc" -O0 -ffunction-sections -fdata-sections -Wall -fstack-usage -fcyclomatic-complexity -MMD -MP -MF"Drivers/STM32F1xx_HAL_Driver/Src/stm32f1xx_hal_pcd.d" -MT"Drivers/STM32F1xx_HAL_Driver/Src/stm32f1xx_hal_pcd.o" --specs=nano.specs -mfloat-abi=soft -mthumb -o "Drivers/STM32F1xx_HAL_Driver/Src/stm32f1xx_hal_pcd.o"
arm-none-eabi-gcc "../Drivers/STM32F1xx_HAL_Driver/Src/stm32f1xx_hal_pcd_ex.c" -mcpu=cortex-m3 -std=gnu11 -g3 -DDEBUG -DSTM32 -DSTM32F1 -DSTM32F103C8Tx -c -I"C:/Users/Elison Maiko/OneDrive/√?rea de Trabalho/LL/STR/GitLab_Gian/str-miros-stm32f103-master/str-miros-stm32f103-master/Drivers/STM32F1xx_HAL_Driver/Inc" -I"C:/Users/Elison Maiko/OneDrive/√?rea de Trabalho/LL/STR/GitLab_Gian/str-miros-stm32f103-master/str-miros-stm32f103-master/Drivers/CMSIS/Device/ST/STM32F1xx/Include" -I"C:/Users/Elison Maiko/OneDrive/√?rea de Trabalho/LL/STR/GitLab_Gian/str-miros-stm32f103-master/str-miros-stm32f103-master/Drivers/CMSIS/Include" -I"C:/Users/Elison Maiko/OneDrive/√?rea de Trabalho/LL/STR/GitLab_Gian/str-miros-stm32f103-master/str-miros-stm32f103-master/Inc" -O0 -ffunction-sections -fdata-sections -Wall -fstack-usage -fcyclomatic-complexity -MMD -MP -MF"Drivers/STM32F1xx_HAL_Driver/Src/stm32f1xx_hal_pcd_ex.d" -MT"Drivers/STM32F1xx_HAL_Driver/Src/stm32f1xx_hal_pcd_ex.o" --specs=nano.specs -mfloat-abi=soft -mthumb -o "Drivers/STM32F1xx_HAL_Driver/Src/stm32f1xx_hal_pcd_ex.o"
arm-none-eabi-gcc "../Drivers/STM32F1xx_HAL_Driver/Src/stm32f1xx_hal_pwr.c" -mcpu=cortex-m3 -std=gnu11 -g3 -DDEBUG -DSTM32 -DSTM32F1 -DSTM32F103C8Tx -c -I"C:/Users/Elison Maiko/OneDrive/√?rea de Trabalho/LL/STR/GitLab_Gian/str-miros-stm32f103-master/str-miros-stm32f103-master/Drivers/STM32F1xx_HAL_Driver/Inc" -I"C:/Users/Elison Maiko/OneDrive/√?rea de Trabalho/LL/STR/GitLab_Gian/str-miros-stm32f103-master/str-miros-stm32f103-master/Drivers/CMSIS/Device/ST/STM32F1xx/Include" -I"C:/Users/Elison Maiko/OneDrive/√?rea de Trabalho/LL/STR/GitLab_Gian/str-miros-stm32f103-master/str-miros-stm32f103-master/Drivers/CMSIS/Include" -I"C:/Users/Elison Maiko/OneDrive/√?rea de Trabalho/LL/STR/GitLab_Gian/str-miros-stm32f103-master/str-miros-stm32f103-master/Inc" -O0 -ffunction-sections -fdata-sections -Wall -fstack-usage -fcyclomatic-complexity -MMD -MP -MF"Drivers/STM32F1xx_HAL_Driver/Src/stm32f1xx_hal_pwr.d" -MT"Drivers/STM32F1xx_HAL_Driver/Src/stm32f1xx_hal_pwr.o" --specs=nano.specs -mfloat-abi=soft -mthumb -o "Drivers/STM32F1xx_HAL_Driver/Src/stm32f1xx_hal_pwr.o"
arm-none-eabi-gcc "../Drivers/STM32F1xx_HAL_Driver/Src/stm32f1xx_hal_rcc.c" -mcpu=cortex-m3 -std=gnu11 -g3 -DDEBUG -DSTM32 -DSTM32F1 -DSTM32F103C8Tx -c -I"C:/Users/Elison Maiko/OneDrive/√?rea de Trabalho/LL/STR/GitLab_Gian/str-miros-stm32f103-master/str-miros-stm32f103-master/Drivers/STM32F1xx_HAL_Driver/Inc" -I"C:/Users/Elison Maiko/OneDrive/√?rea de Trabalho/LL/STR/GitLab_Gian/str-miros-stm32f103-master/str-miros-stm32f103-master/Drivers/CMSIS/Device/ST/STM32F1xx/Include" -I"C:/Users/Elison Maiko/OneDrive/√?rea de Trabalho/LL/STR/GitLab_Gian/str-miros-stm32f103-master/str-miros-stm32f103-master/Drivers/CMSIS/Include" -I"C:/Users/Elison Maiko/OneDrive/√?rea de Trabalho/LL/STR/GitLab_Gian/str-miros-stm32f103-master/str-miros-stm32f103-master/Inc" -O0 -ffunction-sections -fdata-sections -Wall -fstack-usage -fcyclomatic-complexity -MMD -MP -MF"Drivers/STM32F1xx_HAL_Driver/Src/stm32f1xx_hal_rcc.d" -MT"Drivers/STM32F1xx_HAL_Driver/Src/stm32f1xx_hal_rcc.o" --specs=nano.specs -mfloat-abi=soft -mthumb -o "Drivers/STM32F1xx_HAL_Driver/Src/stm32f1xx_hal_rcc.o"
arm-none-eabi-gcc "../Drivers/STM32F1xx_HAL_Driver/Src/stm32f1xx_hal_rcc_ex.c" -mcpu=cortex-m3 -std=gnu11 -g3 -DDEBUG -DSTM32 -DSTM32F1 -DSTM32F103C8Tx -c -I"C:/Users/Elison Maiko/OneDrive/√?rea de Trabalho/LL/STR/GitLab_Gian/str-miros-stm32f103-master/str-miros-stm32f103-master/Drivers/STM32F1xx_HAL_Driver/Inc" -I"C:/Users/Elison Maiko/OneDrive/√?rea de Trabalho/LL/STR/GitLab_Gian/str-miros-stm32f103-master/str-miros-stm32f103-master/Drivers/CMSIS/Device/ST/STM32F1xx/Include" -I"C:/Users/Elison Maiko/OneDrive/√?rea de Trabalho/LL/STR/GitLab_Gian/str-miros-stm32f103-master/str-miros-stm32f103-master/Drivers/CMSIS/Include" -I"C:/Users/Elison Maiko/OneDrive/√?rea de Trabalho/LL/STR/GitLab_Gian/str-miros-stm32f103-master/str-miros-stm32f103-master/Inc" -O0 -ffunction-sections -fdata-sections -Wall -fstack-usage -fcyclomatic-complexity -MMD -MP -MF"Drivers/STM32F1xx_HAL_Driver/Src/stm32f1xx_hal_rcc_ex.d" -MT"Drivers/STM32F1xx_HAL_Driver/Src/stm32f1xx_hal_rcc_ex.o" --specs=nano.specs -mfloat-abi=soft -mthumb -o "Drivers/STM32F1xx_HAL_Driver/Src/stm32f1xx_hal_rcc_ex.o"
arm-none-eabi-gcc "../Drivers/STM32F1xx_HAL_Driver/Src/stm32f1xx_hal_rtc.c" -mcpu=cortex-m3 -std=gnu11 -g3 -DDEBUG -DSTM32 -DSTM32F1 -DSTM32F103C8Tx -c -I"C:/Users/Elison Maiko/OneDrive/√?rea de Trabalho/LL/STR/GitLab_Gian/str-miros-stm32f103-master/str-miros-stm32f103-master/Drivers/STM32F1xx_HAL_Driver/Inc" -I"C:/Users/Elison Maiko/OneDrive/√?rea de Trabalho/LL/STR/GitLab_Gian/str-miros-stm32f103-master/str-miros-stm32f103-master/Drivers/CMSIS/Device/ST/STM32F1xx/Include" -I"C:/Users/Elison Maiko/OneDrive/√?rea de Trabalho/LL/STR/GitLab_Gian/str-miros-stm32f103-master/str-miros-stm32f103-master/Drivers/CMSIS/Include" -I"C:/Users/Elison Maiko/OneDrive/√?rea de Trabalho/LL/STR/GitLab_Gian/str-miros-stm32f103-master/str-miros-stm32f103-master/Inc" -O0 -ffunction-sections -fdata-sections -Wall -fstack-usage -fcyclomatic-complexity -MMD -MP -MF"Drivers/STM32F1xx_HAL_Driver/Src/stm32f1xx_hal_rtc.d" -MT"Drivers/STM32F1xx_HAL_Driver/Src/stm32f1xx_hal_rtc.o" --specs=nano.specs -mfloat-abi=soft -mthumb -o "Drivers/STM32F1xx_HAL_Driver/Src/stm32f1xx_hal_rtc.o"
arm-none-eabi-gcc "../Drivers/STM32F1xx_HAL_Driver/Src/stm32f1xx_hal_rtc_ex.c" -mcpu=cortex-m3 -std=gnu11 -g3 -DDEBUG -DSTM32 -DSTM32F1 -DSTM32F103C8Tx -c -I"C:/Users/Elison Maiko/OneDrive/√?rea de Trabalho/LL/STR/GitLab_Gian/str-miros-stm32f103-master/str-miros-stm32f103-master/Drivers/STM32F1xx_HAL_Driver/Inc" -I"C:/Users/Elison Maiko/OneDrive/√?rea de Trabalho/LL/STR/GitLab_Gian/str-miros-stm32f103-master/str-miros-stm32f103-master/Drivers/CMSIS/Device/ST/STM32F1xx/Include" -I"C:/Users/Elison Maiko/OneDrive/√?rea de Trabalho/LL/STR/GitLab_Gian/str-miros-stm32f103-master/str-miros-stm32f103-master/Drivers/CMSIS/Include" -I"C:/Users/Elison Maiko/OneDrive/√?rea de Trabalho/LL/STR/GitLab_Gian/str-miros-stm32f103-master/str-miros-stm32f103-master/Inc" -O0 -ffunction-sections -fdata-sections -Wall -fstack-usage -fcyclomatic-complexity -MMD -MP -MF"Drivers/STM32F1xx_HAL_Driver/Src/stm32f1xx_hal_rtc_ex.d" -MT"Drivers/STM32F1xx_HAL_Driver/Src/stm32f1xx_hal_rtc_ex.o" --specs=nano.specs -mfloat-abi=soft -mthumb -o "Drivers/STM32F1xx_HAL_Driver/Src/stm32f1xx_hal_rtc_ex.o"
arm-none-eabi-gcc "../Drivers/STM32F1xx_HAL_Driver/Src/stm32f1xx_hal_sd.c" -mcpu=cortex-m3 -std=gnu11 -g3 -DDEBUG -DSTM32 -DSTM32F1 -DSTM32F103C8Tx -c -I"C:/Users/Elison Maiko/OneDrive/√?rea de Trabalho/LL/STR/GitLab_Gian/str-miros-stm32f103-master/str-miros-stm32f103-master/Drivers/STM32F1xx_HAL_Driver/Inc" -I"C:/Users/Elison Maiko/OneDrive/√?rea de Trabalho/LL/STR/GitLab_Gian/str-miros-stm32f103-master/str-miros-stm32f103-master/Drivers/CMSIS/Device/ST/STM32F1xx/Include" -I"C:/Users/Elison Maiko/OneDrive/√?rea de Trabalho/LL/STR/GitLab_Gian/str-miros-stm32f103-master/str-miros-stm32f103-master/Drivers/CMSIS/Include" -I"C:/Users/Elison Maiko/OneDrive/√?rea de Trabalho/LL/STR/GitLab_Gian/str-miros-stm32f103-master/str-miros-stm32f103-master/Inc" -O0 -ffunction-sections -fdata-sections -Wall -fstack-usage -fcyclomatic-complexity -MMD -MP -MF"Drivers/STM32F1xx_HAL_Driver/Src/stm32f1xx_hal_sd.d" -MT"Drivers/STM32F1xx_HAL_Driver/Src/stm32f1xx_hal_sd.o" --specs=nano.specs -mfloat-abi=soft -mthumb -o "Drivers/STM32F1xx_HAL_Driver/Src/stm32f1xx_hal_sd.o"
arm-none-eabi-gcc "../Drivers/STM32F1xx_HAL_Driver/Src/stm32f1xx_hal_smartcard.c" -mcpu=cortex-m3 -std=gnu11 -g3 -DDEBUG -DSTM32 -DSTM32F1 -DSTM32F103C8Tx -c -I"C:/Users/Elison Maiko/OneDrive/√?rea de Trabalho/LL/STR/GitLab_Gian/str-miros-stm32f103-master/str-miros-stm32f103-master/Drivers/STM32F1xx_HAL_Driver/Inc" -I"C:/Users/Elison Maiko/OneDrive/√?rea de Trabalho/LL/STR/GitLab_Gian/str-miros-stm32f103-master/str-miros-stm32f103-master/Drivers/CMSIS/Device/ST/STM32F1xx/Include" -I"C:/Users/Elison Maiko/OneDrive/√?rea de Trabalho/LL/STR/GitLab_Gian/str-miros-stm32f103-master/str-miros-stm32f103-master/Drivers/CMSIS/Include" -I"C:/Users/Elison Maiko/OneDrive/√?rea de Trabalho/LL/STR/GitLab_Gian/str-miros-stm32f103-master/str-miros-stm32f103-master/Inc" -O0 -ffunction-sections -fdata-sections -Wall -fstack-usage -fcyclomatic-complexity -MMD -MP -MF"Drivers/STM32F1xx_HAL_Driver/Src/stm32f1xx_hal_smartcard.d" -MT"Drivers/STM32F1xx_HAL_Driver/Src/stm32f1xx_hal_smartcard.o" --specs=nano.specs -mfloat-abi=soft -mthumb -o "Drivers/STM32F1xx_HAL_Driver/Src/stm32f1xx_hal_smartcard.o"
arm-none-eabi-gcc "../Drivers/STM32F1xx_HAL_Driver/Src/stm32f1xx_hal_spi.c" -mcpu=cortex-m3 -std=gnu11 -g3 -DDEBUG -DSTM32 -DSTM32F1 -DSTM32F103C8Tx -c -I"C:/Users/Elison Maiko/OneDrive/√?rea de Trabalho/LL/STR/GitLab_Gian/str-miros-stm32f103-master/str-miros-stm32f103-master/Drivers/STM32F1xx_HAL_Driver/Inc" -I"C:/Users/Elison Maiko/OneDrive/√?rea de Trabalho/LL/STR/GitLab_Gian/str-miros-stm32f103-master/str-miros-stm32f103-master/Drivers/CMSIS/Device/ST/STM32F1xx/Include" -I"C:/Users/Elison Maiko/OneDrive/√?rea de Trabalho/LL/STR/GitLab_Gian/str-miros-stm32f103-master/str-miros-stm32f103-master/Drivers/CMSIS/Include" -I"C:/Users/Elison Maiko/OneDrive/√?rea de Trabalho/LL/STR/GitLab_Gian/str-miros-stm32f103-master/str-miros-stm32f103-master/Inc" -O0 -ffunction-sections -fdata-sections -Wall -fstack-usage -fcyclomatic-complexity -MMD -MP -MF"Drivers/STM32F1xx_HAL_Driver/Src/stm32f1xx_hal_spi.d" -MT"Drivers/STM32F1xx_HAL_Driver/Src/stm32f1xx_hal_spi.o" --specs=nano.specs -mfloat-abi=soft -mthumb -o "Drivers/STM32F1xx_HAL_Driver/Src/stm32f1xx_hal_spi.o"
arm-none-eabi-gcc "../Drivers/STM32F1xx_HAL_Driver/Src/stm32f1xx_hal_sram.c" -mcpu=cortex-m3 -std=gnu11 -g3 -DDEBUG -DSTM32 -DSTM32F1 -DSTM32F103C8Tx -c -I"C:/Users/Elison Maiko/OneDrive/√?rea de Trabalho/LL/STR/GitLab_Gian/str-miros-stm32f103-master/str-miros-stm32f103-master/Drivers/STM32F1xx_HAL_Driver/Inc" -I"C:/Users/Elison Maiko/OneDrive/√?rea de Trabalho/LL/STR/GitLab_Gian/str-miros-stm32f103-master/str-miros-stm32f103-master/Drivers/CMSIS/Device/ST/STM32F1xx/Include" -I"C:/Users/Elison Maiko/OneDrive/√?rea de Trabalho/LL/STR/GitLab_Gian/str-miros-stm32f103-master/str-miros-stm32f103-master/Drivers/CMSIS/Include" -I"C:/Users/Elison Maiko/OneDrive/√?rea de Trabalho/LL/STR/GitLab_Gian/str-miros-stm32f103-master/str-miros-stm32f103-master/Inc" -O0 -ffunction-sections -fdata-sections -Wall -fstack-usage -fcyclomatic-complexity -MMD -MP -MF"Drivers/STM32F1xx_HAL_Driver/Src/stm32f1xx_hal_sram.d" -MT"Drivers/STM32F1xx_HAL_Driver/Src/stm32f1xx_hal_sram.o" --specs=nano.specs -mfloat-abi=soft -mthumb -o "Drivers/STM32F1xx_HAL_Driver/Src/stm32f1xx_hal_sram.o"
arm-none-eabi-gcc "../Drivers/STM32F1xx_HAL_Driver/Src/stm32f1xx_hal_tim.c" -mcpu=cortex-m3 -std=gnu11 -g3 -DDEBUG -DSTM32 -DSTM32F1 -DSTM32F103C8Tx -c -I"C:/Users/Elison Maiko/OneDrive/√?rea de Trabalho/LL/STR/GitLab_Gian/str-miros-stm32f103-master/str-miros-stm32f103-master/Drivers/STM32F1xx_HAL_Driver/Inc" -I"C:/Users/Elison Maiko/OneDrive/√?rea de Trabalho/LL/STR/GitLab_Gian/str-miros-stm32f103-master/str-miros-stm32f103-master/Drivers/CMSIS/Device/ST/STM32F1xx/Include" -I"C:/Users/Elison Maiko/OneDrive/√?rea de Trabalho/LL/STR/GitLab_Gian/str-miros-stm32f103-master/str-miros-stm32f103-master/Drivers/CMSIS/Include" -I"C:/Users/Elison Maiko/OneDrive/√?rea de Trabalho/LL/STR/GitLab_Gian/str-miros-stm32f103-master/str-miros-stm32f103-master/Inc" -O0 -ffunction-sections -fdata-sections -Wall -fstack-usage -fcyclomatic-complexity -MMD -MP -MF"Drivers/STM32F1xx_HAL_Driver/Src/stm32f1xx_hal_tim.d" -MT"Drivers/STM32F1xx_HAL_Driver/Src/stm32f1xx_hal_tim.o" --specs=nano.specs -mfloat-abi=soft -mthumb -o "Drivers/STM32F1xx_HAL_Driver/Src/stm32f1xx_hal_tim.o"
arm-none-eabi-gcc "../Drivers/STM32F1xx_HAL_Driver/Src/stm32f1xx_hal_tim_ex.c" -mcpu=cortex-m3 -std=gnu11 -g3 -DDEBUG -DSTM32 -DSTM32F1 -DSTM32F103C8Tx -c -I"C:/Users/Elison Maiko/OneDrive/√?rea de Trabalho/LL/STR/GitLab_Gian/str-miros-stm32f103-master/str-miros-stm32f103-master/Drivers/STM32F1xx_HAL_Driver/Inc" -I"C:/Users/Elison Maiko/OneDrive/√?rea de Trabalho/LL/STR/GitLab_Gian/str-miros-stm32f103-master/str-miros-stm32f103-master/Drivers/CMSIS/Device/ST/STM32F1xx/Include" -I"C:/Users/Elison Maiko/OneDrive/√?rea de Trabalho/LL/STR/GitLab_Gian/str-miros-stm32f103-master/str-miros-stm32f103-master/Drivers/CMSIS/Include" -I"C:/Users/Elison Maiko/OneDrive/√?rea de Trabalho/LL/STR/GitLab_Gian/str-miros-stm32f103-master/str-miros-stm32f103-master/Inc" -O0 -ffunction-sections -fdata-sections -Wall -fstack-usage -fcyclomatic-complexity -MMD -MP -MF"Drivers/STM32F1xx_HAL_Driver/Src/stm32f1xx_hal_tim_ex.d" -MT"Drivers/STM32F1xx_HAL_Driver/Src/stm32f1xx_hal_tim_ex.o" --specs=nano.specs -mfloat-abi=soft -mthumb -o "Drivers/STM32F1xx_HAL_Driver/Src/stm32f1xx_hal_tim_ex.o"
arm-none-eabi-gcc "../Drivers/STM32F1xx_HAL_Driver/Src/stm32f1xx_hal_timebase_rtc_alarm_template.c" -mcpu=cortex-m3 -std=gnu11 -g3 -DDEBUG -DSTM32 -DSTM32F1 -DSTM32F103C8Tx -c -I"C:/Users/Elison Maiko/OneDrive/√?rea de Trabalho/LL/STR/GitLab_Gian/str-miros-stm32f103-master/str-miros-stm32f103-master/Drivers/STM32F1xx_HAL_Driver/Inc" -I"C:/Users/Elison Maiko/OneDrive/√?rea de Trabalho/LL/STR/GitLab_Gian/str-miros-stm32f103-master/str-miros-stm32f103-master/Drivers/CMSIS/Device/ST/STM32F1xx/Include" -I"C:/Users/Elison Maiko/OneDrive/√?rea de Trabalho/LL/STR/GitLab_Gian/str-miros-stm32f103-master/str-miros-stm32f103-master/Drivers/CMSIS/Include" -I"C:/Users/Elison Maiko/OneDrive/√?rea de Trabalho/LL/STR/GitLab_Gian/str-miros-stm32f103-master/str-miros-stm32f103-master/Inc" -O0 -ffunction-sections -fdata-sections -Wall -fstack-usage -fcyclomatic-complexity -MMD -MP -MF"Drivers/STM32F1xx_HAL_Driver/Src/stm32f1xx_hal_timebase_rtc_alarm_template.d" -MT"Drivers/STM32F1xx_HAL_Driver/Src/stm32f1xx_hal_timebase_rtc_alarm_template.o" --specs=nano.specs -mfloat-abi=soft -mthumb -o "Drivers/STM32F1xx_HAL_Driver/Src/stm32f1xx_hal_timebase_rtc_alarm_template.o"
arm-none-eabi-gcc "../Drivers/STM32F1xx_HAL_Driver/Src/stm32f1xx_hal_timebase_tim_template.c" -mcpu=cortex-m3 -std=gnu11 -g3 -DDEBUG -DSTM32 -DSTM32F1 -DSTM32F103C8Tx -c -I"C:/Users/Elison Maiko/OneDrive/√?rea de Trabalho/LL/STR/GitLab_Gian/str-miros-stm32f103-master/str-miros-stm32f103-master/Drivers/STM32F1xx_HAL_Driver/Inc" -I"C:/Users/Elison Maiko/OneDrive/√?rea de Trabalho/LL/STR/GitLab_Gian/str-miros-stm32f103-master/str-miros-stm32f103-master/Drivers/CMSIS/Device/ST/STM32F1xx/Include" -I"C:/Users/Elison Maiko/OneDrive/√?rea de Trabalho/LL/STR/GitLab_Gian/str-miros-stm32f103-master/str-miros-stm32f103-master/Drivers/CMSIS/Include" -I"C:/Users/Elison Maiko/OneDrive/√?rea de Trabalho/LL/STR/GitLab_Gian/str-miros-stm32f103-master/str-miros-stm32f103-master/Inc" -O0 -ffunction-sections -fdata-sections -Wall -fstack-usage -fcyclomatic-complexity -MMD -MP -MF"Drivers/STM32F1xx_HAL_Driver/Src/stm32f1xx_hal_timebase_tim_template.d" -MT"Drivers/STM32F1xx_HAL_Driver/Src/stm32f1xx_hal_timebase_tim_template.o" --specs=nano.specs -mfloat-abi=soft -mthumb -o "Drivers/STM32F1xx_HAL_Driver/Src/stm32f1xx_hal_timebase_tim_template.o"
arm-none-eabi-gcc "../Drivers/STM32F1xx_HAL_Driver/Src/stm32f1xx_hal_uart.c" -mcpu=cortex-m3 -std=gnu11 -g3 -DDEBUG -DSTM32 -DSTM32F1 -DSTM32F103C8Tx -c -I"C:/Users/Elison Maiko/OneDrive/√?rea de Trabalho/LL/STR/GitLab_Gian/str-miros-stm32f103-master/str-miros-stm32f103-master/Drivers/STM32F1xx_HAL_Driver/Inc" -I"C:/Users/Elison Maiko/OneDrive/√?rea de Trabalho/LL/STR/GitLab_Gian/str-miros-stm32f103-master/str-miros-stm32f103-master/Drivers/CMSIS/Device/ST/STM32F1xx/Include" -I"C:/Users/Elison Maiko/OneDrive/√?rea de Trabalho/LL/STR/GitLab_Gian/str-miros-stm32f103-master/str-miros-stm32f103-master/Drivers/CMSIS/Include" -I"C:/Users/Elison Maiko/OneDrive/√?rea de Trabalho/LL/STR/GitLab_Gian/str-miros-stm32f103-master/str-miros-stm32f103-master/Inc" -O0 -ffunction-sections -fdata-sections -Wall -fstack-usage -fcyclomatic-complexity -MMD -MP -MF"Drivers/STM32F1xx_HAL_Driver/Src/stm32f1xx_hal_uart.d" -MT"Drivers/STM32F1xx_HAL_Driver/Src/stm32f1xx_hal_uart.o" --specs=nano.specs -mfloat-abi=soft -mthumb -o "Drivers/STM32F1xx_HAL_Driver/Src/stm32f1xx_hal_uart.o"
arm-none-eabi-gcc "../Drivers/STM32F1xx_HAL_Driver/Src/stm32f1xx_hal_usart.c" -mcpu=cortex-m3 -std=gnu11 -g3 -DDEBUG -DSTM32 -DSTM32F1 -DSTM32F103C8Tx -c -I"C:/Users/Elison Maiko/OneDrive/√?rea de Trabalho/LL/STR/GitLab_Gian/str-miros-stm32f103-master/str-miros-stm32f103-master/Drivers/STM32F1xx_HAL_Driver/Inc" -I"C:/Users/Elison Maiko/OneDrive/√?rea de Trabalho/LL/STR/GitLab_Gian/str-miros-stm32f103-master/str-miros-stm32f103-master/Drivers/CMSIS/Device/ST/STM32F1xx/Include" -I"C:/Users/Elison Maiko/OneDrive/√?rea de Trabalho/LL/STR/GitLab_Gian/str-miros-stm32f103-master/str-miros-stm32f103-master/Drivers/CMSIS/Include" -I"C:/Users/Elison Maiko/OneDrive/√?rea de Trabalho/LL/STR/GitLab_Gian/str-miros-stm32f103-master/str-miros-stm32f103-master/Inc" -O0 -ffunction-sections -fdata-sections -Wall -fstack-usage -fcyclomatic-complexity -MMD -MP -MF"Drivers/STM32F1xx_HAL_Driver/Src/stm32f1xx_hal_usart.d" -MT"Drivers/STM32F1xx_HAL_Driver/Src/stm32f1xx_hal_usart.o" --specs=nano.specs -mfloat-abi=soft -mthumb -o "Drivers/STM32F1xx_HAL_Driver/Src/stm32f1xx_hal_usart.o"
arm-none-eabi-gcc "../Drivers/STM32F1xx_HAL_Driver/Src/stm32f1xx_hal_wwdg.c" -mcpu=cortex-m3 -std=gnu11 -g3 -DDEBUG -DSTM32 -DSTM32F1 -DSTM32F103C8Tx -c -I"C:/Users/Elison Maiko/OneDrive/√?rea de Trabalho/LL/STR/GitLab_Gian/str-miros-stm32f103-master/str-miros-stm32f103-master/Drivers/STM32F1xx_HAL_Driver/Inc" -I"C:/Users/Elison Maiko/OneDrive/√?rea de Trabalho/LL/STR/GitLab_Gian/str-miros-stm32f103-master/str-miros-stm32f103-master/Drivers/CMSIS/Device/ST/STM32F1xx/Include" -I"C:/Users/Elison Maiko/OneDrive/√?rea de Trabalho/LL/STR/GitLab_Gian/str-miros-stm32f103-master/str-miros-stm32f103-master/Drivers/CMSIS/Include" -I"C:/Users/Elison Maiko/OneDrive/√?rea de Trabalho/LL/STR/GitLab_Gian/str-miros-stm32f103-master/str-miros-stm32f103-master/Inc" -O0 -ffunction-sections -fdata-sections -Wall -fstack-usage -fcyclomatic-complexity -MMD -MP -MF"Drivers/STM32F1xx_HAL_Driver/Src/stm32f1xx_hal_wwdg.d" -MT"Drivers/STM32F1xx_HAL_Driver/Src/stm32f1xx_hal_wwdg.o" --specs=nano.specs -mfloat-abi=soft -mthumb -o "Drivers/STM32F1xx_HAL_Driver/Src/stm32f1xx_hal_wwdg.o"
arm-none-eabi-gcc "../Drivers/STM32F1xx_HAL_Driver/Src/stm32f1xx_ll_adc.c" -mcpu=cortex-m3 -std=gnu11 -g3 -DDEBUG -DSTM32 -DSTM32F1 -DSTM32F103C8Tx -c -I"C:/Users/Elison Maiko/OneDrive/√?rea de Trabalho/LL/STR/GitLab_Gian/str-miros-stm32f103-master/str-miros-stm32f103-master/Drivers/STM32F1xx_HAL_Driver/Inc" -I"C:/Users/Elison Maiko/OneDrive/√?rea de Trabalho/LL/STR/GitLab_Gian/str-miros-stm32f103-master/str-miros-stm32f103-master/Drivers/CMSIS/Device/ST/STM32F1xx/Include" -I"C:/Users/Elison Maiko/OneDrive/√?rea de Trabalho/LL/STR/GitLab_Gian/str-miros-stm32f103-master/str-miros-stm32f103-master/Drivers/CMSIS/Include" -I"C:/Users/Elison Maiko/OneDrive/√?rea de Trabalho/LL/STR/GitLab_Gian/str-miros-stm32f103-master/str-miros-stm32f103-master/Inc" -O0 -ffunction-sections -fdata-sections -Wall -fstack-usage -fcyclomatic-complexity -MMD -MP -MF"Drivers/STM32F1xx_HAL_Driver/Src/stm32f1xx_ll_adc.d" -MT"Drivers/STM32F1xx_HAL_Driver/Src/stm32f1xx_ll_adc.o" --specs=nano.specs -mfloat-abi=soft -mthumb -o "Drivers/STM32F1xx_HAL_Driver/Src/stm32f1xx_ll_adc.o"
arm-none-eabi-gcc "../Drivers/STM32F1xx_HAL_Driver/Src/stm32f1xx_ll_crc.c" -mcpu=cortex-m3 -std=gnu11 -g3 -DDEBUG -DSTM32 -DSTM32F1 -DSTM32F103C8Tx -c -I"C:/Users/Elison Maiko/OneDrive/√?rea de Trabalho/LL/STR/GitLab_Gian/str-miros-stm32f103-master/str-miros-stm32f103-master/Drivers/STM32F1xx_HAL_Driver/Inc" -I"C:/Users/Elison Maiko/OneDrive/√?rea de Trabalho/LL/STR/GitLab_Gian/str-miros-stm32f103-master/str-miros-stm32f103-master/Drivers/CMSIS/Device/ST/STM32F1xx/Include" -I"C:/Users/Elison Maiko/OneDrive/√?rea de Trabalho/LL/STR/GitLab_Gian/str-miros-stm32f103-master/str-miros-stm32f103-master/Drivers/CMSIS/Include" -I"C:/Users/Elison Maiko/OneDrive/√?rea de Trabalho/LL/STR/GitLab_Gian/str-miros-stm32f103-master/str-miros-stm32f103-master/Inc" -O0 -ffunction-sections -fdata-sections -Wall -fstack-usage -fcyclomatic-complexity -MMD -MP -MF"Drivers/STM32F1xx_HAL_Driver/Src/stm32f1xx_ll_crc.d" -MT"Drivers/STM32F1xx_HAL_Driver/Src/stm32f1xx_ll_crc.o" --specs=nano.specs -mfloat-abi=soft -mthumb -o "Drivers/STM32F1xx_HAL_Driver/Src/stm32f1xx_ll_crc.o"
arm-none-eabi-gcc "../Drivers/STM32F1xx_HAL_Driver/Src/stm32f1xx_ll_dac.c" -mcpu=cortex-m3 -std=gnu11 -g3 -DDEBUG -DSTM32 -DSTM32F1 -DSTM32F103C8Tx -c -I"C:/Users/Elison Maiko/OneDrive/√?rea de Trabalho/LL/STR/GitLab_Gian/str-miros-stm32f103-master/str-miros-stm32f103-master/Drivers/STM32F1xx_HAL_Driver/Inc" -I"C:/Users/Elison Maiko/OneDrive/√?rea de Trabalho/LL/STR/GitLab_Gian/str-miros-stm32f103-master/str-miros-stm32f103-master/Drivers/CMSIS/Device/ST/STM32F1xx/Include" -I"C:/Users/Elison Maiko/OneDrive/√?rea de Trabalho/LL/STR/GitLab_Gian/str-miros-stm32f103-master/str-miros-stm32f103-master/Drivers/CMSIS/Include" -I"C:/Users/Elison Maiko/OneDrive/√?rea de Trabalho/LL/STR/GitLab_Gian/str-miros-stm32f103-master/str-miros-stm32f103-master/Inc" -O0 -ffunction-sections -fdata-sections -Wall -fstack-usage -fcyclomatic-complexity -MMD -MP -MF"Drivers/STM32F1xx_HAL_Driver/Src/stm32f1xx_ll_dac.d" -MT"Drivers/STM32F1xx_HAL_Driver/Src/stm32f1xx_ll_dac.o" --specs=nano.specs -mfloat-abi=soft -mthumb -o "Drivers/STM32F1xx_HAL_Driver/Src/stm32f1xx_ll_dac.o"
arm-none-eabi-gcc "../Drivers/STM32F1xx_HAL_Driver/Src/stm32f1xx_ll_dma.c" -mcpu=cortex-m3 -std=gnu11 -g3 -DDEBUG -DSTM32 -DSTM32F1 -DSTM32F103C8Tx -c -I"C:/Users/Elison Maiko/OneDrive/√?rea de Trabalho/LL/STR/GitLab_Gian/str-miros-stm32f103-master/str-miros-stm32f103-master/Drivers/STM32F1xx_HAL_Driver/Inc" -I"C:/Users/Elison Maiko/OneDrive/√?rea de Trabalho/LL/STR/GitLab_Gian/str-miros-stm32f103-master/str-miros-stm32f103-master/Drivers/CMSIS/Device/ST/STM32F1xx/Include" -I"C:/Users/Elison Maiko/OneDrive/√?rea de Trabalho/LL/STR/GitLab_Gian/str-miros-stm32f103-master/str-miros-stm32f103-master/Drivers/CMSIS/Include" -I"C:/Users/Elison Maiko/OneDrive/√?rea de Trabalho/LL/STR/GitLab_Gian/str-miros-stm32f103-master/str-miros-stm32f103-master/Inc" -O0 -ffunction-sections -fdata-sections -Wall -fstack-usage -fcyclomatic-complexity -MMD -MP -MF"Drivers/STM32F1xx_HAL_Driver/Src/stm32f1xx_ll_dma.d" -MT"Drivers/STM32F1xx_HAL_Driver/Src/stm32f1xx_ll_dma.o" --specs=nano.specs -mfloat-abi=soft -mthumb -o "Drivers/STM32F1xx_HAL_Driver/Src/stm32f1xx_ll_dma.o"
arm-none-eabi-gcc "../Drivers/STM32F1xx_HAL_Driver/Src/stm32f1xx_ll_exti.c" -mcpu=cortex-m3 -std=gnu11 -g3 -DDEBUG -DSTM32 -DSTM32F1 -DSTM32F103C8Tx -c -I"C:/Users/Elison Maiko/OneDrive/√?rea de Trabalho/LL/STR/GitLab_Gian/str-miros-stm32f103-master/str-miros-stm32f103-master/Drivers/STM32F1xx_HAL_Driver/Inc" -I"C:/Users/Elison Maiko/OneDrive/√?rea de Trabalho/LL/STR/GitLab_Gian/str-miros-stm32f103-master/str-miros-stm32f103-master/Drivers/CMSIS/Device/ST/STM32F1xx/Include" -I"C:/Users/Elison Maiko/OneDrive/√?rea de Trabalho/LL/STR/GitLab_Gian/str-miros-stm32f103-master/str-miros-stm32f103-master/Drivers/CMSIS/Include" -I"C:/Users/Elison Maiko/OneDrive/√?rea de Trabalho/LL/STR/GitLab_Gian/str-miros-stm32f103-master/str-miros-stm32f103-master/Inc" -O0 -ffunction-sections -fdata-sections -Wall -fstack-usage -fcyclomatic-complexity -MMD -MP -MF"Drivers/STM32F1xx_HAL_Driver/Src/stm32f1xx_ll_exti.d" -MT"Drivers/STM32F1xx_HAL_Driver/Src/stm32f1xx_ll_exti.o" --specs=nano.specs -mfloat-abi=soft -mthumb -o "Drivers/STM32F1xx_HAL_Driver/Src/stm32f1xx_ll_exti.o"
arm-none-eabi-gcc "../Drivers/STM32F1xx_HAL_Driver/Src/stm32f1xx_ll_fsmc.c" -mcpu=cortex-m3 -std=gnu11 -g3 -DDEBUG -DSTM32 -DSTM32F1 -DSTM32F103C8Tx -c -I"C:/Users/Elison Maiko/OneDrive/√?rea de Trabalho/LL/STR/GitLab_Gian/str-miros-stm32f103-master/str-miros-stm32f103-master/Drivers/STM32F1xx_HAL_Driver/Inc" -I"C:/Users/Elison Maiko/OneDrive/√?rea de Trabalho/LL/STR/GitLab_Gian/str-miros-stm32f103-master/str-miros-stm32f103-master/Drivers/CMSIS/Device/ST/STM32F1xx/Include" -I"C:/Users/Elison Maiko/OneDrive/√?rea de Trabalho/LL/STR/GitLab_Gian/str-miros-stm32f103-master/str-miros-stm32f103-master/Drivers/CMSIS/Include" -I"C:/Users/Elison Maiko/OneDrive/√?rea de Trabalho/LL/STR/GitLab_Gian/str-miros-stm32f103-master/str-miros-stm32f103-master/Inc" -O0 -ffunction-sections -fdata-sections -Wall -fstack-usage -fcyclomatic-complexity -MMD -MP -MF"Drivers/STM32F1xx_HAL_Driver/Src/stm32f1xx_ll_fsmc.d" -MT"Drivers/STM32F1xx_HAL_Driver/Src/stm32f1xx_ll_fsmc.o" --specs=nano.specs -mfloat-abi=soft -mthumb -o "Drivers/STM32F1xx_HAL_Driver/Src/stm32f1xx_ll_fsmc.o"
arm-none-eabi-gcc "../Drivers/STM32F1xx_HAL_Driver/Src/stm32f1xx_ll_gpio.c" -mcpu=cortex-m3 -std=gnu11 -g3 -DDEBUG -DSTM32 -DSTM32F1 -DSTM32F103C8Tx -c -I"C:/Users/Elison Maiko/OneDrive/√?rea de Trabalho/LL/STR/GitLab_Gian/str-miros-stm32f103-master/str-miros-stm32f103-master/Drivers/STM32F1xx_HAL_Driver/Inc" -I"C:/Users/Elison Maiko/OneDrive/√?rea de Trabalho/LL/STR/GitLab_Gian/str-miros-stm32f103-master/str-miros-stm32f103-master/Drivers/CMSIS/Device/ST/STM32F1xx/Include" -I"C:/Users/Elison Maiko/OneDrive/√?rea de Trabalho/LL/STR/GitLab_Gian/str-miros-stm32f103-master/str-miros-stm32f103-master/Drivers/CMSIS/Include" -I"C:/Users/Elison Maiko/OneDrive/√?rea de Trabalho/LL/STR/GitLab_Gian/str-miros-stm32f103-master/str-miros-stm32f103-master/Inc" -O0 -ffunction-sections -fdata-sections -Wall -fstack-usage -fcyclomatic-complexity -MMD -MP -MF"Drivers/STM32F1xx_HAL_Driver/Src/stm32f1xx_ll_gpio.d" -MT"Drivers/STM32F1xx_HAL_Driver/Src/stm32f1xx_ll_gpio.o" --specs=nano.specs -mfloat-abi=soft -mthumb -o "Drivers/STM32F1xx_HAL_Driver/Src/stm32f1xx_ll_gpio.o"
arm-none-eabi-gcc "../Drivers/STM32F1xx_HAL_Driver/Src/stm32f1xx_ll_i2c.c" -mcpu=cortex-m3 -std=gnu11 -g3 -DDEBUG -DSTM32 -DSTM32F1 -DSTM32F103C8Tx -c -I"C:/Users/Elison Maiko/OneDrive/√?rea de Trabalho/LL/STR/GitLab_Gian/str-miros-stm32f103-master/str-miros-stm32f103-master/Drivers/STM32F1xx_HAL_Driver/Inc" -I"C:/Users/Elison Maiko/OneDrive/√?rea de Trabalho/LL/STR/GitLab_Gian/str-miros-stm32f103-master/str-miros-stm32f103-master/Drivers/CMSIS/Device/ST/STM32F1xx/Include" -I"C:/Users/Elison Maiko/OneDrive/√?rea de Trabalho/LL/STR/GitLab_Gian/str-miros-stm32f103-master/str-miros-stm32f103-master/Drivers/CMSIS/Include" -I"C:/Users/Elison Maiko/OneDrive/√?rea de Trabalho/LL/STR/GitLab_Gian/str-miros-stm32f103-master/str-miros-stm32f103-master/Inc" -O0 -ffunction-sections -fdata-sections -Wall -fstack-usage -fcyclomatic-complexity -MMD -MP -MF"Drivers/STM32F1xx_HAL_Driver/Src/stm32f1xx_ll_i2c.d" -MT"Drivers/STM32F1xx_HAL_Driver/Src/stm32f1xx_ll_i2c.o" --specs=nano.specs -mfloat-abi=soft -mthumb -o "Drivers/STM32F1xx_HAL_Driver/Src/stm32f1xx_ll_i2c.o"
[...]
arm-none-eabi-gcc "../Drivers/STM32F1xx_HAL_Driver/Src/stm32f1xx_hal_timebase_tim_template.c" -mcpu=cortex-m3 -std=gnu11 -g3 -DDEBUG -DSTM32 -DSTM32F1 -DSTM32F103C8Tx -c -I"C:/Users/Elison Maiko/OneDrive/Documentos/Project_0/Stm32/pro_consu_cod/Drivers/STM32F1xx_HAL_Driver/Inc" -I"C:/Users/Elison Maiko/OneDrive/Documentos/Project_0/Stm32/pro_consu_cod/Drivers/CMSIS/Device/ST/STM32F1xx/Include" -I"C:/Users/Elison Maiko/OneDrive/Documentos/Project_0/Stm32/pro_consu_cod/Drivers/CMSIS/Include" -I"C:/Users/Elison Maiko/OneDrive/Documentos/Project_0/Stm32/pro_consu_cod/Inc" -O0 -ffunction-sections -fdata-sections -Wall -fstack-usage -fcyclomatic-complexity -MMD -MP -MF"Drivers/STM32F1xx_HAL_Driver/Src/stm32f1xx_hal_timebase_tim_template.d" -MT"Drivers/STM32F1xx_HAL_Driver/Src/stm32f1xx_hal_timebase_tim_template.o" --specs=nano.specs -mfloat-abi=soft -mthumb -o "Drivers/STM32F1xx_HAL_Driver/Src/stm32f1xx_hal_timebase_tim_template.o"
arm-none-eabi-gcc "../Drivers/STM32F1xx_HAL_Driver/Src/stm32f1xx_hal_uart.c" -mcpu=cortex-m3 -std=gnu11 -g3 -DDEBUG -DSTM32 -DSTM32F1 -DSTM32F103C8Tx -c -I"C:/Users/Elison Maiko/OneDrive/Documentos/Project_0/Stm32/pro_consu_cod/Drivers/STM32F1xx_HAL_Driver/Inc" -I"C:/Users/Elison Maiko/OneDrive/Documentos/Project_0/Stm32/pro_consu_cod/Drivers/CMSIS/Device/ST/STM32F1xx/Include" -I"C:/Users/Elison Maiko/OneDrive/Documentos/Project_0/Stm32/pro_consu_cod/Drivers/CMSIS/Include" -I"C:/Users/Elison Maiko/OneDrive/Documentos/Project_0/Stm32/pro_consu_cod/Inc" -O0 -ffunction-sections -fdata-sections -Wall -fstack-usage -fcyclomatic-complexity -MMD -MP -MF"Drivers/STM32F1xx_HAL_Driver/Src/stm32f1xx_hal_uart.d" -MT"Drivers/STM32F1xx_HAL_Driver/Src/stm32f1xx_hal_uart.o" --specs=nano.specs -mfloat-abi=soft -mthumb -o "Drivers/STM32F1xx_HAL_Driver/Src/stm32f1xx_hal_uart.o"
arm-none-eabi-gcc "../Drivers/STM32F1xx_HAL_Driver/Src/stm32f1xx_hal_usart.c" -mcpu=cortex-m3 -std=gnu11 -g3 -DDEBUG -DSTM32 -DSTM32F1 -DSTM32F103C8Tx -c -I"C:/Users/Elison Maiko/OneDrive/Documentos/Project_0/Stm32/pro_consu_cod/Drivers/STM32F1xx_HAL_Driver/Inc" -I"C:/Users/Elison Maiko/OneDrive/Documentos/Project_0/Stm32/pro_consu_cod/Drivers/CMSIS/Device/ST/STM32F1xx/Include" -I"C:/Users/Elison Maiko/OneDrive/Documentos/Project_0/Stm32/pro_consu_cod/Drivers/CMSIS/Include" -I"C:/Users/Elison Maiko/OneDrive/Documentos/Project_0/Stm32/pro_consu_cod/Inc" -O0 -ffunction-sections -fdata-sections -Wall -fstack-usage -fcyclomatic-complexity -MMD -MP -MF"Drivers/STM32F1xx_HAL_Driver/Src/stm32f1xx_hal_usart.d" -MT"Drivers/STM32F1xx_HAL_Driver/Src/stm32f1xx_hal_usart.o" --specs=nano.specs -mfloat-abi=soft -mthumb -o "Drivers/STM32F1xx_HAL_Driver/Src/stm32f1xx_hal_usart.o"
arm-none-eabi-gcc "../Drivers/STM32F1xx_HAL_Driver/Src/stm32f1xx_hal_wwdg.c" -mcpu=cortex-m3 -std=gnu11 -g3 -DDEBUG -DSTM32 -DSTM32F1 -DSTM32F103C8Tx -c -I"C:/Users/Elison Maiko/OneDrive/Documentos/Project_0/Stm32/pro_consu_cod/Drivers/STM32F1xx_HAL_Driver/Inc" -I"C:/Users/Elison Maiko/OneDrive/Documentos/Project_0/Stm32/pro_consu_cod/Drivers/CMSIS/Device/ST/STM32F1xx/Include" -I"C:/Users/Elison Maiko/OneDrive/Documentos/Project_0/Stm32/pro_consu_cod/Drivers/CMSIS/Include" -I"C:/Users/Elison Maiko/OneDrive/Documentos/Project_0/Stm32/pro_consu_cod/Inc" -O0 -ffunction-sections -fdata-sections -Wall -fstack-usage -fcyclomatic-complexity -MMD -MP -MF"Drivers/STM32F1xx_HAL_Driver/Src/stm32f1xx_hal_wwdg.d" -MT"Drivers/STM32F1xx_HAL_Driver/Src/stm32f1xx_hal_wwdg.o" --specs=nano.specs -mfloat-abi=soft -mthumb -o "Drivers/STM32F1xx_HAL_Driver/Src/stm32f1xx_hal_wwdg.o"
arm-none-eabi-gcc "../Drivers/STM32F1xx_HAL_Driver/Src/stm32f1xx_ll_adc.c" -mcpu=cortex-m3 -std=gnu11 -g3 -DDEBUG -DSTM32 -DSTM32F1 -DSTM32F103C8Tx -c -I"C:/Users/Elison Maiko/OneDrive/Documentos/Project_0/Stm32/pro_consu_cod/Drivers/STM32F1xx_HAL_Driver/Inc" -I"C:/Users/Elison Maiko/OneDrive/Documentos/Project_0/Stm32/pro_consu_cod/Drivers/CMSIS/Device/ST/STM32F1xx/Include" -I"C:/Users/Elison Maiko/OneDrive/Documentos/Project_0/Stm32/pro_consu_cod/Drivers/CMSIS/Include" -I"C:/Users/Elison Maiko/OneDrive/Documentos/Project_0/Stm32/pro_consu_cod/Inc" -O0 -ffunction-sections -fdata-sections -Wall -fstack-usage -fcyclomatic-complexity -MMD -MP -MF"Drivers/STM32F1xx_HAL_Driver/Src/stm32f1xx_ll_adc.d" -MT"Drivers/STM32F1xx_HAL_Driver/Src/stm32f1xx_ll_adc.o" --specs=nano.specs -mfloat-abi=soft -mthumb -o "Drivers/STM32F1xx_HAL_Driver/Src/stm32f1xx_ll_adc.o"
arm-none-eabi-gcc "../Drivers/STM32F1xx_HAL_Driver/Src/stm32f1xx_ll_crc.c" -mcpu=cortex-m3 -std=gnu11 -g3 -DDEBUG -DSTM32 -DSTM32F1 -DSTM32F103C8Tx -c -I"C:/Users/Elison Maiko/OneDrive/Documentos/Project_0/Stm32/pro_consu_cod/Drivers/STM32F1xx_HAL_Driver/Inc" -I"C:/Users/Elison Maiko/OneDrive/Documentos/Project_0/Stm32/pro_consu_cod/Drivers/CMSIS/Device/ST/STM32F1xx/Include" -I"C:/Users/Elison Maiko/OneDrive/Documentos/Project_0/Stm32/pro_consu_cod/Drivers/CMSIS/Include" -I"C:/Users/Elison Maiko/OneDrive/Documentos/Project_0/Stm32/pro_consu_cod/Inc" -O0 -ffunction-sections -fdata-sections -Wall -fstack-usage -fcyclomatic-complexity -MMD -MP -MF"Drivers/STM32F1xx_HAL_Driver/Src/stm32f1xx_ll_crc.d" -MT"Drivers/STM32F1xx_HAL_Driver/Src/stm32f1xx_ll_crc.o" --specs=nano.specs -mfloat-abi=soft -mthumb -o "Drivers/STM32F1xx_HAL_Driver/Src/stm32f1xx_ll_crc.o"
arm-none-eabi-gcc "../Drivers/STM32F1xx_HAL_Driver/Src/stm32f1xx_ll_dac.c" -mcpu=cortex-m3 -std=gnu11 -g3 -DDEBUG -DSTM32 -DSTM32F1 -DSTM32F103C8Tx -c -I"C:/Users/Elison Maiko/OneDrive/Documentos/Project_0/Stm32/pro_consu_cod/Drivers/STM32F1xx_HAL_Driver/Inc" -I"C:/Users/Elison Maiko/OneDrive/Documentos/Project_0/Stm32/pro_consu_cod/Drivers/CMSIS/Device/ST/STM32F1xx/Include" -I"C:/Users/Elison Maiko/OneDrive/Documentos/Project_0/Stm32/pro_consu_cod/Drivers/CMSIS/Include" -I"C:/Users/Elison Maiko/OneDrive/Documentos/Project_0/Stm32/pro_consu_cod/Inc" -O0 -ffunction-sections -fdata-sections -Wall -fstack-usage -fcyclomatic-complexity -MMD -MP -MF"Drivers/STM32F1xx_HAL_Driver/Src/stm32f1xx_ll_dac.d" -MT"Drivers/STM32F1xx_HAL_Driver/Src/stm32f1xx_ll_dac.o" --specs=nano.specs -mfloat-abi=soft -mthumb -o "Drivers/STM32F1xx_HAL_Driver/Src/stm32f1xx_ll_dac.o"
arm-none-eabi-gcc "../Drivers/STM32F1xx_HAL_Driver/Src/stm32f1xx_ll_dma.c" -mcpu=cortex-m3 -std=gnu11 -g3 -DDEBUG -DSTM32 -DSTM32F1 -DSTM32F103C8Tx -c -I"C:/Users/Elison Maiko/OneDrive/Documentos/Project_0/Stm32/pro_consu_cod/Drivers/STM32F1xx_HAL_Driver/Inc" -I"C:/Users/Elison Maiko/OneDrive/Documentos/Project_0/Stm32/pro_consu_cod/Drivers/CMSIS/Device/ST/STM32F1xx/Include" -I"C:/Users/Elison Maiko/OneDrive/Documentos/Project_0/Stm32/pro_consu_cod/Drivers/CMSIS/Include" -I"C:/Users/Elison Maiko/OneDrive/Documentos/Project_0/Stm32/pro_consu_cod/Inc" -O0 -ffunction-sections -fdata-sections -Wall -fstack-usage -fcyclomatic-complexity -MMD -MP -MF"Drivers/STM32F1xx_HAL_Driver/Src/stm32f1xx_ll_dma.d" -MT"Drivers/STM32F1xx_HAL_Driver/Src/stm32f1xx_ll_dma.o" --specs=nano.specs -mfloat-abi=soft -mthumb -o "Drivers/STM32F1xx_HAL_Driver/Src/stm32f1xx_ll_dma.o"
arm-none-eabi-gcc "../Drivers/STM32F1xx_HAL_Driver/Src/stm32f1xx_ll_exti.c" -mcpu=cortex-m3 -std=gnu11 -g3 -DDEBUG -DSTM32 -DSTM32F1 -DSTM32F103C8Tx -c -I"C:/Users/Elison Maiko/OneDrive/Documentos/Project_0/Stm32/pro_consu_cod/Drivers/STM32F1xx_HAL_Driver/Inc" -I"C:/Users/Elison Maiko/OneDrive/Documentos/Project_0/Stm32/pro_consu_cod/Drivers/CMSIS/Device/ST/STM32F1xx/Include" -I"C:/Users/Elison Maiko/OneDrive/Documentos/Project_0/Stm32/pro_consu_cod/Drivers/CMSIS/Include" -I"C:/Users/Elison Maiko/OneDrive/Documentos/Project_0/Stm32/pro_consu_cod/Inc" -O0 -ffunction-sections -fdata-sections -Wall -fstack-usage -fcyclomatic-complexity -MMD -MP -MF"Drivers/STM32F1xx_HAL_Driver/Src/stm32f1xx_ll_exti.d" -MT"Drivers/STM32F1xx_HAL_Driver/Src/stm32f1xx_ll_exti.o" --specs=nano.specs -mfloat-abi=soft -mthumb -o "Drivers/STM32F1xx_HAL_Driver/Src/stm32f1xx_ll_exti.o"
arm-none-eabi-gcc "../Drivers/STM32F1xx_HAL_Driver/Src/stm32f1xx_ll_fsmc.c" -mcpu=cortex-m3 -std=gnu11 -g3 -DDEBUG -DSTM32 -DSTM32F1 -DSTM32F103C8Tx -c -I"C:/Users/Elison Maiko/OneDrive/Documentos/Project_0/Stm32/pro_consu_cod/Drivers/STM32F1xx_HAL_Driver/Inc" -I"C:/Users/Elison Maiko/OneDrive/Documentos/Project_0/Stm32/pro_consu_cod/Drivers/CMSIS/Device/ST/STM32F1xx/Include" -I"C:/Users/Elison Maiko/OneDrive/Documentos/Project_0/Stm32/pro_consu_cod/Drivers/CMSIS/Include" -I"C:/Users/Elison Maiko/OneDrive/Documentos/Project_0/Stm32/pro_consu_cod/Inc" -O0 -ffunction-sections -fdata-sections -Wall -fstack-usage -fcyclomatic-complexity -MMD -MP -MF"Drivers/STM32F1xx_HAL_Driver/Src/stm32f1xx_ll_fsmc.d" -MT"Drivers/STM32F1xx_HAL_Driver/Src/stm32f1xx_ll_fsmc.o" --specs=nano.specs -mfloat-abi=soft -mthumb -o "Drivers/STM32F1xx_HAL_Driver/Src/stm32f1xx_ll_fsmc.o"
arm-none-eabi-gcc "../Drivers/STM32F1xx_HAL_Driver/Src/stm32f1xx_ll_gpio.c" -mcpu=cortex-m3 -std=gnu11 -g3 -DDEBUG -DSTM32 -DSTM32F1 -DSTM32F103C8Tx -c -I"C:/Users/Elison Maiko/OneDrive/Documentos/Project_0/Stm32/pro_consu_cod/Drivers/STM32F1xx_HAL_Driver/Inc" -I"C:/Users/Elison Maiko/OneDrive/Documentos/Project_0/Stm32/pro_consu_cod/Drivers/CMSIS/Device/ST/STM32F1xx/Include" -I"C:/Users/Elison Maiko/OneDrive/Documentos/Project_0/Stm32/pro_consu_cod/Drivers/CMSIS/Include" -I"C:/Users/Elison Maiko/OneDrive/Documentos/Project_0/Stm32/pro_consu_cod/Inc" -O0 -ffunction-sections -fdata-sections -Wall -fstack-usage -fcyclomatic-complexity -MMD -MP -MF"Drivers/STM32F1xx_HAL_Driver/Src/stm32f1xx_ll_gpio.d" -MT"Drivers/STM32F1xx_HAL_Driver/Src/stm32f1xx_ll_gpio.o" --specs=nano.specs -mfloat-abi=soft -mthumb -o "Drivers/STM32F1xx_HAL_Driver/Src/stm32f1xx_ll_gpio.o"
arm-none-eabi-gcc "../Drivers/STM32F1xx_HAL_Driver/Src/stm32f1xx_ll_i2c.c" -mcpu=cortex-m3 -std=gnu11 -g3 -DDEBUG -DSTM32 -DSTM32F1 -DSTM32F103C8Tx -c -I"C:/Users/Elison Maiko/OneDrive/Documentos/Project_0/Stm32/pro_consu_cod/Drivers/STM32F1xx_HAL_Driver/Inc" -I"C:/Users/Elison Maiko/OneDrive/Documentos/Project_0/Stm32/pro_consu_cod/Drivers/CMSIS/Device/ST/STM32F1xx/Include" -I"C:/Users/Elison Maiko/OneDrive/Documentos/Project_0/Stm32/pro_consu_cod/Drivers/CMSIS/Include" -I"C:/Users/Elison Maiko/OneDrive/Documentos/Project_0/Stm32/pro_consu_cod/Inc" -O0 -ffunction-sections -fdata-sections -Wall -fstack-usage -fcyclomatic-complexity -MMD -MP -MF"Drivers/STM32F1xx_HAL_Driver/Src/stm32f1xx_ll_i2c.d" -MT"Drivers/STM32F1xx_HAL_Driver/Src/stm32f1xx_ll_i2c.o" --specs=nano.specs -mfloat-abi=soft -mthumb -o "Drivers/STM32F1xx_HAL_Driver/Src/stm32f1xx_ll_i2c.o"
arm-none-eabi-gcc "../Drivers/STM32F1xx_HAL_Driver/Src/stm32f1xx_ll_pwr.c" -mcpu=cortex-m3 -std=gnu11 -g3 -DDEBUG -DSTM32 -DSTM32F1 -DSTM32F103C8Tx -c -I"C:/Users/Elison Maiko/OneDrive/Documentos/Project_0/Stm32/pro_consu_cod/Drivers/STM32F1xx_HAL_Driver/Inc" -I"C:/Users/Elison Maiko/OneDrive/Documentos/Project_0/Stm32/pro_consu_cod/Drivers/CMSIS/Device/ST/STM32F1xx/Include" -I"C:/Users/Elison Maiko/OneDrive/Documentos/Project_0/Stm32/pro_consu_cod/Drivers/CMSIS/Include" -I"C:/Users/Elison Maiko/OneDrive/Documentos/Project_0/Stm32/pro_consu_cod/Inc" -O0 -ffunction-sections -fdata-sections -Wall -fstack-usage -fcyclomatic-complexity -MMD -MP -MF"Drivers/STM32F1xx_HAL_Driver/Src/stm32f1xx_ll_pwr.d" -MT"Drivers/STM32F1xx_HAL_Driver/Src/stm32f1xx_ll_pwr.o" --specs=nano.specs -mfloat-abi=soft -mthumb -o "Drivers/STM32F1xx_HAL_Driver/Src/stm32f1xx_ll_pwr.o"
arm-none-eabi-gcc "../Drivers/STM32F1xx_HAL_Driver/Src/stm32f1xx_ll_rcc.c" -mcpu=cortex-m3 -std=gnu11 -g3 -DDEBUG -DSTM32 -DSTM32F1 -DSTM32F103C8Tx -c -I"C:/Users/Elison Maiko/OneDrive/Documentos/Project_0/Stm32/pro_consu_cod/Drivers/STM32F1xx_HAL_Driver/Inc" -I"C:/Users/Elison Maiko/OneDrive/Documentos/Project_0/Stm32/pro_consu_cod/Drivers/CMSIS/Device/ST/STM32F1xx/Include" -I"C:/Users/Elison Maiko/OneDrive/Documentos/Project_0/Stm32/pro_consu_cod/Drivers/CMSIS/Include" -I"C:/Users/Elison Maiko/OneDrive/Documentos/Project_0/Stm32/pro_consu_cod/Inc" -O0 -ffunction-sections -fdata-sections -Wall -fstack-usage -fcyclomatic-complexity -MMD -MP -MF"Drivers/STM32F1xx_HAL_Driver/Src/stm32f1xx_ll_rcc.d" -MT"Drivers/STM32F1xx_HAL_Driver/Src/stm32f1xx_ll_rcc.o" --specs=nano.specs -mfloat-abi=soft -mthumb -o "Drivers/STM32F1xx_HAL_Driver/Src/stm32f1xx_ll_rcc.o"
arm-none-eabi-gcc "../Drivers/STM32F1xx_HAL_Driver/Src/stm32f1xx_ll_rtc.c" -mcpu=cortex-m3 -std=gnu11 -g3 -DDEBUG -DSTM32 -DSTM32F1 -DSTM32F103C8Tx -c -I"C:/Users/Elison Maiko/OneDrive/Documentos/Project_0/Stm32/pro_consu_cod/Drivers/STM32F1xx_HAL_Driver/Inc" -I"C:/Users/Elison Maiko/OneDrive/Documentos/Project_0/Stm32/pro_consu_cod/Drivers/CMSIS/Device/ST/STM32F1xx/Include" -I"C:/Users/Elison Maiko/OneDrive/Documentos/Project_0/Stm32/pro_consu_cod/Drivers/CMSIS/Include" -I"C:/Users/Elison Maiko/OneDrive/Documentos/Project_0/Stm32/pro_consu_cod/Inc" -O0 -ffunction-sections -fdata-sections -Wall -fstack-usage -fcyclomatic-complexity -MMD -MP -MF"Drivers/STM32F1xx_HAL_Driver/Src/stm32f1xx_ll_rtc.d" -MT"Drivers/STM32F1xx_HAL_Driver/Src/stm32f1xx_ll_rtc.o" --specs=nano.specs -mfloat-abi=soft -mthumb -o "Drivers/STM32F1xx_HAL_Driver/Src/stm32f1xx_ll_rtc.o"
arm-none-eabi-gcc "../Drivers/STM32F1xx_HAL_Driver/Src/stm32f1xx_ll_sdmmc.c" -mcpu=cortex-m3 -std=gnu11 -g3 -DDEBUG -DSTM32 -DSTM32F1 -DSTM32F103C8Tx -c -I"C:/Users/Elison Maiko/OneDrive/Documentos/Project_0/Stm32/pro_consu_cod/Drivers/STM32F1xx_HAL_Driver/Inc" -I"C:/Users/Elison Maiko/OneDrive/Documentos/Project_0/Stm32/pro_consu_cod/Drivers/CMSIS/Device/ST/STM32F1xx/Include" -I"C:/Users/Elison Maiko/OneDrive/Documentos/Project_0/Stm32/pro_consu_cod/Drivers/CMSIS/Include" -I"C:/Users/Elison Maiko/OneDrive/Documentos/Project_0/Stm32/pro_consu_cod/Inc" -O0 -ffunction-sections -fdata-sections -Wall -fstack-usage -fcyclomatic-complexity -MMD -MP -MF"Drivers/STM32F1xx_HAL_Driver/Src/stm32f1xx_ll_sdmmc.d" -MT"Drivers/STM32F1xx_HAL_Driver/Src/stm32f1xx_ll_sdmmc.o" --specs=nano.specs -mfloat-abi=soft -mthumb -o "Drivers/STM32F1xx_HAL_Driver/Src/stm32f1xx_ll_sdmmc.o"
arm-none-eabi-gcc "../Drivers/STM32F1xx_HAL_Driver/Src/stm32f1xx_ll_spi.c" -mcpu=cortex-m3 -std=gnu11 -g3 -DDEBUG -DSTM32 -DSTM32F1 -DSTM32F103C8Tx -c -I"C:/Users/Elison Maiko/OneDrive/Documentos/Project_0/Stm32/pro_consu_cod/Drivers/STM32F1xx_HAL_Driver/Inc" -I"C:/Users/Elison Maiko/OneDrive/Documentos/Project_0/Stm32/pro_consu_cod/Drivers/CMSIS/Device/ST/STM32F1xx/Include" -I"C:/Users/Elison Maiko/OneDrive/Documentos/Project_0/Stm32/pro_consu_cod/Drivers/CMSIS/Include" -I"C:/Users/Elison Maiko/OneDrive/Documentos/Project_0/Stm32/pro_consu_cod/Inc" -O0 -ffunction-sections -fdata-sections -Wall -fstack-usage -fcyclomatic-complexity -MMD -MP -MF"Drivers/STM32F1xx_HAL_Driver/Src/stm32f1xx_ll_spi.d" -MT"Drivers/STM32F1xx_HAL_Driver/Src/stm32f1xx_ll_spi.o" --specs=nano.specs -mfloat-abi=soft -mthumb -o "Drivers/STM32F1xx_HAL_Driver/Src/stm32f1xx_ll_spi.o"
arm-none-eabi-gcc "../Drivers/STM32F1xx_HAL_Driver/Src/stm32f1xx_ll_tim.c" -mcpu=cortex-m3 -std=gnu11 -g3 -DDEBUG -DSTM32 -DSTM32F1 -DSTM32F103C8Tx -c -I"C:/Users/Elison Maiko/OneDrive/Documentos/Project_0/Stm32/pro_consu_cod/Drivers/STM32F1xx_HAL_Driver/Inc" -I"C:/Users/Elison Maiko/OneDrive/Documentos/Project_0/Stm32/pro_consu_cod/Drivers/CMSIS/Device/ST/STM32F1xx/Include" -I"C:/Users/Elison Maiko/OneDrive/Documentos/Project_0/Stm32/pro_consu_cod/Drivers/CMSIS/Include" -I"C:/Users/Elison Maiko/OneDrive/Documentos/Project_0/Stm32/pro_consu_cod/Inc" -O0 -ffunction-sections -fdata-sections -Wall -fstack-usage -fcyclomatic-complexity -MMD -MP -MF"Drivers/STM32F1xx_HAL_Driver/Src/stm32f1xx_ll_tim.d" -MT"Drivers/STM32F1xx_HAL_Driver/Src/stm32f1xx_ll_tim.o" --specs=nano.specs -mfloat-abi=soft -mthumb -o "Drivers/STM32F1xx_HAL_Driver/Src/stm32f1xx_ll_tim.o"
arm-none-eabi-gcc "../Drivers/STM32F1xx_HAL_Driver/Src/stm32f1xx_ll_usart.c" -mcpu=cortex-m3 -std=gnu11 -g3 -DDEBUG -DSTM32 -DSTM32F1 -DSTM32F103C8Tx -c -I"C:/Users/Elison Maiko/OneDrive/Documentos/Project_0/Stm32/pro_consu_cod/Drivers/STM32F1xx_HAL_Driver/Inc" -I"C:/Users/Elison Maiko/OneDrive/Documentos/Project_0/Stm32/pro_consu_cod/Drivers/CMSIS/Device/ST/STM32F1xx/Include" -I"C:/Users/Elison Maiko/OneDrive/Documentos/Project_0/Stm32/pro_consu_cod/Drivers/CMSIS/Include" -I"C:/Users/Elison Maiko/OneDrive/Documentos/Project_0/Stm32/pro_consu_cod/Inc" -O0 -ffunction-sections -fdata-sections -Wall -fstack-usage -fcyclomatic-complexity -MMD -MP -MF"Drivers/STM32F1xx_HAL_Driver/Src/stm32f1xx_ll_usart.d" -MT"Drivers/STM32F1xx_HAL_Driver/Src/stm32f1xx_ll_usart.o" --specs=nano.specs -mfloat-abi=soft -mthumb -o "Drivers/STM32F1xx_HAL_Driver/Src/stm32f1xx_ll_usart.o"
arm-none-eabi-gcc "../Drivers/STM32F1xx_HAL_Driver/Src/stm32f1xx_ll_usb.c" -mcpu=cortex-m3 -std=gnu11 -g3 -DDEBUG -DSTM32 -DSTM32F1 -DSTM32F103C8Tx -c -I"C:/Users/Elison Maiko/OneDrive/Documentos/Project_0/Stm32/pro_consu_cod/Drivers/STM32F1xx_HAL_Driver/Inc" -I"C:/Users/Elison Maiko/OneDrive/Documentos/Project_0/Stm32/pro_consu_cod/Drivers/CMSIS/Device/ST/STM32F1xx/Include" -I"C:/Users/Elison Maiko/OneDrive/Documentos/Project_0/Stm32/pro_consu_cod/Drivers/CMSIS/Include" -I"C:/Users/Elison Maiko/OneDrive/Documentos/Project_0/Stm32/pro_consu_cod/Inc" -O0 -ffunction-sections -fdata-sections -Wall -fstack-usage -fcyclomatic-complexity -MMD -MP -MF"Drivers/STM32F1xx_HAL_Driver/Src/stm32f1xx_ll_usb.d" -MT"Drivers/STM32F1xx_HAL_Driver/Src/stm32f1xx_ll_usb.o" --specs=nano.specs -mfloat-abi=soft -mthumb -o "Drivers/STM32F1xx_HAL_Driver/Src/stm32f1xx_ll_usb.o"
arm-none-eabi-gcc "../Drivers/STM32F1xx_HAL_Driver/Src/stm32f1xx_ll_utils.c" -mcpu=cortex-m3 -std=gnu11 -g3 -DDEBUG -DSTM32 -DSTM32F1 -DSTM32F103C8Tx -c -I"C:/Users/Elison Maiko/OneDrive/Documentos/Project_0/Stm32/pro_consu_cod/Drivers/STM32F1xx_HAL_Driver/Inc" -I"C:/Users/Elison Maiko/OneDrive/Documentos/Project_0/Stm32/pro_consu_cod/Drivers/CMSIS/Device/ST/STM32F1xx/Include" -I"C:/Users/Elison Maiko/OneDrive/Documentos/Project_0/Stm32/pro_consu_cod/Drivers/CMSIS/Include" -I"C:/Users/Elison Maiko/OneDrive/Documentos/Project_0/Stm32/pro_consu_cod/Inc" -O0 -ffunction-sections -fdata-sections -Wall -fstack-usage -fcyclomatic-complexity -MMD -MP -MF"Drivers/STM32F1xx_HAL_Driver/Src/stm32f1xx_ll_utils.d" -MT"Drivers/STM32F1xx_HAL_Driver/Src/stm32f1xx_ll_utils.o" --specs=nano.specs -mfloat-abi=soft -mthumb -o "Drivers/STM32F1xx_HAL_Driver/Src/stm32f1xx_ll_utils.o"
arm-none-eabi-g++ -o "str-miros-stm32f103.elf" @"objects.list"   -mcpu=cortex-m3 -T"C:\Users\Elison Maiko\OneDrive\Documentos\Project_0\Stm32\pro_consu_cod\STM32F103C8TX_FLASH.ld" --specs=nosys.specs -Wl,-Map="str-miros-stm32f103.map" -Wl,--gc-sections -static --specs=nano.specs -mfloat-abi=soft -mthumb -Wl,--start-group -lc -lm -lstdc++ -lsupc++ -Wl,--end-group
C:/ST/STM32CubeIDE_1.16.0/STM32CubeIDE/plugins/com.st.stm32cube.ide.mcu.externaltools.gnu-tools-for-stm32.12.3.rel1.win32_1.0.200.202406191623/tools/bin/../lib/gcc/arm-none-eabi/12.3.1/../../../../arm-none-eabi/bin/ld.exe: warning: str-miros-stm32f103.elf has a LOAD segment with RWX permissions
Finished building target: str-miros-stm32f103.elf
 
arm-none-eabi-size  str-miros-stm32f103.elf 
arm-none-eabi-objdump -h -S str-miros-stm32f103.elf  > "str-miros-stm32f103.list"
   text	   data	    bss	    dec	    hex	filename
   2480	     16	   1736	   4232	   1088	str-miros-stm32f103.elf
arm-none-eabi-objcopy  -O binary str-miros-stm32f103.elf  "str-miros-stm32f103.bin"
Finished building: default.size.stdout
Finished building: str-miros-stm32f103.list
 
Finished building: str-miros-stm32f103.bin
 
 
