22:00:47 **** Build of configuration Debug for project str-miros-stm32f103 ****
make -j8 all 
arm-none-eabi-gcc -mcpu=cortex-m3 -g3 -DDEBUG -c -x assembler-with-cpp -MMD -MP -MF"Startup/startup_stm32f103c8tx.d" -MT"Startup/startup_stm32f103c8tx.o" --specs=nano.specs -mfloat-abi=soft -mthumb -o "Startup/startup_stm32f103c8tx.o" "../Startup/startup_stm32f103c8tx.s"
arm-none-eabi-gcc "../Src/main.c" -mcpu=cortex-m3 -std=gnu11 -g3 -DDEBUG -DSTM32 -DSTM32F1 -DSTM32F103C8Tx -c -I"C:/Users/Elison Maiko/OneDrive/Documentos/Project_0/Stm32/pro_consu_cod/Drivers/STM32F1xx_HAL_Driver/Inc" -I"C:/Users/Elison Maiko/OneDrive/Documentos/Project_0/Stm32/pro_consu_cod/Drivers/CMSIS/Device/ST/STM32F1xx/Include" -I"C:/Users/Elison Maiko/OneDrive/Documentos/Project_0/Stm32/pro_consu_cod/Drivers/CMSIS/Include" -I"C:/Users/Elison Maiko/OneDrive/Documentos/Project_0/Stm32/pro_consu_cod/Inc" -O0 -ffunction-sections -fdata-sections -Wall -fstack-usage -fcyclomatic-complexity -MMD -MP -MF"Src/main.d" -MT"Src/main.o" --specs=nano.specs -mfloat-abi=soft -mthumb -o "Src/main.o"
arm-none-eabi-gcc "../Src/miros.c" -mcpu=cortex-m3 -std=gnu11 -g3 -DDEBUG -DSTM32 -DSTM32F1 -DSTM32F103C8Tx -c -I"C:/Users/Elison Maiko/OneDrive/Documentos/Project_0/Stm32/pro_consu_cod/Drivers/STM32F1xx_HAL_Driver/Inc" -I"C:/Users/Elison Maiko/OneDrive/Documentos/Project_0/Stm32/pro_consu_cod/Drivers/CMSIS/Device/ST/STM32F1xx/Include" -I"C:/Users/Elison Maiko/OneDrive/Documentos/Project_0/Stm32/pro_consu_cod/Drivers/CMSIS/Include" -I"C:/Users/Elison Maiko/OneDrive/Documentos/Project_0/Stm32/pro_consu_cod/Inc" -O0 -ffunction-sections -fdata-sections -Wall -fstack-usage -fcyclomatic-complexity -MMD -MP -MF"Src/miros.d" -MT"Src/miros.o" --specs=nano.specs -mfloat-abi=soft -mthumb -o "Src/miros.o"
arm-none-eabi-gcc "../Src/stm32f1xx_hal_msp.c" -mcpu=cortex-m3 -std=gnu11 -g3 -DDEBUG -DSTM32 -DSTM32F1 -DSTM32F103C8Tx -c -I"C:/Users/Elison Maiko/OneDrive/Documentos/Project_0/Stm32/pro_consu_cod/Drivers/STM32F1xx_HAL_Driver/Inc" -I"C:/Users/Elison Maiko/OneDrive/Documentos/Project_0/Stm32/pro_consu_cod/Drivers/CMSIS/Device/ST/STM32F1xx/Include" -I"C:/Users/Elison Maiko/OneDrive/Documentos/Project_0/Stm32/pro_consu_cod/Drivers/CMSIS/Include" -I"C:/Users/Elison Maiko/OneDrive/Documentos/Project_0/Stm32/pro_consu_cod/Inc" -O0 -ffunction-sections -fdata-sections -Wall -fstack-usage -fcyclomatic-complexity -MMD -MP -MF"Src/stm32f1xx_hal_msp.d" -MT"Src/stm32f1xx_hal_msp.o" --specs=nano.specs -mfloat-abi=soft -mthumb -o "Src/stm32f1xx_hal_msp.o"
arm-none-eabi-gcc "../Src/stm32f1xx_it.c" -mcpu=cortex-m3 -std=gnu11 -g3 -DDEBUG -DSTM32 -DSTM32F1 -DSTM32F103C8Tx -c -I"C:/Users/Elison Maiko/OneDrive/Documentos/Project_0/Stm32/pro_consu_cod/Drivers/STM32F1xx_HAL_Driver/Inc" -I"C:/Users/Elison Maiko/OneDrive/Documentos/Project_0/Stm32/pro_consu_cod/Drivers/CMSIS/Device/ST/STM32F1xx/Include" -I"C:/Users/Elison Maiko/OneDrive/Documentos/Project_0/Stm32/pro_consu_cod/Drivers/CMSIS/Include" -I"C:/Users/Elison Maiko/OneDrive/Documentos/Project_0/Stm32/pro_consu_cod/Inc" -O0 -ffunction-sections -fdata-sections -Wall -fstack-usage -fcyclomatic-complexity -MMD -MP -MF"Src/stm32f1xx_it.d" -MT"Src/stm32f1xx_it.o" --specs=nano.specs -mfloat-abi=soft -mthumb -o "Src/stm32f1xx_it.o"
arm-none-eabi-gcc "../Src/syscalls.c" -mcpu=cortex-m3 -std=gnu11 -g3 -DDEBUG -DSTM32 -DSTM32F1 -DSTM32F103C8Tx -c -I"C:/Users/Elison Maiko/OneDrive/Documentos/Project_0/Stm32/pro_consu_cod/Drivers/STM32F1xx_HAL_Driver/Inc" -I"C:/Users/Elison Maiko/OneDrive/Documentos/Project_0/Stm32/pro_consu_cod/Drivers/CMSIS/Device/ST/STM32F1xx/Include" -I"C:/Users/Elison Maiko/OneDrive/Documentos/Project_0/Stm32/pro_consu_cod/Drivers/CMSIS/Include" -I"C:/Users/Elison Maiko/OneDrive/Documentos/Project_0/Stm32/pro_consu_cod/Inc" -O0 -ffunction-sections -fdata-sections -Wall -fstack-usage -fcyclomatic-complexity -MMD -MP -MF"Src/syscalls.d" -MT"Src/syscalls.o" --specs=nano.specs -mfloat-abi=soft -mthumb -o "Src/syscalls.o"
arm-none-eabi-gcc "../Src/sysmem.c" -mcpu=cortex-m3 -std=gnu11 -g3 -DDEBUG -DSTM32 -DSTM32F1 -DSTM32F103C8Tx -c -I"C:/Users/Elison Maiko/OneDrive/Documentos/Project_0/Stm32/pro_consu_cod/Drivers/STM32F1xx_HAL_Driver/Inc" -I"C:/Users/Elison Maiko/OneDrive/Documentos/Project_0/Stm32/pro_consu_cod/Drivers/CMSIS/Device/ST/STM32F1xx/Include" -I"C:/Users/Elison Maiko/OneDrive/Documentos/Project_0/Stm32/pro_consu_cod/Drivers/CMSIS/Include" -I"C:/Users/Elison Maiko/OneDrive/Documentos/Project_0/Stm32/pro_consu_cod/Inc" -O0 -ffunction-sections -fdata-sections -Wall -fstack-usage -fcyclomatic-complexity -MMD -MP -MF"Src/sysmem.d" -MT"Src/sysmem.o" --specs=nano.specs -mfloat-abi=soft -mthumb -o "Src/sysmem.o"
arm-none-eabi-gcc "../Src/system_stm32f1xx.c" -mcpu=cortex-m3 -std=gnu11 -g3 -DDEBUG -DSTM32 -DSTM32F1 -DSTM32F103C8Tx -c -I"C:/Users/Elison Maiko/OneDrive/Documentos/Project_0/Stm32/pro_consu_cod/Drivers/STM32F1xx_HAL_Driver/Inc" -I"C:/Users/Elison Maiko/OneDrive/Documentos/Project_0/Stm32/pro_consu_cod/Drivers/CMSIS/Device/ST/STM32F1xx/Include" -I"C:/Users/Elison Maiko/OneDrive/Documentos/Project_0/Stm32/pro_consu_cod/Drivers/CMSIS/Include" -I"C:/Users/Elison Maiko/OneDrive/Documentos/Project_0/Stm32/pro_consu_cod/Inc" -O0 -ffunction-sections -fdata-sections -Wall -fstack-usage -fcyclomatic-complexity -MMD -MP -MF"Src/system_stm32f1xx.d" -MT"Src/system_stm32f1xx.o" --specs=nano.specs -mfloat-abi=soft -mthumb -o "Src/system_stm32f1xx.o"
arm-none-eabi-gcc "../Drivers/STM32F1xx_HAL_Driver/Src/Legacy/stm32f1xx_hal_can.c" -mcpu=cortex-m3 -std=gnu11 -g3 -DDEBUG -DSTM32 -DSTM32F1 -DSTM32F103C8Tx -c -I"C:/Users/Elison Maiko/OneDrive/Documentos/Project_0/Stm32/pro_consu_cod/Drivers/STM32F1xx_HAL_Driver/Inc" -I"C:/Users/Elison Maiko/OneDrive/Documentos/Project_0/Stm32/pro_consu_cod/Drivers/CMSIS/Device/ST/STM32F1xx/Include" -I"C:/Users/Elison Maiko/OneDrive/Documentos/Project_0/Stm32/pro_consu_cod/Drivers/CMSIS/Include" -I"C:/Users/Elison Maiko/OneDrive/Documentos/Project_0/Stm32/pro_consu_cod/Inc" -O0 -ffunction-sections -fdata-sections -Wall -fstack-usage -fcyclomatic-complexity -MMD -MP -MF"Drivers/STM32F1xx_HAL_Driver/Src/Legacy/stm32f1xx_hal_can.d" -MT"Drivers/STM32F1xx_HAL_Driver/Src/Legacy/stm32f1xx_hal_can.o" --specs=nano.specs -mfloat-abi=soft -mthumb -o "Drivers/STM32F1xx_HAL_Driver/Src/Legacy/stm32f1xx_hal_can.o"
arm-none-eabi-gcc "../Drivers/STM32F1xx_HAL_Driver/Src/stm32f1xx_hal.c" -mcpu=cortex-m3 -std=gnu11 -g3 -DDEBUG -DSTM32 -DSTM32F1 -DSTM32F103C8Tx -c -I"C:/Users/Elison Maiko/OneDrive/Documentos/Project_0/Stm32/pro_consu_cod/Drivers/STM32F1xx_HAL_Driver/Inc" -I"C:/Users/Elison Maiko/OneDrive/Documentos/Project_0/Stm32/pro_consu_cod/Drivers/CMSIS/Device/ST/STM32F1xx/Include" -I"C:/Users/Elison Maiko/OneDrive/Documentos/Project_0/Stm32/pro_consu_cod/Drivers/CMSIS/Include" -I"C:/Users/Elison Maiko/OneDrive/Documentos/Project_0/Stm32/pro_consu_cod/Inc" -O0 -ffunction-sections -fdata-sections -Wall -fstack-usage -fcyclomatic-complexity -MMD -MP -MF"Drivers/STM32F1xx_HAL_Driver/Src/stm32f1xx_hal.d" -MT"Drivers/STM32F1xx_HAL_Driver/Src/stm32f1xx_hal.o" --specs=nano.specs -mfloat-abi=soft -mthumb -o "Drivers/STM32F1xx_HAL_Driver/Src/stm32f1xx_hal.o"
arm-none-eabi-gcc "../Drivers/STM32F1xx_HAL_Driver/Src/stm32f1xx_hal_adc.c" -mcpu=cortex-m3 -std=gnu11 -g3 -DDEBUG -DSTM32 -DSTM32F1 -DSTM32F103C8Tx -c -I"C:/Users/Elison Maiko/OneDrive/Documentos/Project_0/Stm32/pro_consu_cod/Drivers/STM32F1xx_HAL_Driver/Inc" -I"C:/Users/Elison Maiko/OneDrive/Documentos/Project_0/Stm32/pro_consu_cod/Drivers/CMSIS/Device/ST/STM32F1xx/Include" -I"C:/Users/Elison Maiko/OneDrive/Documentos/Project_0/Stm32/pro_consu_cod/Drivers/CMSIS/Include" -I"C:/Users/Elison Maiko/OneDrive/Documentos/Project_0/Stm32/pro_consu_cod/Inc" -O0 -ffunction-sections -fdata-sections -Wall -fstack-usage -fcyclomatic-complexity -MMD -MP -MF"Drivers/STM32F1xx_HAL_Driver/Src/stm32f1xx_hal_adc.d" -MT"Drivers/STM32F1xx_HAL_Driver/Src/stm32f1xx_hal_adc.o" --specs=nano.specs -mfloat-abi=soft -mthumb -o "Drivers/STM32F1xx_HAL_Driver/Src/stm32f1xx_hal_adc.o"
arm-none-eabi-gcc "../Drivers/STM32F1xx_HAL_Driver/Src/stm32f1xx_hal_adc_ex.c" -mcpu=cortex-m3 -std=gnu11 -g3 -DDEBUG -DSTM32 -DSTM32F1 -DSTM32F103C8Tx -c -I"C:/Users/Elison Maiko/OneDrive/Documentos/Project_0/Stm32/pro_consu_cod/Drivers/STM32F1xx_HAL_Driver/Inc" -I"C:/Users/Elison Maiko/OneDrive/Documentos/Project_0/Stm32/pro_consu_cod/Drivers/CMSIS/Device/ST/STM32F1xx/Include" -I"C:/Users/Elison Maiko/OneDrive/Documentos/Project_0/Stm32/pro_consu_cod/Drivers/CMSIS/Include" -I"C:/Users/Elison Maiko/OneDrive/Documentos/Project_0/Stm32/pro_consu_cod/Inc" -O0 -ffunction-sections -fdata-sections -Wall -fstack-usage -fcyclomatic-complexity -MMD -MP -MF"Drivers/STM32F1xx_HAL_Driver/Src/stm32f1xx_hal_adc_ex.d" -MT"Drivers/STM32F1xx_HAL_Driver/Src/stm32f1xx_hal_adc_ex.o" --specs=nano.specs -mfloat-abi=soft -mthumb -o "Drivers/STM32F1xx_HAL_Driver/Src/stm32f1xx_hal_adc_ex.o"
arm-none-eabi-gcc "../Drivers/STM32F1xx_HAL_Driver/Src/stm32f1xx_hal_can.c" -mcpu=cortex-m3 -std=gnu11 -g3 -DDEBUG -DSTM32 -DSTM32F1 -DSTM32F103C8Tx -c -I"C:/Users/Elison Maiko/OneDrive/Documentos/Project_0/Stm32/pro_consu_cod/Drivers/STM32F1xx_HAL_Driver/Inc" -I"C:/Users/Elison Maiko/OneDrive/Documentos/Project_0/Stm32/pro_consu_cod/Drivers/CMSIS/Device/ST/STM32F1xx/Include" -I"C:/Users/Elison Maiko/OneDrive/Documentos/Project_0/Stm32/pro_consu_cod/Drivers/CMSIS/Include" -I"C:/Users/Elison Maiko/OneDrive/Documentos/Project_0/Stm32/pro_consu_cod/Inc" -O0 -ffunction-sections -fdata-sections -Wall -fstack-usage -fcyclomatic-complexity -MMD -MP -MF"Drivers/STM32F1xx_HAL_Driver/Src/stm32f1xx_hal_can.d" -MT"Drivers/STM32F1xx_HAL_Driver/Src/stm32f1xx_hal_can.o" --specs=nano.specs -mfloat-abi=soft -mthumb -o "Drivers/STM32F1xx_HAL_Driver/Src/stm32f1xx_hal_can.o"
arm-none-eabi-gcc "../Drivers/STM32F1xx_HAL_Driver/Src/stm32f1xx_hal_cec.c" -mcpu=cortex-m3 -std=gnu11 -g3 -DDEBUG -DSTM32 -DSTM32F1 -DSTM32F103C8Tx -c -I"C:/Users/Elison Maiko/OneDrive/Documentos/Project_0/Stm32/pro_consu_cod/Drivers/STM32F1xx_HAL_Driver/Inc" -I"C:/Users/Elison Maiko/OneDrive/Documentos/Project_0/Stm32/pro_consu_cod/Drivers/CMSIS/Device/ST/STM32F1xx/Include" -I"C:/Users/Elison Maiko/OneDrive/Documentos/Project_0/Stm32/pro_consu_cod/Drivers/CMSIS/Include" -I"C:/Users/Elison Maiko/OneDrive/Documentos/Project_0/Stm32/pro_consu_cod/Inc" -O0 -ffunction-sections -fdata-sections -Wall -fstack-usage -fcyclomatic-complexity -MMD -MP -MF"Drivers/STM32F1xx_HAL_Driver/Src/stm32f1xx_hal_cec.d" -MT"Drivers/STM32F1xx_HAL_Driver/Src/stm32f1xx_hal_cec.o" --specs=nano.specs -mfloat-abi=soft -mthumb -o "Drivers/STM32F1xx_HAL_Driver/Src/stm32f1xx_hal_cec.o"
arm-none-eabi-gcc "../Drivers/STM32F1xx_HAL_Driver/Src/stm32f1xx_hal_cortex.c" -mcpu=cortex-m3 -std=gnu11 -g3 -DDEBUG -DSTM32 -DSTM32F1 -DSTM32F103C8Tx -c -I"C:/Users/Elison Maiko/OneDrive/Documentos/Project_0/Stm32/pro_consu_cod/Drivers/STM32F1xx_HAL_Driver/Inc" -I"C:/Users/Elison Maiko/OneDrive/Documentos/Project_0/Stm32/pro_consu_cod/Drivers/CMSIS/Device/ST/STM32F1xx/Include" -I"C:/Users/Elison Maiko/OneDrive/Documentos/Project_0/Stm32/pro_consu_cod/Drivers/CMSIS/Include" -I"C:/Users/Elison Maiko/OneDrive/Documentos/Project_0/Stm32/pro_consu_cod/Inc" -O0 -ffunction-sections -fdata-sections -Wall -fstack-usage -fcyclomatic-complexity -MMD -MP -MF"Drivers/STM32F1xx_HAL_Driver/Src/stm32f1xx_hal_cortex.d" -MT"Drivers/STM32F1xx_HAL_Driver/Src/stm32f1xx_hal_cortex.o" --specs=nano.specs -mfloat-abi=soft -mthumb -o "Drivers/STM32F1xx_HAL_Driver/Src/stm32f1xx_hal_cortex.o"
arm-none-eabi-gcc "../Drivers/STM32F1xx_HAL_Driver/Src/stm32f1xx_hal_crc.c" -mcpu=cortex-m3 -std=gnu11 -g3 -DDEBUG -DSTM32 -DSTM32F1 -DSTM32F103C8Tx -c -I"C:/Users/Elison Maiko/OneDrive/Documentos/Project_0/Stm32/pro_consu_cod/Drivers/STM32F1xx_HAL_Driver/Inc" -I"C:/Users/Elison Maiko/OneDrive/Documentos/Project_0/Stm32/pro_consu_cod/Drivers/CMSIS/Device/ST/STM32F1xx/Include" -I"C:/Users/Elison Maiko/OneDrive/Documentos/Project_0/Stm32/pro_consu_cod/Drivers/CMSIS/Include" -I"C:/Users/Elison Maiko/OneDrive/Documentos/Project_0/Stm32/pro_consu_cod/Inc" -O0 -ffunction-sections -fdata-sections -Wall -fstack-usage -fcyclomatic-complexity -MMD -MP -MF"Drivers/STM32F1xx_HAL_Driver/Src/stm32f1xx_hal_crc.d" -MT"Drivers/STM32F1xx_HAL_Driver/Src/stm32f1xx_hal_crc.o" --specs=nano.specs -mfloat-abi=soft -mthumb -o "Drivers/STM32F1xx_HAL_Driver/Src/stm32f1xx_hal_crc.o"
arm-none-eabi-gcc "../Drivers/STM32F1xx_HAL_Driver/Src/stm32f1xx_hal_dac.c" -mcpu=cortex-m3 -std=gnu11 -g3 -DDEBUG -DSTM32 -DSTM32F1 -DSTM32F103C8Tx -c -I"C:/Users/Elison Maiko/OneDrive/Documentos/Project_0/Stm32/pro_consu_cod/Drivers/STM32F1xx_HAL_Driver/Inc" -I"C:/Users/Elison Maiko/OneDrive/Documentos/Project_0/Stm32/pro_consu_cod/Drivers/CMSIS/Device/ST/STM32F1xx/Include" -I"C:/Users/Elison Maiko/OneDrive/Documentos/Project_0/Stm32/pro_consu_cod/Drivers/CMSIS/Include" -I"C:/Users/Elison Maiko/OneDrive/Documentos/Project_0/Stm32/pro_consu_cod/Inc" -O0 -ffunction-sections -fdata-sections -Wall -fstack-usage -fcyclomatic-complexity -MMD -MP -MF"Drivers/STM32F1xx_HAL_Driver/Src/stm32f1xx_hal_dac.d" -MT"Drivers/STM32F1xx_HAL_Driver/Src/stm32f1xx_hal_dac.o" --specs=nano.specs -mfloat-abi=soft -mthumb -o "Drivers/STM32F1xx_HAL_Driver/Src/stm32f1xx_hal_dac.o"
arm-none-eabi-gcc "../Drivers/STM32F1xx_HAL_Driver/Src/stm32f1xx_hal_dac_ex.c" -mcpu=cortex-m3 -std=gnu11 -g3 -DDEBUG -DSTM32 -DSTM32F1 -DSTM32F103C8Tx -c -I"C:/Users/Elison Maiko/OneDrive/Documentos/Project_0/Stm32/pro_consu_cod/Drivers/STM32F1xx_HAL_Driver/Inc" -I"C:/Users/Elison Maiko/OneDrive/Documentos/Project_0/Stm32/pro_consu_cod/Drivers/CMSIS/Device/ST/STM32F1xx/Include" -I"C:/Users/Elison Maiko/OneDrive/Documentos/Project_0/Stm32/pro_consu_cod/Drivers/CMSIS/Include" -I"C:/Users/Elison Maiko/OneDrive/Documentos/Project_0/Stm32/pro_consu_cod/Inc" -O0 -ffunction-sections -fdata-sections -Wall -fstack-usage -fcyclomatic-complexity -MMD -MP -MF"Drivers/STM32F1xx_HAL_Driver/Src/stm32f1xx_hal_dac_ex.d" -MT"Drivers/STM32F1xx_HAL_Driver/Src/stm32f1xx_hal_dac_ex.o" --specs=nano.specs -mfloat-abi=soft -mthumb -o "Drivers/STM32F1xx_HAL_Driver/Src/stm32f1xx_hal_dac_ex.o"
arm-none-eabi-gcc "../Drivers/STM32F1xx_HAL_Driver/Src/stm32f1xx_hal_dma.c" -mcpu=cortex-m3 -std=gnu11 -g3 -DDEBUG -DSTM32 -DSTM32F1 -DSTM32F103C8Tx -c -I"C:/Users/Elison Maiko/OneDrive/Documentos/Project_0/Stm32/pro_consu_cod/Drivers/STM32F1xx_HAL_Driver/Inc" -I"C:/Users/Elison Maiko/OneDrive/Documentos/Project_0/Stm32/pro_consu_cod/Drivers/CMSIS/Device/ST/STM32F1xx/Include" -I"C:/Users/Elison Maiko/OneDrive/Documentos/Project_0/Stm32/pro_consu_cod/Drivers/CMSIS/Include" -I"C:/Users/Elison Maiko/OneDrive/Documentos/Project_0/Stm32/pro_consu_cod/Inc" -O0 -ffunction-sections -fdata-sections -Wall -fstack-usage -fcyclomatic-complexity -MMD -MP -MF"Drivers/STM32F1xx_HAL_Driver/Src/stm32f1xx_hal_dma.d" -MT"Drivers/STM32F1xx_HAL_Driver/Src/stm32f1xx_hal_dma.o" --specs=nano.specs -mfloat-abi=soft -mthumb -o "Drivers/STM32F1xx_HAL_Driver/Src/stm32f1xx_hal_dma.o"
arm-none-eabi-gcc "../Drivers/STM32F1xx_HAL_Driver/Src/stm32f1xx_hal_eth.c" -mcpu=cortex-m3 -std=gnu11 -g3 -DDEBUG -DSTM32 -DSTM32F1 -DSTM32F103C8Tx -c -I"C:/Users/Elison Maiko/OneDrive/Documentos/Project_0/Stm32/pro_consu_cod/Drivers/STM32F1xx_HAL_Driver/Inc" -I"C:/Users/Elison Maiko/OneDrive/Documentos/Project_0/Stm32/pro_consu_cod/Drivers/CMSIS/Device/ST/STM32F1xx/Include" -I"C:/Users/Elison Maiko/OneDrive/Documentos/Project_0/Stm32/pro_consu_cod/Drivers/CMSIS/Include" -I"C:/Users/Elison Maiko/OneDrive/Documentos/Project_0/Stm32/pro_consu_cod/Inc" -O0 -ffunction-sections -fdata-sections -Wall -fstack-usage -fcyclomatic-complexity -MMD -MP -MF"Drivers/STM32F1xx_HAL_Driver/Src/stm32f1xx_hal_eth.d" -MT"Drivers/STM32F1xx_HAL_Driver/Src/stm32f1xx_hal_eth.o" --specs=nano.specs -mfloat-abi=soft -mthumb -o "Drivers/STM32F1xx_HAL_Driver/Src/stm32f1xx_hal_eth.o"
arm-none-eabi-gcc "../Drivers/STM32F1xx_HAL_Driver/Src/stm32f1xx_hal_exti.c" -mcpu=cortex-m3 -std=gnu11 -g3 -DDEBUG -DSTM32 -DSTM32F1 -DSTM32F103C8Tx -c -I"C:/Users/Elison Maiko/OneDrive/Documentos/Project_0/Stm32/pro_consu_cod/Drivers/STM32F1xx_HAL_Driver/Inc" -I"C:/Users/Elison Maiko/OneDrive/Documentos/Project_0/Stm32/pro_consu_cod/Drivers/CMSIS/Device/ST/STM32F1xx/Include" -I"C:/Users/Elison Maiko/OneDrive/Documentos/Project_0/Stm32/pro_consu_cod/Drivers/CMSIS/Include" -I"C:/Users/Elison Maiko/OneDrive/Documentos/Project_0/Stm32/pro_consu_cod/Inc" -O0 -ffunction-sections -fdata-sections -Wall -fstack-usage -fcyclomatic-complexity -MMD -MP -MF"Drivers/STM32F1xx_HAL_Driver/Src/stm32f1xx_hal_exti.d" -MT"Drivers/STM32F1xx_HAL_Driver/Src/stm32f1xx_hal_exti.o" --specs=nano.specs -mfloat-abi=soft -mthumb -o "Drivers/STM32F1xx_HAL_Driver/Src/stm32f1xx_hal_exti.o"
arm-none-eabi-gcc "../Drivers/STM32F1xx_HAL_Driver/Src/stm32f1xx_hal_flash.c" -mcpu=cortex-m3 -std=gnu11 -g3 -DDEBUG -DSTM32 -DSTM32F1 -DSTM32F103C8Tx -c -I"C:/Users/Elison Maiko/OneDrive/Documentos/Project_0/Stm32/pro_consu_cod/Drivers/STM32F1xx_HAL_Driver/Inc" -I"C:/Users/Elison Maiko/OneDrive/Documentos/Project_0/Stm32/pro_consu_cod/Drivers/CMSIS/Device/ST/STM32F1xx/Include" -I"C:/Users/Elison Maiko/OneDrive/Documentos/Project_0/Stm32/pro_consu_cod/Drivers/CMSIS/Include" -I"C:/Users/Elison Maiko/OneDrive/Documentos/Project_0/Stm32/pro_consu_cod/Inc" -O0 -ffunction-sections -fdata-sections -Wall -fstack-usage -fcyclomatic-complexity -MMD -MP -MF"Drivers/STM32F1xx_HAL_Driver/Src/stm32f1xx_hal_flash.d" -MT"Drivers/STM32F1xx_HAL_Driver/Src/stm32f1xx_hal_flash.o" --specs=nano.specs -mfloat-abi=soft -mthumb -o "Drivers/STM32F1xx_HAL_Driver/Src/stm32f1xx_hal_flash.o"
arm-none-eabi-gcc "../Drivers/STM32F1xx_HAL_Driver/Src/stm32f1xx_hal_flash_ex.c" -mcpu=cortex-m3 -std=gnu11 -g3 -DDEBUG -DSTM32 -DSTM32F1 -DSTM32F103C8Tx -c -I"C:/Users/Elison Maiko/OneDrive/Documentos/Project_0/Stm32/pro_consu_cod/Drivers/STM32F1xx_HAL_Driver/Inc" -I"C:/Users/Elison Maiko/OneDrive/Documentos/Project_0/Stm32/pro_consu_cod/Drivers/CMSIS/Device/ST/STM32F1xx/Include" -I"C:/Users/Elison Maiko/OneDrive/Documentos/Project_0/Stm32/pro_consu_cod/Drivers/CMSIS/Include" -I"C:/Users/Elison Maiko/OneDrive/Documentos/Project_0/Stm32/pro_consu_cod/Inc" -O0 -ffunction-sections -fdata-sections -Wall -fstack-usage -fcyclomatic-complexity -MMD -MP -MF"Drivers/STM32F1xx_HAL_Driver/Src/stm32f1xx_hal_flash_ex.d" -MT"Drivers/STM32F1xx_HAL_Driver/Src/stm32f1xx_hal_flash_ex.o" --specs=nano.specs -mfloat-abi=soft -mthumb -o "Drivers/STM32F1xx_HAL_Driver/Src/stm32f1xx_hal_flash_ex.o"
arm-none-eabi-gcc "../Drivers/STM32F1xx_HAL_Driver/Src/stm32f1xx_hal_gpio.c" -mcpu=cortex-m3 -std=gnu11 -g3 -DDEBUG -DSTM32 -DSTM32F1 -DSTM32F103C8Tx -c -I"C:/Users/Elison Maiko/OneDrive/Documentos/Project_0/Stm32/pro_consu_cod/Drivers/STM32F1xx_HAL_Driver/Inc" -I"C:/Users/Elison Maiko/OneDrive/Documentos/Project_0/Stm32/pro_consu_cod/Drivers/CMSIS/Device/ST/STM32F1xx/Include" -I"C:/Users/Elison Maiko/OneDrive/Documentos/Project_0/Stm32/pro_consu_cod/Drivers/CMSIS/Include" -I"C:/Users/Elison Maiko/OneDrive/Documentos/Project_0/Stm32/pro_consu_cod/Inc" -O0 -ffunction-sections -fdata-sections -Wall -fstack-usage -fcyclomatic-complexity -MMD -MP -MF"Drivers/STM32F1xx_HAL_Driver/Src/stm32f1xx_hal_gpio.d" -MT"Drivers/STM32F1xx_HAL_Driver/Src/stm32f1xx_hal_gpio.o" --specs=nano.specs -mfloat-abi=soft -mthumb -o "Drivers/STM32F1xx_HAL_Driver/Src/stm32f1xx_hal_gpio.o"
arm-none-eabi-gcc "../Drivers/STM32F1xx_HAL_Driver/Src/stm32f1xx_hal_gpio_ex.c" -mcpu=cortex-m3 -std=gnu11 -g3 -DDEBUG -DSTM32 -DSTM32F1 -DSTM32F103C8Tx -c -I"C:/Users/Elison Maiko/OneDrive/Documentos/Project_0/Stm32/pro_consu_cod/Drivers/STM32F1xx_HAL_Driver/Inc" -I"C:/Users/Elison Maiko/OneDrive/Documentos/Project_0/Stm32/pro_consu_cod/Drivers/CMSIS/Device/ST/STM32F1xx/Include" -I"C:/Users/Elison Maiko/OneDrive/Documentos/Project_0/Stm32/pro_consu_cod/Drivers/CMSIS/Include" -I"C:/Users/Elison Maiko/OneDrive/Documentos/Project_0/Stm32/pro_consu_cod/Inc" -O0 -ffunction-sections -fdata-sections -Wall -fstack-usage -fcyclomatic-complexity -MMD -MP -MF"Drivers/STM32F1xx_HAL_Driver/Src/stm32f1xx_hal_gpio_ex.d" -MT"Drivers/STM32F1xx_HAL_Driver/Src/stm32f1xx_hal_gpio_ex.o" --specs=nano.specs -mfloat-abi=soft -mthumb -o "Drivers/STM32F1xx_HAL_Driver/Src/stm32f1xx_hal_gpio_ex.o"
arm-none-eabi-gcc "../Drivers/STM32F1xx_HAL_Driver/Src/stm32f1xx_hal_hcd.c" -mcpu=cortex-m3 -std=gnu11 -g3 -DDEBUG -DSTM32 -DSTM32F1 -DSTM32F103C8Tx -c -I"C:/Users/Elison Maiko/OneDrive/Documentos/Project_0/Stm32/pro_consu_cod/Drivers/STM32F1xx_HAL_Driver/Inc" -I"C:/Users/Elison Maiko/OneDrive/Documentos/Project_0/Stm32/pro_consu_cod/Drivers/CMSIS/Device/ST/STM32F1xx/Include" -I"C:/Users/Elison Maiko/OneDrive/Documentos/Project_0/Stm32/pro_consu_cod/Drivers/CMSIS/Include" -I"C:/Users/Elison Maiko/OneDrive/Documentos/Project_0/Stm32/pro_consu_cod/Inc" -O0 -ffunction-sections -fdata-sections -Wall -fstack-usage -fcyclomatic-complexity -MMD -MP -MF"Drivers/STM32F1xx_HAL_Driver/Src/stm32f1xx_hal_hcd.d" -MT"Drivers/STM32F1xx_HAL_Driver/Src/stm32f1xx_hal_hcd.o" --specs=nano.specs -mfloat-abi=soft -mthumb -o "Drivers/STM32F1xx_HAL_Driver/Src/stm32f1xx_hal_hcd.o"
arm-none-eabi-gcc "../Drivers/STM32F1xx_HAL_Driver/Src/stm32f1xx_hal_i2c.c" -mcpu=cortex-m3 -std=gnu11 -g3 -DDEBUG -DSTM32 -DSTM32F1 -DSTM32F103C8Tx -c -I"C:/Users/Elison Maiko/OneDrive/Documentos/Project_0/Stm32/pro_consu_cod/Drivers/STM32F1xx_HAL_Driver/Inc" -I"C:/Users/Elison Maiko/OneDrive/Documentos/Project_0/Stm32/pro_consu_cod/Drivers/CMSIS/Device/ST/STM32F1xx/Include" -I"C:/Users/Elison Maiko/OneDrive/Documentos/Project_0/Stm32/pro_consu_cod/Drivers/CMSIS/Include" -I"C:/Users/Elison Maiko/OneDrive/Documentos/Project_0/Stm32/pro_consu_cod/Inc" -O0 -ffunction-sections -fdata-sections -Wall -fstack-usage -fcyclomatic-complexity -MMD -MP -MF"Drivers/STM32F1xx_HAL_Driver/Src/stm32f1xx_hal_i2c.d" -MT"Drivers/STM32F1xx_HAL_Driver/Src/stm32f1xx_hal_i2c.o" --specs=nano.specs -mfloat-abi=soft -mthumb -o "Drivers/STM32F1xx_HAL_Driver/Src/stm32f1xx_hal_i2c.o"
arm-none-eabi-gcc "../Drivers/STM32F1xx_HAL_Driver/Src/stm32f1xx_hal_i2s.c" -mcpu=cortex-m3 -std=gnu11 -g3 -DDEBUG -DSTM32 -DSTM32F1 -DSTM32F103C8Tx -c -I"C:/Users/Elison Maiko/OneDrive/Documentos/Project_0/Stm32/pro_consu_cod/Drivers/STM32F1xx_HAL_Driver/Inc" -I"C:/Users/Elison Maiko/OneDrive/Documentos/Project_0/Stm32/pro_consu_cod/Drivers/CMSIS/Device/ST/STM32F1xx/Include" -I"C:/Users/Elison Maiko/OneDrive/Documentos/Project_0/Stm32/pro_consu_cod/Drivers/CMSIS/Include" -I"C:/Users/Elison Maiko/OneDrive/Documentos/Project_0/Stm32/pro_consu_cod/Inc" -O0 -ffunction-sections -fdata-sections -Wall -fstack-usage -fcyclomatic-complexity -MMD -MP -MF"Drivers/STM32F1xx_HAL_Driver/Src/stm32f1xx_hal_i2s.d" -MT"Drivers/STM32F1xx_HAL_Driver/Src/stm32f1xx_hal_i2s.o" --specs=nano.specs -mfloat-abi=soft -mthumb -o "Drivers/STM32F1xx_HAL_Driver/Src/stm32f1xx_hal_i2s.o"
arm-none-eabi-gcc "../Drivers/STM32F1xx_HAL_Driver/Src/stm32f1xx_hal_irda.c" -mcpu=cortex-m3 -std=gnu11 -g3 -DDEBUG -DSTM32 -DSTM32F1 -DSTM32F103C8Tx -c -I"C:/Users/Elison Maiko/OneDrive/Documentos/Project_0/Stm32/pro_consu_cod/Drivers/STM32F1xx_HAL_Driver/Inc" -I"C:/Users/Elison Maiko/OneDrive/Documentos/Project_0/Stm32/pro_consu_cod/Drivers/CMSIS/Device/ST/STM32F1xx/Include" -I"C:/Users/Elison Maiko/OneDrive/Documentos/Project_0/Stm32/pro_consu_cod/Drivers/CMSIS/Include" -I"C:/Users/Elison Maiko/OneDrive/Documentos/Project_0/Stm32/pro_consu_cod/Inc" -O0 -ffunction-sections -fdata-sections -Wall -fstack-usage -fcyclomatic-complexity -MMD -MP -MF"Drivers/STM32F1xx_HAL_Driver/Src/stm32f1xx_hal_irda.d" -MT"Drivers/STM32F1xx_HAL_Driver/Src/stm32f1xx_hal_irda.o" --specs=nano.specs -mfloat-abi=soft -mthumb -o "Drivers/STM32F1xx_HAL_Driver/Src/stm32f1xx_hal_irda.o"
arm-none-eabi-gcc "../Drivers/STM32F1xx_HAL_Driver/Src/stm32f1xx_hal_iwdg.c" -mcpu=cortex-m3 -std=gnu11 -g3 -DDEBUG -DSTM32 -DSTM32F1 -DSTM32F103C8Tx -c -I"C:/Users/Elison Maiko/OneDrive/Documentos/Project_0/Stm32/pro_consu_cod/Drivers/STM32F1xx_HAL_Driver/Inc" -I"C:/Users/Elison Maiko/OneDrive/Documentos/Project_0/Stm32/pro_consu_cod/Drivers/CMSIS/Device/ST/STM32F1xx/Include" -I"C:/Users/Elison Maiko/OneDrive/Documentos/Project_0/Stm32/pro_consu_cod/Drivers/CMSIS/Include" -I"C:/Users/Elison Maiko/OneDrive/Documentos/Project_0/Stm32/pro_consu_cod/Inc" -O0 -ffunction-sections -fdata-sections -Wall -fstack-usage -fcyclomatic-complexity -MMD -MP -MF"Drivers/STM32F1xx_HAL_Driver/Src/stm32f1xx_hal_iwdg.d" -MT"Drivers/STM32F1xx_HAL_Driver/Src/stm32f1xx_hal_iwdg.o" --specs=nano.specs -mfloat-abi=soft -mthumb -o "Drivers/STM32F1xx_HAL_Driver/Src/stm32f1xx_hal_iwdg.o"
arm-none-eabi-gcc "../Drivers/STM32F1xx_HAL_Driver/Src/stm32f1xx_hal_mmc.c" -mcpu=cortex-m3 -std=gnu11 -g3 -DDEBUG -DSTM32 -DSTM32F1 -DSTM32F103C8Tx -c -I"C:/Users/Elison Maiko/OneDrive/Documentos/Project_0/Stm32/pro_consu_cod/Drivers/STM32F1xx_HAL_Driver/Inc" -I"C:/Users/Elison Maiko/OneDrive/Documentos/Project_0/Stm32/pro_consu_cod/Drivers/CMSIS/Device/ST/STM32F1xx/Include" -I"C:/Users/Elison Maiko/OneDrive/Documentos/Project_0/Stm32/pro_consu_cod/Drivers/CMSIS/Include" -I"C:/Users/Elison Maiko/OneDrive/Documentos/Project_0/Stm32/pro_consu_cod/Inc" -O0 -ffunction-sections -fdata-sections -Wall -fstack-usage -fcyclomatic-complexity -MMD -MP -MF"Drivers/STM32F1xx_HAL_Driver/Src/stm32f1xx_hal_mmc.d" -MT"Drivers/STM32F1xx_HAL_Driver/Src/stm32f1xx_hal_mmc.o" --specs=nano.specs -mfloat-abi=soft -mthumb -o "Drivers/STM32F1xx_HAL_Driver/Src/stm32f1xx_hal_mmc.o"
arm-none-eabi-gcc "../Drivers/STM32F1xx_HAL_Driver/Src/stm32f1xx_hal_msp_template.c" -mcpu=cortex-m3 -std=gnu11 -g3 -DDEBUG -DSTM32 -DSTM32F1 -DSTM32F103C8Tx -c -I"C:/Users/Elison Maiko/OneDrive/Documentos/Project_0/Stm32/pro_consu_cod/Drivers/STM32F1xx_HAL_Driver/Inc" -I"C:/Users/Elison Maiko/OneDrive/Documentos/Project_0/Stm32/pro_consu_cod/Drivers/CMSIS/Device/ST/STM32F1xx/Include" -I"C:/Users/Elison Maiko/OneDrive/Documentos/Project_0/Stm32/pro_consu_cod/Drivers/CMSIS/Include" -I"C:/Users/Elison Maiko/OneDrive/Documentos/Project_0/Stm32/pro_consu_cod/Inc" -O0 -ffunction-sections -fdata-sections -Wall -fstack-usage -fcyclomatic-complexity -MMD -MP -MF"Drivers/STM32F1xx_HAL_Driver/Src/stm32f1xx_hal_msp_template.d" -MT"Drivers/STM32F1xx_HAL_Driver/Src/stm32f1xx_hal_msp_template.o" --specs=nano.specs -mfloat-abi=soft -mthumb -o "Drivers/STM32F1xx_HAL_Driver/Src/stm32f1xx_hal_msp_template.o"
arm-none-eabi-gcc "../Drivers/STM32F1xx_HAL_Driver/Src/stm32f1xx_hal_nand.c" -mcpu=cortex-m3 -std=gnu11 -g3 -DDEBUG -DSTM32 -DSTM32F1 -DSTM32F103C8Tx -c -I"C:/Users/Elison Maiko/OneDrive/Documentos/Project_0/Stm32/pro_consu_cod/Drivers/STM32F1xx_HAL_Driver/Inc" -I"C:/Users/Elison Maiko/OneDrive/Documentos/Project_0/Stm32/pro_consu_cod/Drivers/CMSIS/Device/ST/STM32F1xx/Include" -I"C:/Users/Elison Maiko/OneDrive/Documentos/Project_0/Stm32/pro_consu_cod/Drivers/CMSIS/Include" -I"C:/Users/Elison Maiko/OneDrive/Documentos/Project_0/Stm32/pro_consu_cod/Inc" -O0 -ffunction-sections -fdata-sections -Wall -fstack-usage -fcyclomatic-complexity -MMD -MP -MF"Drivers/STM32F1xx_HAL_Driver/Src/stm32f1xx_hal_nand.d" -MT"Drivers/STM32F1xx_HAL_Driver/Src/stm32f1xx_hal_nand.o" --specs=nano.specs -mfloat-abi=soft -mthumb -o "Drivers/STM32F1xx_HAL_Driver/Src/stm32f1xx_hal_nand.o"
arm-none-eabi-gcc "../Drivers/STM32F1xx_HAL_Driver/Src/stm32f1xx_hal_nor.c" -mcpu=cortex-m3 -std=gnu11 -g3 -DDEBUG -DSTM32 -DSTM32F1 -DSTM32F103C8Tx -c -I"C:/Users/Elison Maiko/OneDrive/Documentos/Project_0/Stm32/pro_consu_cod/Drivers/STM32F1xx_HAL_Driver/Inc" -I"C:/Users/Elison Maiko/OneDrive/Documentos/Project_0/Stm32/pro_consu_cod/Drivers/CMSIS/Device/ST/STM32F1xx/Include" -I"C:/Users/Elison Maiko/OneDrive/Documentos/Project_0/Stm32/pro_consu_cod/Drivers/CMSIS/Include" -I"C:/Users/Elison Maiko/OneDrive/Documentos/Project_0/Stm32/pro_consu_cod/Inc" -O0 -ffunction-sections -fdata-sections -Wall -fstack-usage -fcyclomatic-complexity -MMD -MP -MF"Drivers/STM32F1xx_HAL_Driver/Src/stm32f1xx_hal_nor.d" -MT"Drivers/STM32F1xx_HAL_Driver/Src/stm32f1xx_hal_nor.o" --specs=nano.specs -mfloat-abi=soft -mthumb -o "Drivers/STM32F1xx_HAL_Driver/Src/stm32f1xx_hal_nor.o"
arm-none-eabi-gcc "../Drivers/STM32F1xx_HAL_Driver/Src/stm32f1xx_hal_pccard.c" -mcpu=cortex-m3 -std=gnu11 -g3 -DDEBUG -DSTM32 -DSTM32F1 -DSTM32F103C8Tx -c -I"C:/Users/Elison Maiko/OneDrive/Documentos/Project_0/Stm32/pro_consu_cod/Drivers/STM32F1xx_HAL_Driver/Inc" -I"C:/Users/Elison Maiko/OneDrive/Documentos/Project_0/Stm32/pro_consu_cod/Drivers/CMSIS/Device/ST/STM32F1xx/Include" -I"C:/Users/Elison Maiko/OneDrive/Documentos/Project_0/Stm32/pro_consu_cod/Drivers/CMSIS/Include" -I"C:/Users/Elison Maiko/OneDrive/Documentos/Project_0/Stm32/pro_consu_cod/Inc" -O0 -ffunction-sections -fdata-sections -Wall -fstack-usage -fcyclomatic-complexity -MMD -MP -MF"Drivers/STM32F1xx_HAL_Driver/Src/stm32f1xx_hal_pccard.d" -MT"Drivers/STM32F1xx_HAL_Driver/Src/stm32f1xx_hal_pccard.o" --specs=nano.specs -mfloat-abi=soft -mthumb -o "Drivers/STM32F1xx_HAL_Driver/Src/stm32f1xx_hal_pccard.o"
arm-none-eabi-gcc "../Drivers/STM32F1xx_HAL_Driver/Src/stm32f1xx_hal_pcd.c" -mcpu=cortex-m3 -std=gnu11 -g3 -DDEBUG -DSTM32 -DSTM32F1 -DSTM32F103C8Tx -c -I"C:/Users/Elison Maiko/OneDrive/Documentos/Project_0/Stm32/pro_consu_cod/Drivers/STM32F1xx_HAL_Driver/Inc" -I"C:/Users/Elison Maiko/OneDrive/Documentos/Project_0/Stm32/pro_consu_cod/Drivers/CMSIS/Device/ST/STM32F1xx/Include" -I"C:/Users/Elison Maiko/OneDrive/Documentos/Project_0/Stm32/pro_consu_cod/Drivers/CMSIS/Include" -I"C:/Users/Elison Maiko/OneDrive/Documentos/Project_0/Stm32/pro_consu_cod/Inc" -O0 -ffunction-sections -fdata-sections -Wall -fstack-usage -fcyclomatic-complexity -MMD -MP -MF"Drivers/STM32F1xx_HAL_Driver/Src/stm32f1xx_hal_pcd.d" -MT"Drivers/STM32F1xx_HAL_Driver/Src/stm32f1xx_hal_pcd.o" --specs=nano.specs -mfloat-abi=soft -mthumb -o "Drivers/STM32F1xx_HAL_Driver/Src/stm32f1xx_hal_pcd.o"
arm-none-eabi-gcc "../Drivers/STM32F1xx_HAL_Driver/Src/stm32f1xx_hal_pcd_ex.c" -mcpu=cortex-m3 -std=gnu11 -g3 -DDEBUG -DSTM32 -DSTM32F1 -DSTM32F103C8Tx -c -I"C:/Users/Elison Maiko/OneDrive/Documentos/Project_0/Stm32/pro_consu_cod/Drivers/STM32F1xx_HAL_Driver/Inc" -I"C:/Users/Elison Maiko/OneDrive/Documentos/Project_0/Stm32/pro_consu_cod/Drivers/CMSIS/Device/ST/STM32F1xx/Include" -I"C:/Users/Elison Maiko/OneDrive/Documentos/Project_0/Stm32/pro_consu_cod/Drivers/CMSIS/Include" -I"C:/Users/Elison Maiko/OneDrive/Documentos/Project_0/Stm32/pro_consu_cod/Inc" -O0 -ffunction-sections -fdata-sections -Wall -fstack-usage -fcyclomatic-complexity -MMD -MP -MF"Drivers/STM32F1xx_HAL_Driver/Src/stm32f1xx_hal_pcd_ex.d" -MT"Drivers/STM32F1xx_HAL_Driver/Src/stm32f1xx_hal_pcd_ex.o" --specs=nano.specs -mfloat-abi=soft -mthumb -o "Drivers/STM32F1xx_HAL_Driver/Src/stm32f1xx_hal_pcd_ex.o"
arm-none-eabi-gcc "../Drivers/STM32F1xx_HAL_Driver/Src/stm32f1xx_hal_pwr.c" -mcpu=cortex-m3 -std=gnu11 -g3 -DDEBUG -DSTM32 -DSTM32F1 -DSTM32F103C8Tx -c -I"C:/Users/Elison Maiko/OneDrive/Documentos/Project_0/Stm32/pro_consu_cod/Drivers/STM32F1xx_HAL_Driver/Inc" -I"C:/Users/Elison Maiko/OneDrive/Documentos/Project_0/Stm32/pro_consu_cod/Drivers/CMSIS/Device/ST/STM32F1xx/Include" -I"C:/Users/Elison Maiko/OneDrive/Documentos/Project_0/Stm32/pro_consu_cod/Drivers/CMSIS/Include" -I"C:/Users/Elison Maiko/OneDrive/Documentos/Project_0/Stm32/pro_consu_cod/Inc" -O0 -ffunction-sections -fdata-sections -Wall -fstack-usage -fcyclomatic-complexity -MMD -MP -MF"Drivers/STM32F1xx_HAL_Driver/Src/stm32f1xx_hal_pwr.d" -MT"Drivers/STM32F1xx_HAL_Driver/Src/stm32f1xx_hal_pwr.o" --specs=nano.specs -mfloat-abi=soft -mthumb -o "Drivers/STM32F1xx_HAL_Driver/Src/stm32f1xx_hal_pwr.o"
arm-none-eabi-gcc "../Drivers/STM32F1xx_HAL_Driver/Src/stm32f1xx_hal_rcc.c" -mcpu=cortex-m3 -std=gnu11 -g3 -DDEBUG -DSTM32 -DSTM32F1 -DSTM32F103C8Tx -c -I"C:/Users/Elison Maiko/OneDrive/Documentos/Project_0/Stm32/pro_consu_cod/Drivers/STM32F1xx_HAL_Driver/Inc" -I"C:/Users/Elison Maiko/OneDrive/Documentos/Project_0/Stm32/pro_consu_cod/Drivers/CMSIS/Device/ST/STM32F1xx/Include" -I"C:/Users/Elison Maiko/OneDrive/Documentos/Project_0/Stm32/pro_consu_cod/Drivers/CMSIS/Include" -I"C:/Users/Elison Maiko/OneDrive/Documentos/Project_0/Stm32/pro_consu_cod/Inc" -O0 -ffunction-sections -fdata-sections -Wall -fstack-usage -fcyclomatic-complexity -MMD -MP -MF"Drivers/STM32F1xx_HAL_Driver/Src/stm32f1xx_hal_rcc.d" -MT"Drivers/STM32F1xx_HAL_Driver/Src/stm32f1xx_hal_rcc.o" --specs=nano.specs -mfloat-abi=soft -mthumb -o "Drivers/STM32F1xx_HAL_Driver/Src/stm32f1xx_hal_rcc.o"
arm-none-eabi-gcc "../Drivers/STM32F1xx_HAL_Driver/Src/stm32f1xx_hal_rcc_ex.c" -mcpu=cortex-m3 -std=gnu11 -g3 -DDEBUG -DSTM32 -DSTM32F1 -DSTM32F103C8Tx -c -I"C:/Users/Elison Maiko/OneDrive/Documentos/Project_0/Stm32/pro_consu_cod/Drivers/STM32F1xx_HAL_Driver/Inc" -I"C:/Users/Elison Maiko/OneDrive/Documentos/Project_0/Stm32/pro_consu_cod/Drivers/CMSIS/Device/ST/STM32F1xx/Include" -I"C:/Users/Elison Maiko/OneDrive/Documentos/Project_0/Stm32/pro_consu_cod/Drivers/CMSIS/Include" -I"C:/Users/Elison Maiko/OneDrive/Documentos/Project_0/Stm32/pro_consu_cod/Inc" -O0 -ffunction-sections -fdata-sections -Wall -fstack-usage -fcyclomatic-complexity -MMD -MP -MF"Drivers/STM32F1xx_HAL_Driver/Src/stm32f1xx_hal_rcc_ex.d" -MT"Drivers/STM32F1xx_HAL_Driver/Src/stm32f1xx_hal_rcc_ex.o" --specs=nano.specs -mfloat-abi=soft -mthumb -o "Drivers/STM32F1xx_HAL_Driver/Src/stm32f1xx_hal_rcc_ex.o"
arm-none-eabi-gcc "../Drivers/STM32F1xx_HAL_Driver/Src/stm32f1xx_hal_rtc.c" -mcpu=cortex-m3 -std=gnu11 -g3 -DDEBUG -DSTM32 -DSTM32F1 -DSTM32F103C8Tx -c -I"C:/Users/Elison Maiko/OneDrive/Documentos/Project_0/Stm32/pro_consu_cod/Drivers/STM32F1xx_HAL_Driver/Inc" -I"C:/Users/Elison Maiko/OneDrive/Documentos/Project_0/Stm32/pro_consu_cod/Drivers/CMSIS/Device/ST/STM32F1xx/Include" -I"C:/Users/Elison Maiko/OneDrive/Documentos/Project_0/Stm32/pro_consu_cod/Drivers/CMSIS/Include" -I"C:/Users/Elison Maiko/OneDrive/Documentos/Project_0/Stm32/pro_consu_cod/Inc" -O0 -ffunction-sections -fdata-sections -Wall -fstack-usage -fcyclomatic-complexity -MMD -MP -MF"Drivers/STM32F1xx_HAL_Driver/Src/stm32f1xx_hal_rtc.d" -MT"Drivers/STM32F1xx_HAL_Driver/Src/stm32f1xx_hal_rtc.o" --specs=nano.specs -mfloat-abi=soft -mthumb -o "Drivers/STM32F1xx_HAL_Driver/Src/stm32f1xx_hal_rtc.o"
arm-none-eabi-gcc "../Drivers/STM32F1xx_HAL_Driver/Src/stm32f1xx_hal_rtc_ex.c" -mcpu=cortex-m3 -std=gnu11 -g3 -DDEBUG -DSTM32 -DSTM32F1 -DSTM32F103C8Tx -c -I"C:/Users/Elison Maiko/OneDrive/Documentos/Project_0/Stm32/pro_consu_cod/Drivers/STM32F1xx_HAL_Driver/Inc" -I"C:/Users/Elison Maiko/OneDrive/Documentos/Project_0/Stm32/pro_consu_cod/Drivers/CMSIS/Device/ST/STM32F1xx/Include" -I"C:/Users/Elison Maiko/OneDrive/Documentos/Project_0/Stm32/pro_consu_cod/Drivers/CMSIS/Include" -I"C:/Users/Elison Maiko/OneDrive/Documentos/Project_0/Stm32/pro_consu_cod/Inc" -O0 -ffunction-sections -fdata-sections -Wall -fstack-usage -fcyclomatic-complexity -MMD -MP -MF"Drivers/STM32F1xx_HAL_Driver/Src/stm32f1xx_hal_rtc_ex.d" -MT"Drivers/STM32F1xx_HAL_Driver/Src/stm32f1xx_hal_rtc_ex.o" --specs=nano.specs -mfloat-abi=soft -mthumb -o "Drivers/STM32F1xx_HAL_Driver/Src/stm32f1xx_hal_rtc_ex.o"
arm-none-eabi-gcc "../Drivers/STM32F1xx_HAL_Driver/Src/stm32f1xx_hal_sd.c" -mcpu=cortex-m3 -std=gnu11 -g3 -DDEBUG -DSTM32 -DSTM32F1 -DSTM32F103C8Tx -c -I"C:/Users/Elison Maiko/OneDrive/Documentos/Project_0/Stm32/pro_consu_cod/Drivers/STM32F1xx_HAL_Driver/Inc" -I"C:/Users/Elison Maiko/OneDrive/Documentos/Project_0/Stm32/pro_consu_cod/Drivers/CMSIS/Device/ST/STM32F1xx/Include" -I"C:/Users/Elison Maiko/OneDrive/Documentos/Project_0/Stm32/pro_consu_cod/Drivers/CMSIS/Include" -I"C:/Users/Elison Maiko/OneDrive/Documentos/Project_0/Stm32/pro_consu_cod/Inc" -O0 -ffunction-sections -fdata-sections -Wall -fstack-usage -fcyclomatic-complexity -MMD -MP -MF"Drivers/STM32F1xx_HAL_Driver/Src/stm32f1xx_hal_sd.d" -MT"Drivers/STM32F1xx_HAL_Driver/Src/stm32f1xx_hal_sd.o" --specs=nano.specs -mfloat-abi=soft -mthumb -o "Drivers/STM32F1xx_HAL_Driver/Src/stm32f1xx_hal_sd.o"
arm-none-eabi-gcc "../Drivers/STM32F1xx_HAL_Driver/Src/stm32f1xx_hal_smartcard.c" -mcpu=cortex-m3 -std=gnu11 -g3 -DDEBUG -DSTM32 -DSTM32F1 -DSTM32F103C8Tx -c -I"C:/Users/Elison Maiko/OneDrive/Documentos/Project_0/Stm32/pro_consu_cod/Drivers/STM32F1xx_HAL_Driver/Inc" -I"C:/Users/Elison Maiko/OneDrive/Documentos/Project_0/Stm32/pro_consu_cod/Drivers/CMSIS/Device/ST/STM32F1xx/Include" -I"C:/Users/Elison Maiko/OneDrive/Documentos/Project_0/Stm32/pro_consu_cod/Drivers/CMSIS/Include" -I"C:/Users/Elison Maiko/OneDrive/Documentos/Project_0/Stm32/pro_consu_cod/Inc" -O0 -ffunction-sections -fdata-sections -Wall -fstack-usage -fcyclomatic-complexity -MMD -MP -MF"Drivers/STM32F1xx_HAL_Driver/Src/stm32f1xx_hal_smartcard.d" -MT"Drivers/STM32F1xx_HAL_Driver/Src/stm32f1xx_hal_smartcard.o" --specs=nano.specs -mfloat-abi=soft -mthumb -o "Drivers/STM32F1xx_HAL_Driver/Src/stm32f1xx_hal_smartcard.o"
arm-none-eabi-gcc "../Drivers/STM32F1xx_HAL_Driver/Src/stm32f1xx_hal_spi.c" -mcpu=cortex-m3 -std=gnu11 -g3 -DDEBUG -DSTM32 -DSTM32F1 -DSTM32F103C8Tx -c -I"C:/Users/Elison Maiko/OneDrive/Documentos/Project_0/Stm32/pro_consu_cod/Drivers/STM32F1xx_HAL_Driver/Inc" -I"C:/Users/Elison Maiko/OneDrive/Documentos/Project_0/Stm32/pro_consu_cod/Drivers/CMSIS/Device/ST/STM32F1xx/Include" -I"C:/Users/Elison Maiko/OneDrive/Documentos/Project_0/Stm32/pro_consu_cod/Drivers/CMSIS/Include" -I"C:/Users/Elison Maiko/OneDrive/Documentos/Project_0/Stm32/pro_consu_cod/Inc" -O0 -ffunction-sections -fdata-sections -Wall -fstack-usage -fcyclomatic-complexity -MMD -MP -MF"Drivers/STM32F1xx_HAL_Driver/Src/stm32f1xx_hal_spi.d" -MT"Drivers/STM32F1xx_HAL_Driver/Src/stm32f1xx_hal_spi.o" --specs=nano.specs -mfloat-abi=soft -mthumb -o "Drivers/STM32F1xx_HAL_Driver/Src/stm32f1xx_hal_spi.o"
arm-none-eabi-gcc "../Drivers/STM32F1xx_HAL_Driver/Src/stm32f1xx_hal_sram.c" -mcpu=cortex-m3 -std=gnu11 -g3 -DDEBUG -DSTM32 -DSTM32F1 -DSTM32F103C8Tx -c -I"C:/Users/Elison Maiko/OneDrive/Documentos/Project_0/Stm32/pro_consu_cod/Drivers/STM32F1xx_HAL_Driver/Inc" -I"C:/Users/Elison Maiko/OneDrive/Documentos/Project_0/Stm32/pro_consu_cod/Drivers/CMSIS/Device/ST/STM32F1xx/Include" -I"C:/Users/Elison Maiko/OneDrive/Documentos/Project_0/Stm32/pro_consu_cod/Drivers/CMSIS/Include" -I"C:/Users/Elison Maiko/OneDrive/Documentos/Project_0/Stm32/pro_consu_cod/Inc" -O0 -ffunction-sections -fdata-sections -Wall -fstack-usage -fcyclomatic-complexity -MMD -MP -MF"Drivers/STM32F1xx_HAL_Driver/Src/stm32f1xx_hal_sram.d" -MT"Drivers/STM32F1xx_HAL_Driver/Src/stm32f1xx_hal_sram.o" --specs=nano.specs -mfloat-abi=soft -mthumb -o "Drivers/STM32F1xx_HAL_Driver/Src/stm32f1xx_hal_sram.o"
arm-none-eabi-gcc "../Drivers/STM32F1xx_HAL_Driver/Src/stm32f1xx_hal_tim.c" -mcpu=cortex-m3 -std=gnu11 -g3 -DDEBUG -DSTM32 -DSTM32F1 -DSTM32F103C8Tx -c -I"C:/Users/Elison Maiko/OneDrive/Documentos/Project_0/Stm32/pro_consu_cod/Drivers/STM32F1xx_HAL_Driver/Inc" -I"C:/Users/Elison Maiko/OneDrive/Documentos/Project_0/Stm32/pro_consu_cod/Drivers/CMSIS/Device/ST/STM32F1xx/Include" -I"C:/Users/Elison Maiko/OneDrive/Documentos/Project_0/Stm32/pro_consu_cod/Drivers/CMSIS/Include" -I"C:/Users/Elison Maiko/OneDrive/Documentos/Project_0/Stm32/pro_consu_cod/Inc" -O0 -ffunction-sections -fdata-sections -Wall -fstack-usage -fcyclomatic-complexity -MMD -MP -MF"Drivers/STM32F1xx_HAL_Driver/Src/stm32f1xx_hal_tim.d" -MT"Drivers/STM32F1xx_HAL_Driver/Src/stm32f1xx_hal_tim.o" --specs=nano.specs -mfloat-abi=soft -mthumb -o "Drivers/STM32F1xx_HAL_Driver/Src/stm32f1xx_hal_tim.o"
arm-none-eabi-gcc "../Drivers/STM32F1xx_HAL_Driver/Src/stm32f1xx_hal_tim_ex.c" -mcpu=cortex-m3 -std=gnu11 -g3 -DDEBUG -DSTM32 -DSTM32F1 -DSTM32F103C8Tx -c -I"C:/Users/Elison Maiko/OneDrive/Documentos/Project_0/Stm32/pro_consu_cod/Drivers/STM32F1xx_HAL_Driver/Inc" -I"C:/Users/Elison Maiko/OneDrive/Documentos/Project_0/Stm32/pro_consu_cod/Drivers/CMSIS/Device/ST/STM32F1xx/Include" -I"C:/Users/Elison Maiko/OneDrive/Documentos/Project_0/Stm32/pro_consu_cod/Drivers/CMSIS/Include" -I"C:/Users/Elison Maiko/OneDrive/Documentos/Project_0/Stm32/pro_consu_cod/Inc" -O0 -ffunction-sections -fdata-sections -Wall -fstack-usage -fcyclomatic-complexity -MMD -MP -MF"Drivers/STM32F1xx_HAL_Driver/Src/stm32f1xx_hal_tim_ex.d" -MT"Drivers/STM32F1xx_HAL_Driver/Src/stm32f1xx_hal_tim_ex.o" --specs=nano.specs -mfloat-abi=soft -mthumb -o "Drivers/STM32F1xx_HAL_Driver/Src/stm32f1xx_hal_tim_ex.o"
arm-none-eabi-gcc "../Drivers/STM32F1xx_HAL_Driver/Src/stm32f1xx_hal_timebase_rtc_alarm_template.c" -mcpu=cortex-m3 -std=gnu11 -g3 -DDEBUG -DSTM32 -DSTM32F1 -DSTM32F103C8Tx -c -I"C:/Users/Elison Maiko/OneDrive/Documentos/Project_0/Stm32/pro_consu_cod/Drivers/STM32F1xx_HAL_Driver/Inc" -I"C:/Users/Elison Maiko/OneDrive/Documentos/Project_0/Stm32/pro_consu_cod/Drivers/CMSIS/Device/ST/STM32F1xx/Include" -I"C:/Users/Elison Maiko/OneDrive/Documentos/Project_0/Stm32/pro_consu_cod/Drivers/CMSIS/Include" -I"C:/Users/Elison Maiko/OneDrive/Documentos/Project_0/Stm32/pro_consu_cod/Inc" -O0 -ffunction-sections -fdata-sections -Wall -fstack-usage -fcyclomatic-complexity -MMD -MP -MF"Drivers/STM32F1xx_HAL_Driver/Src/stm32f1xx_hal_timebase_rtc_alarm_template.d" -MT"Drivers/STM32F1xx_HAL_Driver/Src/stm32f1xx_hal_timebase_rtc_alarm_template.o" --specs=nano.specs -mfloat-abi=soft -mthumb -o "Drivers/STM32F1xx_HAL_Driver/Src/stm32f1xx_hal_timebase_rtc_alarm_template.o"
arm-none-eabi-gcc "../Drivers/STM32F1xx_HAL_Driver/Src/stm32f1xx_hal_timebase_tim_template.c" -mcpu=cortex-m3 -std=gnu11 -g3 -DDEBUG -DSTM32 -DSTM32F1 -DSTM32F103C8Tx -c -I"C:/Users/Elison Maiko/OneDrive/Documentos/Project_0/Stm32/pro_consu_cod/Drivers/STM32F1xx_HAL_Driver/Inc" -I"C:/Users/Elison Maiko/OneDrive/Documentos/Project_0/Stm32/pro_consu_cod/Drivers/CMSIS/Device/ST/STM32F1xx/Include" -I"C:/Users/Elison Maiko/OneDrive/Documentos/Project_0/Stm32/pro_consu_cod/Drivers/CMSIS/Include" -I"C:/Users/Elison Maiko/OneDrive/Documentos/Project_0/Stm32/pro_consu_cod/Inc" -O0 -ffunction-sections -fdata-sections -Wall -fstack-usage -fcyclomatic-complexity -MMD -MP -MF"Drivers/STM32F1xx_HAL_Driver/Src/stm32f1xx_hal_timebase_tim_template.d" -MT"Drivers/STM32F1xx_HAL_Driver/Src/stm32f1xx_hal_timebase_tim_template.o" --specs=nano.specs -mfloat-abi=soft -mthumb -o "Drivers/STM32F1xx_HAL_Driver/Src/stm32f1xx_hal_timebase_tim_template.o"
arm-none-eabi-gcc "../Drivers/STM32F1xx_HAL_Driver/Src/stm32f1xx_hal_uart.c" -mcpu=cortex-m3 -std=gnu11 -g3 -DDEBUG -DSTM32 -DSTM32F1 -DSTM32F103C8Tx -c -I"C:/Users/Elison Maiko/OneDrive/Documentos/Project_0/Stm32/pro_consu_cod/Drivers/STM32F1xx_HAL_Driver/Inc" -I"C:/Users/Elison Maiko/OneDrive/Documentos/Project_0/Stm32/pro_consu_cod/Drivers/CMSIS/Device/ST/STM32F1xx/Include" -I"C:/Users/Elison Maiko/OneDrive/Documentos/Project_0/Stm32/pro_consu_cod/Drivers/CMSIS/Include" -I"C:/Users/Elison Maiko/OneDrive/Documentos/Project_0/Stm32/pro_consu_cod/Inc" -O0 -ffunction-sections -fdata-sections -Wall -fstack-usage -fcyclomatic-complexity -MMD -MP -MF"Drivers/STM32F1xx_HAL_Driver/Src/stm32f1xx_hal_uart.d" -MT"Drivers/STM32F1xx_HAL_Driver/Src/stm32f1xx_hal_uart.o" --specs=nano.specs -mfloat-abi=soft -mthumb -o "Drivers/STM32F1xx_HAL_Driver/Src/stm32f1xx_hal_uart.o"
arm-none-eabi-gcc "../Drivers/STM32F1xx_HAL_Driver/Src/stm32f1xx_hal_usart.c" -mcpu=cortex-m3 -std=gnu11 -g3 -DDEBUG -DSTM32 -DSTM32F1 -DSTM32F103C8Tx -c -I"C:/Users/Elison Maiko/OneDrive/Documentos/Project_0/Stm32/pro_consu_cod/Drivers/STM32F1xx_HAL_Driver/Inc" -I"C:/Users/Elison Maiko/OneDrive/Documentos/Project_0/Stm32/pro_consu_cod/Drivers/CMSIS/Device/ST/STM32F1xx/Include" -I"C:/Users/Elison Maiko/OneDrive/Documentos/Project_0/Stm32/pro_consu_cod/Drivers/CMSIS/Include" -I"C:/Users/Elison Maiko/OneDrive/Documentos/Project_0/Stm32/pro_consu_cod/Inc" -O0 -ffunction-sections -fdata-sections -Wall -fstack-usage -fcyclomatic-complexity -MMD -MP -MF"Drivers/STM32F1xx_HAL_Driver/Src/stm32f1xx_hal_usart.d" -MT"Drivers/STM32F1xx_HAL_Driver/Src/stm32f1xx_hal_usart.o" --specs=nano.specs -mfloat-abi=soft -mthumb -o "Drivers/STM32F1xx_HAL_Driver/Src/stm32f1xx_hal_usart.o"
arm-none-eabi-gcc "../Drivers/STM32F1xx_HAL_Driver/Src/stm32f1xx_hal_wwdg.c" -mcpu=cortex-m3 -std=gnu11 -g3 -DDEBUG -DSTM32 -DSTM32F1 -DSTM32F103C8Tx -c -I"C:/Users/Elison Maiko/OneDrive/Documentos/Project_0/Stm32/pro_consu_cod/Drivers/STM32F1xx_HAL_Driver/Inc" -I"C:/Users/Elison Maiko/OneDrive/Documentos/Project_0/Stm32/pro_consu_cod/Drivers/CMSIS/Device/ST/STM32F1xx/Include" -I"C:/Users/Elison Maiko/OneDrive/Documentos/Project_0/Stm32/pro_consu_cod/Drivers/CMSIS/Include" -I"C:/Users/Elison Maiko/OneDrive/Documentos/Project_0/Stm32/pro_consu_cod/Inc" -O0 -ffunction-sections -fdata-sections -Wall -fstack-usage -fcyclomatic-complexity -MMD -MP -MF"Drivers/STM32F1xx_HAL_Driver/Src/stm32f1xx_hal_wwdg.d" -MT"Drivers/STM32F1xx_HAL_Driver/Src/stm32f1xx_hal_wwdg.o" --specs=nano.specs -mfloat-abi=soft -mthumb -o "Drivers/STM32F1xx_HAL_Driver/Src/stm32f1xx_hal_wwdg.o"
arm-none-eabi-gcc "../Drivers/STM32F1xx_HAL_Driver/Src/stm32f1xx_ll_adc.c" -mcpu=cortex-m3 -std=gnu11 -g3 -DDEBUG -DSTM32 -DSTM32F1 -DSTM32F103C8Tx -c -I"C:/Users/Elison Maiko/OneDrive/Documentos/Project_0/Stm32/pro_consu_cod/Drivers/STM32F1xx_HAL_Driver/Inc" -I"C:/Users/Elison Maiko/OneDrive/Documentos/Project_0/Stm32/pro_consu_cod/Drivers/CMSIS/Device/ST/STM32F1xx/Include" -I"C:/Users/Elison Maiko/OneDrive/Documentos/Project_0/Stm32/pro_consu_cod/Drivers/CMSIS/Include" -I"C:/Users/Elison Maiko/OneDrive/Documentos/Project_0/Stm32/pro_consu_cod/Inc" -O0 -ffunction-sections -fdata-sections -Wall -fstack-usage -fcyclomatic-complexity -MMD -MP -MF"Drivers/STM32F1xx_HAL_Driver/Src/stm32f1xx_ll_adc.d" -MT"Drivers/STM32F1xx_HAL_Driver/Src/stm32f1xx_ll_adc.o" --specs=nano.specs -mfloat-abi=soft -mthumb -o "Drivers/STM32F1xx_HAL_Driver/Src/stm32f1xx_ll_adc.o"
arm-none-eabi-gcc "../Drivers/STM32F1xx_HAL_Driver/Src/stm32f1xx_ll_crc.c" -mcpu=cortex-m3 -std=gnu11 -g3 -DDEBUG -DSTM32 -DSTM32F1 -DSTM32F103C8Tx -c -I"C:/Users/Elison Maiko/OneDrive/Documentos/Project_0/Stm32/pro_consu_cod/Drivers/STM32F1xx_HAL_Driver/Inc" -I"C:/Users/Elison Maiko/OneDrive/Documentos/Project_0/Stm32/pro_consu_cod/Drivers/CMSIS/Device/ST/STM32F1xx/Include" -I"C:/Users/Elison Maiko/OneDrive/Documentos/Project_0/Stm32/pro_consu_cod/Drivers/CMSIS/Include" -I"C:/Users/Elison Maiko/OneDrive/Documentos/Project_0/Stm32/pro_consu_cod/Inc" -O0 -ffunction-sections -fdata-sections -Wall -fstack-usage -fcyclomatic-complexity -MMD -MP -MF"Drivers/STM32F1xx_HAL_Driver/Src/stm32f1xx_ll_crc.d" -MT"Drivers/STM32F1xx_HAL_Driver/Src/stm32f1xx_ll_crc.o" --specs=nano.specs -mfloat-abi=soft -mthumb -o "Drivers/STM32F1xx_HAL_Driver/Src/stm32f1xx_ll_crc.o"
arm-none-eabi-gcc "../Drivers/STM32F1xx_HAL_Driver/Src/stm32f1xx_ll_dac.c" -mcpu=cortex-m3 -std=gnu11 -g3 -DDEBUG -DSTM32 -DSTM32F1 -DSTM32F103C8Tx -c -I"C:/Users/Elison Maiko/OneDrive/Documentos/Project_0/Stm32/pro_consu_cod/Drivers/STM32F1xx_HAL_Driver/Inc" -I"C:/Users/Elison Maiko/OneDrive/Documentos/Project_0/Stm32/pro_consu_cod/Drivers/CMSIS/Device/ST/STM32F1xx/Include" -I"C:/Users/Elison Maiko/OneDrive/Documentos/Project_0/Stm32/pro_consu_cod/Drivers/CMSIS/Include" -I"C:/Users/Elison Maiko/OneDrive/Documentos/Project_0/Stm32/pro_consu_cod/Inc" -O0 -ffunction-sections -fdata-sections -Wall -fstack-usage -fcyclomatic-complexity -MMD -MP -MF"Drivers/STM32F1xx_HAL_Driver/Src/stm32f1xx_ll_dac.d" -MT"Drivers/STM32F1xx_HAL_Driver/Src/stm32f1xx_ll_dac.o" --specs=nano.specs -mfloat-abi=soft -mthumb -o "Drivers/STM32F1xx_HAL_Driver/Src/stm32f1xx_ll_dac.o"
arm-none-eabi-gcc "../Drivers/STM32F1xx_HAL_Driver/Src/stm32f1xx_ll_dma.c" -mcpu=cortex-m3 -std=gnu11 -g3 -DDEBUG -DSTM32 -DSTM32F1 -DSTM32F103C8Tx -c -I"C:/Users/Elison Maiko/OneDrive/Documentos/Project_0/Stm32/pro_consu_cod/Drivers/STM32F1xx_HAL_Driver/Inc" -I"C:/Users/Elison Maiko/OneDrive/Documentos/Project_0/Stm32/pro_consu_cod/Drivers/CMSIS/Device/ST/STM32F1xx/Include" -I"C:/Users/Elison Maiko/OneDrive/Documentos/Project_0/Stm32/pro_consu_cod/Drivers/CMSIS/Include" -I"C:/Users/Elison Maiko/OneDrive/Documentos/Project_0/Stm32/pro_consu_cod/Inc" -O0 -ffunction-sections -fdata-sections -Wall -fstack-usage -fcyclomatic-complexity -MMD -MP -MF"Drivers/STM32F1xx_HAL_Driver/Src/stm32f1xx_ll_dma.d" -MT"Drivers/STM32F1xx_HAL_Driver/Src/stm32f1xx_ll_dma.o" --specs=nano.specs -mfloat-abi=soft -mthumb -o "Drivers/STM32F1xx_HAL_Driver/Src/stm32f1xx_ll_dma.o"
arm-none-eabi-gcc "../Drivers/STM32F1xx_HAL_Driver/Src/stm32f1xx_ll_exti.c" -mcpu=cortex-m3 -std=gnu11 -g3 -DDEBUG -DSTM32 -DSTM32F1 -DSTM32F103C8Tx -c -I"C:/Users/Elison Maiko/OneDrive/Documentos/Project_0/Stm32/pro_consu_cod/Drivers/STM32F1xx_HAL_Driver/Inc" -I"C:/Users/Elison Maiko/OneDrive/Documentos/Project_0/Stm32/pro_consu_cod/Drivers/CMSIS/Device/ST/STM32F1xx/Include" -I"C:/Users/Elison Maiko/OneDrive/Documentos/Project_0/Stm32/pro_consu_cod/Drivers/CMSIS/Include" -I"C:/Users/Elison Maiko/OneDrive/Documentos/Project_0/Stm32/pro_consu_cod/Inc" -O0 -ffunction-sections -fdata-sections -Wall -fstack-usage -fcyclomatic-complexity -MMD -MP -MF"Drivers/STM32F1xx_HAL_Driver/Src/stm32f1xx_ll_exti.d" -MT"Drivers/STM32F1xx_HAL_Driver/Src/stm32f1xx_ll_exti.o" --specs=nano.specs -mfloat-abi=soft -mthumb -o "Drivers/STM32F1xx_HAL_Driver/Src/stm32f1xx_ll_exti.o"
arm-none-eabi-gcc "../Drivers/STM32F1xx_HAL_Driver/Src/stm32f1xx_ll_fsmc.c" -mcpu=cortex-m3 -std=gnu11 -g3 -DDEBUG -DSTM32 -DSTM32F1 -DSTM32F103C8Tx -c -I"C:/Users/Elison Maiko/OneDrive/Documentos/Project_0/Stm32/pro_consu_cod/Drivers/STM32F1xx_HAL_Driver/Inc" -I"C:/Users/Elison Maiko/OneDrive/Documentos/Project_0/Stm32/pro_consu_cod/Drivers/CMSIS/Device/ST/STM32F1xx/Include" -I"C:/Users/Elison Maiko/OneDrive/Documentos/Project_0/Stm32/pro_consu_cod/Drivers/CMSIS/Include" -I"C:/Users/Elison Maiko/OneDrive/Documentos/Project_0/Stm32/pro_consu_cod/Inc" -O0 -ffunction-sections -fdata-sections -Wall -fstack-usage -fcyclomatic-complexity -MMD -MP -MF"Drivers/STM32F1xx_HAL_Driver/Src/stm32f1xx_ll_fsmc.d" -MT"Drivers/STM32F1xx_HAL_Driver/Src/stm32f1xx_ll_fsmc.o" --specs=nano.specs -mfloat-abi=soft -mthumb -o "Drivers/STM32F1xx_HAL_Driver/Src/stm32f1xx_ll_fsmc.o"
arm-none-eabi-gcc "../Drivers/STM32F1xx_HAL_Driver/Src/stm32f1xx_ll_gpio.c" -mcpu=cortex-m3 -std=gnu11 -g3 -DDEBUG -DSTM32 -DSTM32F1 -DSTM32F103C8Tx -c -I"C:/Users/Elison Maiko/OneDrive/Documentos/Project_0/Stm32/pro_consu_cod/Drivers/STM32F1xx_HAL_Driver/Inc" -I"C:/Users/Elison Maiko/OneDrive/Documentos/Project_0/Stm32/pro_consu_cod/Drivers/CMSIS/Device/ST/STM32F1xx/Include" -I"C:/Users/Elison Maiko/OneDrive/Documentos/Project_0/Stm32/pro_consu_cod/Drivers/CMSIS/Include" -I"C:/Users/Elison Maiko/OneDrive/Documentos/Project_0/Stm32/pro_consu_cod/Inc" -O0 -ffunction-sections -fdata-sections -Wall -fstack-usage -fcyclomatic-complexity -MMD -MP -MF"Drivers/STM32F1xx_HAL_Driver/Src/stm32f1xx_ll_gpio.d" -MT"Drivers/STM32F1xx_HAL_Driver/Src/stm32f1xx_ll_gpio.o" --specs=nano.specs -mfloat-abi=soft -mthumb -o "Drivers/STM32F1xx_HAL_Driver/Src/stm32f1xx_ll_gpio.o"
arm-none-eabi-gcc "../Drivers/STM32F1xx_HAL_Driver/Src/stm32f1xx_ll_i2c.c" -mcpu=cortex-m3 -std=gnu11 -g3 -DDEBUG -DSTM32 -DSTM32F1 -DSTM32F103C8Tx -c -I"C:/Users/Elison Maiko/OneDrive/Documentos/Project_0/Stm32/pro_consu_cod/Drivers/STM32F1xx_HAL_Driver/Inc" -I"C:/Users/Elison Maiko/OneDrive/Documentos/Project_0/Stm32/pro_consu_cod/Drivers/CMSIS/Device/ST/STM32F1xx/Include" -I"C:/Users/Elison Maiko/OneDrive/Documentos/Project_0/Stm32/pro_consu_cod/Drivers/CMSIS/Include" -I"C:/Users/Elison Maiko/OneDrive/Documentos/Project_0/Stm32/pro_consu_cod/Inc" -O0 -ffunction-sections -fdata-sections -Wall -fstack-usage -fcyclomatic-complexity -MMD -MP -MF"Drivers/STM32F1xx_HAL_Driver/Src/stm32f1xx_ll_i2c.d" -MT"Drivers/STM32F1xx_HAL_Driver/Src/stm32f1xx_ll_i2c.o" --specs=nano.specs -mfloat-abi=soft -mthumb -o "Drivers/STM32F1xx_HAL_Driver/Src/stm32f1xx_ll_i2c.o"
arm-none-eabi-gcc "../Drivers/STM32F1xx_HAL_Driver/Src/stm32f1xx_ll_pwr.c" -mcpu=cortex-m3 -std=gnu11 -g3 -DDEBUG -DSTM32 -DSTM32F1 -DSTM32F103C8Tx -c -I"C:/Users/Elison Maiko/OneDrive/Documentos/Project_0/Stm32/pro_consu_cod/Drivers/STM32F1xx_HAL_Driver/Inc" -I"C:/Users/Elison Maiko/OneDrive/Documentos/Project_0/Stm32/pro_consu_cod/Drivers/CMSIS/Device/ST/STM32F1xx/Include" -I"C:/Users/Elison Maiko/OneDrive/Documentos/Project_0/Stm32/pro_consu_cod/Drivers/CMSIS/Include" -I"C:/Users/Elison Maiko/OneDrive/Documentos/Project_0/Stm32/pro_consu_cod/Inc" -O0 -ffunction-sections -fdata-sections -Wall -fstack-usage -fcyclomatic-complexity -MMD -MP -MF"Drivers/STM32F1xx_HAL_Driver/Src/stm32f1xx_ll_pwr.d" -MT"Drivers/STM32F1xx_HAL_Driver/Src/stm32f1xx_ll_pwr.o" --specs=nano.specs -mfloat-abi=soft -mthumb -o "Drivers/STM32F1xx_HAL_Driver/Src/stm32f1xx_ll_pwr.o"
arm-none-eabi-gcc "../Drivers/STM32F1xx_HAL_Driver/Src/stm32f1xx_ll_rcc.c" -mcpu=cortex-m3 -std=gnu11 -g3 -DDEBUG -DSTM32 -DSTM32F1 -DSTM32F103C8Tx -c -I"C:/Users/Elison Maiko/OneDrive/Documentos/Project_0/Stm32/pro_consu_cod/Drivers/STM32F1xx_HAL_Driver/Inc" -I"C:/Users/Elison Maiko/OneDrive/Documentos/Project_0/Stm32/pro_consu_cod/Drivers/CMSIS/Device/ST/STM32F1xx/Include" -I"C:/Users/Elison Maiko/OneDrive/Documentos/Project_0/Stm32/pro_consu_cod/Drivers/CMSIS/Include" -I"C:/Users/Elison Maiko/OneDrive/Documentos/Project_0/Stm32/pro_consu_cod/Inc" -O0 -ffunction-sections -fdata-sections -Wall -fstack-usage -fcyclomatic-complexity -MMD -MP -MF"Drivers/STM32F1xx_HAL_Driver/Src/stm32f1xx_ll_rcc.d" -MT"Drivers/STM32F1xx_HAL_Driver/Src/stm32f1xx_ll_rcc.o" --specs=nano.specs -mfloat-abi=soft -mthumb -o "Drivers/STM32F1xx_HAL_Driver/Src/stm32f1xx_ll_rcc.o"
arm-none-eabi-gcc "../Drivers/STM32F1xx_HAL_Driver/Src/stm32f1xx_ll_rtc.c" -mcpu=cortex-m3 -std=gnu11 -g3 -DDEBUG -DSTM32 -DSTM32F1 -DSTM32F103C8Tx -c -I"C:/Users/Elison Maiko/OneDrive/Documentos/Project_0/Stm32/pro_consu_cod/Drivers/STM32F1xx_HAL_Driver/Inc" -I"C:/Users/Elison Maiko/OneDrive/Documentos/Project_0/Stm32/pro_consu_cod/Drivers/CMSIS/Device/ST/STM32F1xx/Include" -I"C:/Users/Elison Maiko/OneDrive/Documentos/Project_0/Stm32/pro_consu_cod/Drivers/CMSIS/Include" -I"C:/Users/Elison Maiko/OneDrive/Documentos/Project_0/Stm32/pro_consu_cod/Inc" -O0 -ffunction-sections -fdata-sections -Wall -fstack-usage -fcyclomatic-complexity -MMD -MP -MF"Drivers/STM32F1xx_HAL_Driver/Src/stm32f1xx_ll_rtc.d" -MT"Drivers/STM32F1xx_HAL_Driver/Src/stm32f1xx_ll_rtc.o" --specs=nano.specs -mfloat-abi=soft -mthumb -o "Drivers/STM32F1xx_HAL_Driver/Src/stm32f1xx_ll_rtc.o"
arm-none-eabi-gcc "../Drivers/STM32F1xx_HAL_Driver/Src/stm32f1xx_ll_sdmmc.c" -mcpu=cortex-m3 -std=gnu11 -g3 -DDEBUG -DSTM32 -DSTM32F1 -DSTM32F103C8Tx -c -I"C:/Users/Elison Maiko/OneDrive/Documentos/Project_0/Stm32/pro_consu_cod/Drivers/STM32F1xx_HAL_Driver/Inc" -I"C:/Users/Elison Maiko/OneDrive/Documentos/Project_0/Stm32/pro_consu_cod/Drivers/CMSIS/Device/ST/STM32F1xx/Include" -I"C:/Users/Elison Maiko/OneDrive/Documentos/Project_0/Stm32/pro_consu_cod/Drivers/CMSIS/Include" -I"C:/Users/Elison Maiko/OneDrive/Documentos/Project_0/Stm32/pro_consu_cod/Inc" -O0 -ffunction-sections -fdata-sections -Wall -fstack-usage -fcyclomatic-complexity -MMD -MP -MF"Drivers/STM32F1xx_HAL_Driver/Src/stm32f1xx_ll_sdmmc.d" -MT"Drivers/STM32F1xx_HAL_Driver/Src/stm32f1xx_ll_sdmmc.o" --specs=nano.specs -mfloat-abi=soft -mthumb -o "Drivers/STM32F1xx_HAL_Driver/Src/stm32f1xx_ll_sdmmc.o"
arm-none-eabi-gcc "../Drivers/STM32F1xx_HAL_Driver/Src/stm32f1xx_ll_spi.c" -mcpu=cortex-m3 -std=gnu11 -g3 -DDEBUG -DSTM32 -DSTM32F1 -DSTM32F103C8Tx -c -I"C:/Users/Elison Maiko/OneDrive/Documentos/Project_0/Stm32/pro_consu_cod/Drivers/STM32F1xx_HAL_Driver/Inc" -I"C:/Users/Elison Maiko/OneDrive/Documentos/Project_0/Stm32/pro_consu_cod/Drivers/CMSIS/Device/ST/STM32F1xx/Include" -I"C:/Users/Elison Maiko/OneDrive/Documentos/Project_0/Stm32/pro_consu_cod/Drivers/CMSIS/Include" -I"C:/Users/Elison Maiko/OneDrive/Documentos/Project_0/Stm32/pro_consu_cod/Inc" -O0 -ffunction-sections -fdata-sections -Wall -fstack-usage -fcyclomatic-complexity -MMD -MP -MF"Drivers/STM32F1xx_HAL_Driver/Src/stm32f1xx_ll_spi.d" -MT"Drivers/STM32F1xx_HAL_Driver/Src/stm32f1xx_ll_spi.o" --specs=nano.specs -mfloat-abi=soft -mthumb -o "Drivers/STM32F1xx_HAL_Driver/Src/stm32f1xx_ll_spi.o"
arm-none-eabi-gcc "../Drivers/STM32F1xx_HAL_Driver/Src/stm32f1xx_ll_tim.c" -mcpu=cortex-m3 -std=gnu11 -g3 -DDEBUG -DSTM32 -DSTM32F1 -DSTM32F103C8Tx -c -I"C:/Users/Elison Maiko/OneDrive/Documentos/Project_0/Stm32/pro_consu_cod/Drivers/STM32F1xx_HAL_Driver/Inc" -I"C:/Users/Elison Maiko/OneDrive/Documentos/Project_0/Stm32/pro_consu_cod/Drivers/CMSIS/Device/ST/STM32F1xx/Include" -I"C:/Users/Elison Maiko/OneDrive/Documentos/Project_0/Stm32/pro_consu_cod/Drivers/CMSIS/Include" -I"C:/Users/Elison Maiko/OneDrive/Documentos/Project_0/Stm32/pro_consu_cod/Inc" -O0 -ffunction-sections -fdata-sections -Wall -fstack-usage -fcyclomatic-complexity -MMD -MP -MF"Drivers/STM32F1xx_HAL_Driver/Src/stm32f1xx_ll_tim.d" -MT"Drivers/STM32F1xx_HAL_Driver/Src/stm32f1xx_ll_tim.o" --specs=nano.specs -mfloat-abi=soft -mthumb -o "Drivers/STM32F1xx_HAL_Driver/Src/stm32f1xx_ll_tim.o"
arm-none-eabi-gcc "../Drivers/STM32F1xx_HAL_Driver/Src/stm32f1xx_ll_usart.c" -mcpu=cortex-m3 -std=gnu11 -g3 -DDEBUG -DSTM32 -DSTM32F1 -DSTM32F103C8Tx -c -I"C:/Users/Elison Maiko/OneDrive/Documentos/Project_0/Stm32/pro_consu_cod/Drivers/STM32F1xx_HAL_Driver/Inc" -I"C:/Users/Elison Maiko/OneDrive/Documentos/Project_0/Stm32/pro_consu_cod/Drivers/CMSIS/Device/ST/STM32F1xx/Include" -I"C:/Users/Elison Maiko/OneDrive/Documentos/Project_0/Stm32/pro_consu_cod/Drivers/CMSIS/Include" -I"C:/Users/Elison Maiko/OneDrive/Documentos/Project_0/Stm32/pro_consu_cod/Inc" -O0 -ffunction-sections -fdata-sections -Wall -fstack-usage -fcyclomatic-complexity -MMD -MP -MF"Drivers/STM32F1xx_HAL_Driver/Src/stm32f1xx_ll_usart.d" -MT"Drivers/STM32F1xx_HAL_Driver/Src/stm32f1xx_ll_usart.o" --specs=nano.specs -mfloat-abi=soft -mthumb -o "Drivers/STM32F1xx_HAL_Driver/Src/stm32f1xx_ll_usart.o"
arm-none-eabi-gcc "../Drivers/STM32F1xx_HAL_Driver/Src/stm32f1xx_ll_usb.c" -mcpu=cortex-m3 -std=gnu11 -g3 -DDEBUG -DSTM32 -DSTM32F1 -DSTM32F103C8Tx -c -I"C:/Users/Elison Maiko/OneDrive/Documentos/Project_0/Stm32/pro_consu_cod/Drivers/STM32F1xx_HAL_Driver/Inc" -I"C:/Users/Elison Maiko/OneDrive/Documentos/Project_0/Stm32/pro_consu_cod/Drivers/CMSIS/Device/ST/STM32F1xx/Include" -I"C:/Users/Elison Maiko/OneDrive/Documentos/Project_0/Stm32/pro_consu_cod/Drivers/CMSIS/Include" -I"C:/Users/Elison Maiko/OneDrive/Documentos/Project_0/Stm32/pro_consu_cod/Inc" -O0 -ffunction-sections -fdata-sections -Wall -fstack-usage -fcyclomatic-complexity -MMD -MP -MF"Drivers/STM32F1xx_HAL_Driver/Src/stm32f1xx_ll_usb.d" -MT"Drivers/STM32F1xx_HAL_Driver/Src/stm32f1xx_ll_usb.o" --specs=nano.specs -mfloat-abi=soft -mthumb -o "Drivers/STM32F1xx_HAL_Driver/Src/stm32f1xx_ll_usb.o"
arm-none-eabi-gcc "../Drivers/STM32F1xx_HAL_Driver/Src/stm32f1xx_ll_utils.c" -mcpu=cortex-m3 -std=gnu11 -g3 -DDEBUG -DSTM32 -DSTM32F1 -DSTM32F103C8Tx -c -I"C:/Users/Elison Maiko/OneDrive/Documentos/Project_0/Stm32/pro_consu_cod/Drivers/STM32F1xx_HAL_Driver/Inc" -I"C:/Users/Elison Maiko/OneDrive/Documentos/Project_0/Stm32/pro_consu_cod/Drivers/CMSIS/Device/ST/STM32F1xx/Include" -I"C:/Users/Elison Maiko/OneDrive/Documentos/Project_0/Stm32/pro_consu_cod/Drivers/CMSIS/Include" -I"C:/Users/Elison Maiko/OneDrive/Documentos/Project_0/Stm32/pro_consu_cod/Inc" -O0 -ffunction-sections -fdata-sections -Wall -fstack-usage -fcyclomatic-complexity -MMD -MP -MF"Drivers/STM32F1xx_HAL_Driver/Src/stm32f1xx_ll_utils.d" -MT"Drivers/STM32F1xx_HAL_Driver/Src/stm32f1xx_ll_utils.o" --specs=nano.specs -mfloat-abi=soft -mthumb -o "Drivers/STM32F1xx_HAL_Driver/Src/stm32f1xx_ll_utils.o"
arm-none-eabi-g++ -o "str-miros-stm32f103.elf" @"objects.list"   -mcpu=cortex-m3 -T"C:\Users\Elison Maiko\OneDrive\Documentos\Project_0\Stm32\pro_consu_cod\STM32F103C8TX_FLASH.ld" --specs=nosys.specs -Wl,-Map="str-miros-stm32f103.map" -Wl,--gc-sections -static --specs=nano.specs -mfloat-abi=soft -mthumb -Wl,--start-group -lc -lm -lstdc++ -lsupc++ -Wl,--end-group
C:/ST/STM32CubeIDE_1.16.0/STM32CubeIDE/plugins/com.st.stm32cube.ide.mcu.externaltools.gnu-tools-for-stm32.12.3.rel1.win32_1.0.200.202406191623/tools/bin/../lib/gcc/arm-none-eabi/12.3.1/../../../../arm-none-eabi/bin/ld.exe: warning: str-miros-stm32f103.elf has a LOAD segment with RWX permissions
Finished building target: str-miros-stm32f103.elf
 
arm-none-eabi-size  str-miros-stm32f103.elf 
arm-none-eabi-objdump -h -S str-miros-stm32f103.elf  > "str-miros-stm32f103.list"
   text	   data	    bss	    dec	    hex	filename
   2480	     16	   1736	   4232	   1088	str-miros-stm32f103.elf
arm-none-eabi-objcopy  -O binary str-miros-stm32f103.elf  "str-miros-stm32f103.bin"
Finished building: default.size.stdout
Finished building: str-miros-stm32f103.list
 
Finished building: str-miros-stm32f103.bin
 
 

22:01:36 Build Finished. 0 errors, 1 warnings. (took 49s.231ms)

